******************************************************************************
                  MSP430 Linker PC v4.2.1                      
******************************************************************************
>> Linked Thu Jan 22 11:47:38 2015

OUTPUT FILE NAME:   <DataTypes.out>
ENTRY POINT SYMBOL: "_c_int00"  address: 0000e79c


MEMORY CONFIGURATION

         name            origin    length      used     unused   attr    fill
----------------------  --------  ---------  --------  --------  ----  --------
  SFR                   00000000   00000010  00000000  00000010  RWIX
  PERIPHERALS_8BIT      00000010   000000f0  00000000  000000f0  RWIX
  PERIPHERALS_16BIT     00000100   00000100  00000000  00000100  RWIX
  RAM                   00000200   00000200  000000bc  00000144  RWIX
  INFOD                 00001000   00000040  00000000  00000040  RWIX
  INFOC                 00001040   00000040  00000000  00000040  RWIX
  INFOB                 00001080   00000040  00000000  00000040  RWIX
  INFOA                 000010c0   00000040  00000000  00000040  RWIX
  FLASH                 0000c000   00003fe0  00002dcc  00001214  RWIX
  INT00                 0000ffe0   00000002  00000000  00000002  RWIX
  INT01                 0000ffe2   00000002  00000000  00000002  RWIX
  INT02                 0000ffe4   00000002  00000002  00000000  RWIX
  INT03                 0000ffe6   00000002  00000002  00000000  RWIX
  INT04                 0000ffe8   00000002  00000000  00000002  RWIX
  INT05                 0000ffea   00000002  00000002  00000000  RWIX
  INT06                 0000ffec   00000002  00000002  00000000  RWIX
  INT07                 0000ffee   00000002  00000002  00000000  RWIX
  INT08                 0000fff0   00000002  00000002  00000000  RWIX
  INT09                 0000fff2   00000002  00000002  00000000  RWIX
  INT10                 0000fff4   00000002  00000002  00000000  RWIX
  INT11                 0000fff6   00000002  00000002  00000000  RWIX
  INT12                 0000fff8   00000002  00000002  00000000  RWIX
  INT13                 0000fffa   00000002  00000002  00000000  RWIX
  INT14                 0000fffc   00000002  00000002  00000000  RWIX
  RESET                 0000fffe   00000002  00000002  00000000  RWIX


SECTION ALLOCATION MAP

 output                                  attributes/
section   page    origin      length       input sections
--------  ----  ----------  ----------   ----------------
.pinit     0    0000c000    00000000     UNINITIALIZED

.bss       0    00000200    0000006c     UNINITIALIZED
                  00000200    0000005c     lab01Lib.obj (.bss)
                  0000025c    00000008     lab01.obj (.bss)
                  00000264    00000004     rts430.lib : _lock.obj (.bss)
                  00000268    00000004                : boot.obj (.bss)

.data      0    00000200    00000000     UNINITIALIZED

.stack     0    000003b0    00000050     UNINITIALIZED
                  000003b0    00000002     rts430.lib : boot.obj (.stack)
                  000003b2    0000004e     --HOLE--

.text      0    0000c000    00002956     
                  0000c000    0000081e     lab01.obj (.text:main)
                  0000c81e    000003b2     rts430.lib : llmath.obj (.text:__divull)
                  0000cbd0    00000212                : _printfi.obj (.text:_setfield)
                  0000cde2    000001de                : _printfi.obj (.text:__TI_printfi)
                  0000cfc0    000001a6                : _printfi.obj (.text:_pproc_fge)
                  0000d166    00000172                : _printfi.obj (.text:ecvt)
                  0000d2d8    0000016a                : _printfi.obj (.text:fcvt)
                  0000d442    00000168                : _printfi.obj (.text:_getarg_diouxp)
                  0000d5aa    00000154                : _printfi.obj (.text:_pconv_e)
                  0000d6fe    0000013e                : _printfi.obj (.text:_pproc_diouxp)
                  0000d83c    00000130                : fs_add.obj (.text)
                  0000d96c    00000114                : mult64.obj (.text:__mpyll)
                  0000da80    00000106                : _printfi.obj (.text:_ltostr)
                  0000db86    000000fe                : _printfi.obj (.text:_pproc_fwp)
                  0000dc84    000000fc                : _printfi.obj (.text:_pconv_g)
                  0000dd80    000000c2                : fs_mpy.obj (.text)
                  0000de42    000000ac                : _printfi.obj (.text:_pproc_str)
                  0000deee    000000a4     lab01Lib.obj (.text:lab01_init)
                  0000df92    0000009a     rts430.lib : fs_div.obj (.text)
                  0000e02c    00000090                : _printfi.obj (.text:_mcpy)
                  0000e0bc    0000008a                : _printfi.obj (.text:_div)
                  0000e146    00000086                : _printfi.obj (.text:_ecpy)
                  0000e1cc    00000084                : ltoa.obj (.text:ltoa)
                  0000e250    0000007e                : fs_tol.obj (.text)
                  0000e2ce    00000074                : _printfi.obj (.text:_pconv_f)
                  0000e342    0000005c                : lsr32.obj (.text:l_lsr_const)
                  0000e39e    00000058                : div32u.obj (.text)
                  0000e3f6    00000054                : atoi.obj (.text:atoi)
                  0000e44a    0000004e                : _printfi.obj (.text:_fcpy)
                  0000e498    0000004a                : llmath.obj (.text:__lsrll)
                  0000e4e2    0000004a                : fs_cmp.obj (.text)
                  0000e52c    0000004a                : fs_ltof.obj (.text)
                  0000e576    00000048                : llmath.obj (.text:__lslll)
                  0000e5be    00000048                : autoinit.obj (.text:_auto_init)
                  0000e606    00000046                : fs_tou.obj (.text)
                  0000e64c    00000044                : _printfi.obj (.text:_pproc_fflags)
                  0000e690    00000040                : div32s.obj (.text)
                  0000e6d0    0000003c                : xfdtest.obj (.text:_FDtest)
                  0000e70c    00000038                : sprintf.obj (.text:sprintf)
                  0000e744    0000002c                : asr16.obj (.text)
                  0000e770    0000002c                : lsl16.obj (.text)
                  0000e79c    00000026                : boot.obj (.text:_c_int00_noexit)
                  0000e7c2    00000026                : mult32.obj (.text)
                  0000e7e8    00000022                : mult1632.obj (.text:__mpyul)
                  0000e80a    0000001c                : memccpy.obj (.text:memccpy)
                  0000e826    0000001a     lab01Lib.obj (.text:WDT_ISR)
                  0000e840    0000001a     rts430.lib : sprintf.obj (.text:_outs)
                  0000e85a    00000016                : div16u.obj (.text)
                  0000e870    00000014                : xfdclass.obj (.text:_FDclass)
                  0000e884    00000014                : memset.obj (.text:memset)
                  0000e898    00000014                : mult16.obj (.text)
                  0000e8ac    00000012                : sprintf.obj (.text:_outc)
                  0000e8be    00000012                : lsr32.obj (.text:l_lsr)
                  0000e8d0    00000012                : memcpy.obj (.text:memcpy)
                  0000e8e2    00000012     lab01Lib.obj (.text:print)
                  0000e8f4    00000010     rts430.lib : epilog.obj (.text)
                  0000e904    0000000e                : strlen.obj (.text:strlen)
                  0000e912    0000000c     lab01Lib.obj (.text:putchar)
                  0000e91e    0000000c     rts430.lib : toupper.obj (.text:toupper)
                  0000e92a    0000000a                : abs.obj (.text:abs)
                  0000e934    0000000a                : fs_neg.obj (.text)
                  0000e93e    00000008     lab01Lib.obj (.text:ADC10_ISR)
                  0000e946    00000006     rts430.lib : isr_trap.obj (.text:__TI_ISR_TRAP)
                  0000e94c    00000004                : pre_init.obj (.text:_system_pre_init)
                  0000e950    00000004                : exit.obj (.text:abort)
                  0000e954    00000002                : _lock.obj (.text:_nop)

.const     0    0000e956    0000044e     
                  0000e956    00000312     lab01.obj (.const:.string)
                  0000ec68    00000102     rts430.lib : ctype.obj (.const:.string:_ctypes_)
                  0000ed6a    00000024                : _printfi.obj (.const:.string)
                  0000ed8e    00000016     lab01Lib.obj (.const:.string)

.cinit     0    0000eda4    00000028     
                  0000eda4    00000015     lab01Lib.obj (.cinit)
                  0000edb9    00000001     --HOLE-- [fill = 0]
                  0000edba    00000010     lab01.obj (.cinit)
                  0000edca    00000002     --HOLE-- [fill = 0]

PORT1      0    0000ffe4    00000002     
                  0000ffe4    00000002     rts430.lib : int02.obj (.int02)

PORT2      0    0000ffe6    00000002     
                  0000ffe6    00000002     rts430.lib : int03.obj (.int03)

ADC10      0    0000ffea    00000002     
                  0000ffea    00000002     lab01Lib.obj (.int05)

USCIAB0TX 
*          0    0000ffec    00000002     
                  0000ffec    00000002     rts430.lib : int06.obj (.int06)

USCIAB0RX 
*          0    0000ffee    00000002     
                  0000ffee    00000002     rts430.lib : int07.obj (.int07)

TIMER0_A1 
*          0    0000fff0    00000002     
                  0000fff0    00000002     rts430.lib : int08.obj (.int08)

TIMER0_A0 
*          0    0000fff2    00000002     
                  0000fff2    00000002     rts430.lib : int09.obj (.int09)

WDT        0    0000fff4    00000002     
                  0000fff4    00000002     lab01Lib.obj (.int10)

COMPARATORA 
*          0    0000fff6    00000002     
                  0000fff6    00000002     rts430.lib : int11.obj (.int11)

TIMER1_A1 
*          0    0000fff8    00000002     
                  0000fff8    00000002     rts430.lib : int12.obj (.int12)

TIMER1_A0 
*          0    0000fffa    00000002     
                  0000fffa    00000002     rts430.lib : int13.obj (.int13)

NMI        0    0000fffc    00000002     
                  0000fffc    00000002     rts430.lib : int14.obj (.int14)

.reset     0    0000fffe    00000002     
                  0000fffe    00000002     rts430.lib : boot.obj (.reset)


GLOBAL SYMBOLS: SORTED ALPHABETICALLY BY Name 

address    name
--------   ----
00000200   .bss
00000200   .data
0000c000   .text
0000004a   ADC10AE0
000001b0   ADC10CTL0
000001b2   ADC10CTL1
00000048   ADC10DTC0
00000049   ADC10DTC1
000001b4   ADC10MEM
000001bc   ADC10SA
0000e93e   ADC10_ISR
00000057   BCSCTL1
00000058   BCSCTL2
00000053   BCSCTL3
00000260   BPS
0000e950   C$$EXIT
00000059   CACTL1
0000005a   CACTL2
000010fb   CALBC1_12MHZ
000010f9   CALBC1_16MHZ
000010ff   CALBC1_1MHZ
000010fd   CALBC1_8MHZ
000010fa   CALDCO_12MHZ
000010f8   CALDCO_16MHZ
000010fe   CALDCO_1MHZ
000010fc   CALDCO_8MHZ
0000005b   CAPD
00000056   DCOCTL
00000128   FCTL1
0000012a   FCTL2
0000012c   FCTL3
00000000   IE1
00000001   IE2
00000002   IFG1
00000003   IFG2
0000e744   I_ASR
0000e76c   I_ASR_1
0000e75a   I_ASR_10
0000e758   I_ASR_11
0000e756   I_ASR_12
0000e754   I_ASR_13
0000e752   I_ASR_14
0000e750   I_ASR_15
0000e76a   I_ASR_2
0000e768   I_ASR_3
0000e766   I_ASR_4
0000e764   I_ASR_5
0000e762   I_ASR_6
0000e760   I_ASR_7
0000e75e   I_ASR_8
0000e75c   I_ASR_9
0000e770   I_LSL
0000e798   I_LSL_1
0000e786   I_LSL_10
0000e784   I_LSL_11
0000e782   I_LSL_12
0000e780   I_LSL_13
0000e77e   I_LSL_14
0000e77c   I_LSL_15
0000e796   I_LSL_2
0000e794   I_LSL_3
0000e792   I_LSL_4
0000e790   I_LSL_5
0000e78e   I_LSL_6
0000e78c   I_LSL_7
0000e78a   I_LSL_8
0000e788   I_LSL_9
0000e8be   L_LSR
0000e396   L_LSR_1
0000e360   L_LSR_10
0000e35a   L_LSR_11
0000e354   L_LSR_12
0000e34e   L_LSR_13
0000e348   L_LSR_14
0000e342   L_LSR_15
0000e390   L_LSR_2
0000e38a   L_LSR_3
0000e384   L_LSR_4
0000e37e   L_LSR_5
0000e378   L_LSR_6
0000e372   L_LSR_7
0000e36c   L_LSR_8
0000e366   L_LSR_9
0000025c   MCLK_HZ
00000022   P1DIR
00000025   P1IE
00000024   P1IES
00000023   P1IFG
00000020   P1IN
00000021   P1OUT
00000027   P1REN
00000026   P1SEL
00000041   P1SEL2
0000002a   P2DIR
0000002d   P2IE
0000002c   P2IES
0000002b   P2IFG
00000028   P2IN
00000029   P2OUT
0000002f   P2REN
0000002e   P2SEL
00000042   P2SEL2
0000001a   P3DIR
00000018   P3IN
00000019   P3OUT
00000010   P3REN
0000001b   P3SEL
00000043   P3SEL2
00000172   TA0CCR0
00000174   TA0CCR1
00000176   TA0CCR2
00000162   TA0CCTL0
00000164   TA0CCTL1
00000166   TA0CCTL2
00000160   TA0CTL
0000012e   TA0IV
00000170   TA0R
00000192   TA1CCR0
00000194   TA1CCR1
00000196   TA1CCR2
00000182   TA1CCTL0
00000184   TA1CCTL1
00000186   TA1CCTL2
00000180   TA1CTL
0000011e   TA1IV
00000190   TA1R
0000005d   UCA0ABCTL
00000062   UCA0BR0
00000063   UCA0BR1
00000060   UCA0CTL0
00000061   UCA0CTL1
0000005f   UCA0IRRCTL
0000005e   UCA0IRTCTL
00000064   UCA0MCTL
00000066   UCA0RXBUF
00000065   UCA0STAT
00000067   UCA0TXBUF
0000006a   UCB0BR0
0000006b   UCB0BR1
00000068   UCB0CTL0
00000069   UCB0CTL1
0000006c   UCB0I2CIE
00000118   UCB0I2COA
0000011a   UCB0I2CSA
0000006e   UCB0RXBUF
0000006d   UCB0STAT
0000006f   UCB0TXBUF
00000120   WDTCTL
0000e826   WDT_ISR
00000200   WDT_Sec_Cnt
0000e870   _FDclass
0000e6d0   _FDtest
00000400   __STACK_END
00000050   __STACK_SIZE
0000e946   __TI_ISR_TRAP
00000001   __TI_args_main
00000001   __TI_auto_init
00000268   __TI_cleanup_ptr
0000026a   __TI_dtors_ptr
00000001   __TI_exit
0000ffe4   __TI_int02
0000ffe6   __TI_int03
0000ffea   __TI_int05
0000ffec   __TI_int06
0000ffee   __TI_int07
0000fff0   __TI_int08
0000fff2   __TI_int09
0000fff4   __TI_int10
0000fff6   __TI_int11
0000fff8   __TI_int12
0000fffa   __TI_int13
0000fffc   __TI_int14
0000cde2   __TI_printfi
ffffffff   __binit__
00000200   __bss__
ffffffff   __c_args__
0000eda4   __cinit__
00000200   __data__
0000e690   __divli
0000e85a   __divu
0000e39e   __divul
0000c81e   __divull
00000200   __edata__
0000026c   __end__
0000e956   __etext__
0000d842   __fs_add
0000e4e2   __fs_cmp
0000df92   __fs_div
0000e52c   __fs_ltof
0000dd80   __fs_mpy
0000e934   __fs_neg
0000d83c   __fs_sub
0000e250   __fs_tol
0000e606   __fs_tou
0000e576   __lslll
0000e498   __lsrll
0000e898   __mpyi
0000e7c2   __mpyl
0000d96c   __mpyll
0000e7e8   __mpyul
ffffffff   __pinit__
0000e690   __remli
0000e85a   __remu
0000e39e   __remul
0000c000   __text__
0000e5be   _auto_init
0000e79c   _c_int00
0000e79c   _c_int00_noexit
0000ec68   _ctypes_
00000264   _lock
0000e954   _nop
0000fffe   _reset_vector
000003b0   _stack
0000e94c   _system_pre_init
00000266   _unlock
0000e950   abort
0000e92a   abs
0000e3f6   atoi
00000204   baud_rate_20_bits
ffffffff   binit
0000020a   buffer
0000eda4   cinit
00000208   count
00000200   edata
0000026c   end
0000e956   etext
0000e900   func_epilog_1
0000e8fe   func_epilog_2
0000e8fc   func_epilog_3
0000e8fa   func_epilog_4
0000e8f8   func_epilog_5
0000e8f6   func_epilog_6
0000e8f4   func_epilog_7
0000deee   lab01_init
0000e1cc   ltoa
0000c000   main
0000e80a   memccpy
0000e8d0   memcpy
0000e884   memset
ffffffff   pinit
0000e8e2   print
0000e912   putchar
0000e70c   sprintf
0000e904   strlen
00000202   tics
0000e91e   toupper


GLOBAL SYMBOLS: SORTED BY Symbol Address 

address    name
--------   ----
00000000   IE1
00000001   IE2
00000001   __TI_args_main
00000001   __TI_auto_init
00000001   __TI_exit
00000002   IFG1
00000003   IFG2
00000010   P3REN
00000018   P3IN
00000019   P3OUT
0000001a   P3DIR
0000001b   P3SEL
00000020   P1IN
00000021   P1OUT
00000022   P1DIR
00000023   P1IFG
00000024   P1IES
00000025   P1IE
00000026   P1SEL
00000027   P1REN
00000028   P2IN
00000029   P2OUT
0000002a   P2DIR
0000002b   P2IFG
0000002c   P2IES
0000002d   P2IE
0000002e   P2SEL
0000002f   P2REN
00000041   P1SEL2
00000042   P2SEL2
00000043   P3SEL2
00000048   ADC10DTC0
00000049   ADC10DTC1
0000004a   ADC10AE0
00000050   __STACK_SIZE
00000053   BCSCTL3
00000056   DCOCTL
00000057   BCSCTL1
00000058   BCSCTL2
00000059   CACTL1
0000005a   CACTL2
0000005b   CAPD
0000005d   UCA0ABCTL
0000005e   UCA0IRTCTL
0000005f   UCA0IRRCTL
00000060   UCA0CTL0
00000061   UCA0CTL1
00000062   UCA0BR0
00000063   UCA0BR1
00000064   UCA0MCTL
00000065   UCA0STAT
00000066   UCA0RXBUF
00000067   UCA0TXBUF
00000068   UCB0CTL0
00000069   UCB0CTL1
0000006a   UCB0BR0
0000006b   UCB0BR1
0000006c   UCB0I2CIE
0000006d   UCB0STAT
0000006e   UCB0RXBUF
0000006f   UCB0TXBUF
00000118   UCB0I2COA
0000011a   UCB0I2CSA
0000011e   TA1IV
00000120   WDTCTL
00000128   FCTL1
0000012a   FCTL2
0000012c   FCTL3
0000012e   TA0IV
00000160   TA0CTL
00000162   TA0CCTL0
00000164   TA0CCTL1
00000166   TA0CCTL2
00000170   TA0R
00000172   TA0CCR0
00000174   TA0CCR1
00000176   TA0CCR2
00000180   TA1CTL
00000182   TA1CCTL0
00000184   TA1CCTL1
00000186   TA1CCTL2
00000190   TA1R
00000192   TA1CCR0
00000194   TA1CCR1
00000196   TA1CCR2
000001b0   ADC10CTL0
000001b2   ADC10CTL1
000001b4   ADC10MEM
000001bc   ADC10SA
00000200   .bss
00000200   .data
00000200   WDT_Sec_Cnt
00000200   __bss__
00000200   __data__
00000200   __edata__
00000200   edata
00000202   tics
00000204   baud_rate_20_bits
00000208   count
0000020a   buffer
0000025c   MCLK_HZ
00000260   BPS
00000264   _lock
00000266   _unlock
00000268   __TI_cleanup_ptr
0000026a   __TI_dtors_ptr
0000026c   __end__
0000026c   end
000003b0   _stack
00000400   __STACK_END
000010f8   CALDCO_16MHZ
000010f9   CALBC1_16MHZ
000010fa   CALDCO_12MHZ
000010fb   CALBC1_12MHZ
000010fc   CALDCO_8MHZ
000010fd   CALBC1_8MHZ
000010fe   CALDCO_1MHZ
000010ff   CALBC1_1MHZ
0000c000   .text
0000c000   __text__
0000c000   main
0000c81e   __divull
0000cde2   __TI_printfi
0000d83c   __fs_sub
0000d842   __fs_add
0000d96c   __mpyll
0000dd80   __fs_mpy
0000deee   lab01_init
0000df92   __fs_div
0000e1cc   ltoa
0000e250   __fs_tol
0000e342   L_LSR_15
0000e348   L_LSR_14
0000e34e   L_LSR_13
0000e354   L_LSR_12
0000e35a   L_LSR_11
0000e360   L_LSR_10
0000e366   L_LSR_9
0000e36c   L_LSR_8
0000e372   L_LSR_7
0000e378   L_LSR_6
0000e37e   L_LSR_5
0000e384   L_LSR_4
0000e38a   L_LSR_3
0000e390   L_LSR_2
0000e396   L_LSR_1
0000e39e   __divul
0000e39e   __remul
0000e3f6   atoi
0000e498   __lsrll
0000e4e2   __fs_cmp
0000e52c   __fs_ltof
0000e576   __lslll
0000e5be   _auto_init
0000e606   __fs_tou
0000e690   __divli
0000e690   __remli
0000e6d0   _FDtest
0000e70c   sprintf
0000e744   I_ASR
0000e750   I_ASR_15
0000e752   I_ASR_14
0000e754   I_ASR_13
0000e756   I_ASR_12
0000e758   I_ASR_11
0000e75a   I_ASR_10
0000e75c   I_ASR_9
0000e75e   I_ASR_8
0000e760   I_ASR_7
0000e762   I_ASR_6
0000e764   I_ASR_5
0000e766   I_ASR_4
0000e768   I_ASR_3
0000e76a   I_ASR_2
0000e76c   I_ASR_1
0000e770   I_LSL
0000e77c   I_LSL_15
0000e77e   I_LSL_14
0000e780   I_LSL_13
0000e782   I_LSL_12
0000e784   I_LSL_11
0000e786   I_LSL_10
0000e788   I_LSL_9
0000e78a   I_LSL_8
0000e78c   I_LSL_7
0000e78e   I_LSL_6
0000e790   I_LSL_5
0000e792   I_LSL_4
0000e794   I_LSL_3
0000e796   I_LSL_2
0000e798   I_LSL_1
0000e79c   _c_int00
0000e79c   _c_int00_noexit
0000e7c2   __mpyl
0000e7e8   __mpyul
0000e80a   memccpy
0000e826   WDT_ISR
0000e85a   __divu
0000e85a   __remu
0000e870   _FDclass
0000e884   memset
0000e898   __mpyi
0000e8be   L_LSR
0000e8d0   memcpy
0000e8e2   print
0000e8f4   func_epilog_7
0000e8f6   func_epilog_6
0000e8f8   func_epilog_5
0000e8fa   func_epilog_4
0000e8fc   func_epilog_3
0000e8fe   func_epilog_2
0000e900   func_epilog_1
0000e904   strlen
0000e912   putchar
0000e91e   toupper
0000e92a   abs
0000e934   __fs_neg
0000e93e   ADC10_ISR
0000e946   __TI_ISR_TRAP
0000e94c   _system_pre_init
0000e950   C$$EXIT
0000e950   abort
0000e954   _nop
0000e956   __etext__
0000e956   etext
0000ec68   _ctypes_
0000eda4   __cinit__
0000eda4   cinit
0000ffe4   __TI_int02
0000ffe6   __TI_int03
0000ffea   __TI_int05
0000ffec   __TI_int06
0000ffee   __TI_int07
0000fff0   __TI_int08
0000fff2   __TI_int09
0000fff4   __TI_int10
0000fff6   __TI_int11
0000fff8   __TI_int12
0000fffa   __TI_int13
0000fffc   __TI_int14
0000fffe   _reset_vector
ffffffff   __binit__
ffffffff   __c_args__
ffffffff   __pinit__
ffffffff   binit
ffffffff   pinit

[246 symbols]
