<?xml version="1.0"?>
<link_info>
   <banner>MSP430 Linker PC v4.2.1</banner>
   <copyright>Copyright (c) 2003-2013 Texas Instruments Incorporated</copyright>
   <link_time>0x54c145ca</link_time>
   <link_errors>0x0</link_errors>
   <output_file>DataTypes.out</output_file>
   <entry_point>
      <name>_c_int00</name>
      <address>0xe79c</address>
   </entry_point>
   <input_file_list>
      <input_file id="fl-2">
         <path>.\</path>
         <kind>object</kind>
         <file>lab01Lib.obj</file>
         <name>lab01Lib.obj</name>
      </input_file>
      <input_file id="fl-3">
         <path>.\</path>
         <kind>object</kind>
         <file>lab01.obj</file>
         <name>lab01.obj</name>
      </input_file>
      <input_file id="fl-1d">
         <path>C:\ti\ccsv5\tools\compiler\msp430_4.2.1\lib\</path>
         <kind>archive</kind>
         <file>rts430.lib</file>
         <name>asr16.obj</name>
      </input_file>
      <input_file id="fl-1e">
         <path>C:\ti\ccsv5\tools\compiler\msp430_4.2.1\lib\</path>
         <kind>archive</kind>
         <file>rts430.lib</file>
         <name>boot.obj</name>
      </input_file>
      <input_file id="fl-1f">
         <path>C:\ti\ccsv5\tools\compiler\msp430_4.2.1\lib\</path>
         <kind>archive</kind>
         <file>rts430.lib</file>
         <name>copy_decompress_none.obj</name>
      </input_file>
      <input_file id="fl-20">
         <path>C:\ti\ccsv5\tools\compiler\msp430_4.2.1\lib\</path>
         <kind>archive</kind>
         <file>rts430.lib</file>
         <name>copy_decompress_rle.obj</name>
      </input_file>
      <input_file id="fl-21">
         <path>C:\ti\ccsv5\tools\compiler\msp430_4.2.1\lib\</path>
         <kind>archive</kind>
         <file>rts430.lib</file>
         <name>copy_zero_init.obj</name>
      </input_file>
      <input_file id="fl-22">
         <path>C:\ti\ccsv5\tools\compiler\msp430_4.2.1\lib\</path>
         <kind>archive</kind>
         <file>rts430.lib</file>
         <name>div32u.obj</name>
      </input_file>
      <input_file id="fl-23">
         <path>C:\ti\ccsv5\tools\compiler\msp430_4.2.1\lib\</path>
         <kind>archive</kind>
         <file>rts430.lib</file>
         <name>epilog.obj</name>
      </input_file>
      <input_file id="fl-24">
         <path>C:\ti\ccsv5\tools\compiler\msp430_4.2.1\lib\</path>
         <kind>archive</kind>
         <file>rts430.lib</file>
         <name>exit.obj</name>
      </input_file>
      <input_file id="fl-25">
         <path>C:\ti\ccsv5\tools\compiler\msp430_4.2.1\lib\</path>
         <kind>archive</kind>
         <file>rts430.lib</file>
         <name>fs_add.obj</name>
      </input_file>
      <input_file id="fl-26">
         <path>C:\ti\ccsv5\tools\compiler\msp430_4.2.1\lib\</path>
         <kind>archive</kind>
         <file>rts430.lib</file>
         <name>fs_ltof.obj</name>
      </input_file>
      <input_file id="fl-27">
         <path>C:\ti\ccsv5\tools\compiler\msp430_4.2.1\lib\</path>
         <kind>archive</kind>
         <file>rts430.lib</file>
         <name>fs_mpy.obj</name>
      </input_file>
      <input_file id="fl-28">
         <path>C:\ti\ccsv5\tools\compiler\msp430_4.2.1\lib\</path>
         <kind>archive</kind>
         <file>rts430.lib</file>
         <name>int02.obj</name>
      </input_file>
      <input_file id="fl-29">
         <path>C:\ti\ccsv5\tools\compiler\msp430_4.2.1\lib\</path>
         <kind>archive</kind>
         <file>rts430.lib</file>
         <name>int03.obj</name>
      </input_file>
      <input_file id="fl-2a">
         <path>C:\ti\ccsv5\tools\compiler\msp430_4.2.1\lib\</path>
         <kind>archive</kind>
         <file>rts430.lib</file>
         <name>int06.obj</name>
      </input_file>
      <input_file id="fl-2b">
         <path>C:\ti\ccsv5\tools\compiler\msp430_4.2.1\lib\</path>
         <kind>archive</kind>
         <file>rts430.lib</file>
         <name>int07.obj</name>
      </input_file>
      <input_file id="fl-2c">
         <path>C:\ti\ccsv5\tools\compiler\msp430_4.2.1\lib\</path>
         <kind>archive</kind>
         <file>rts430.lib</file>
         <name>int08.obj</name>
      </input_file>
      <input_file id="fl-2d">
         <path>C:\ti\ccsv5\tools\compiler\msp430_4.2.1\lib\</path>
         <kind>archive</kind>
         <file>rts430.lib</file>
         <name>int09.obj</name>
      </input_file>
      <input_file id="fl-2e">
         <path>C:\ti\ccsv5\tools\compiler\msp430_4.2.1\lib\</path>
         <kind>archive</kind>
         <file>rts430.lib</file>
         <name>int11.obj</name>
      </input_file>
      <input_file id="fl-2f">
         <path>C:\ti\ccsv5\tools\compiler\msp430_4.2.1\lib\</path>
         <kind>archive</kind>
         <file>rts430.lib</file>
         <name>int12.obj</name>
      </input_file>
      <input_file id="fl-30">
         <path>C:\ti\ccsv5\tools\compiler\msp430_4.2.1\lib\</path>
         <kind>archive</kind>
         <file>rts430.lib</file>
         <name>int13.obj</name>
      </input_file>
      <input_file id="fl-31">
         <path>C:\ti\ccsv5\tools\compiler\msp430_4.2.1\lib\</path>
         <kind>archive</kind>
         <file>rts430.lib</file>
         <name>int14.obj</name>
      </input_file>
      <input_file id="fl-32">
         <path>C:\ti\ccsv5\tools\compiler\msp430_4.2.1\lib\</path>
         <kind>archive</kind>
         <file>rts430.lib</file>
         <name>isr_trap.obj</name>
      </input_file>
      <input_file id="fl-33">
         <path>C:\ti\ccsv5\tools\compiler\msp430_4.2.1\lib\</path>
         <kind>archive</kind>
         <file>rts430.lib</file>
         <name>lsl16.obj</name>
      </input_file>
      <input_file id="fl-34">
         <path>C:\ti\ccsv5\tools\compiler\msp430_4.2.1\lib\</path>
         <kind>archive</kind>
         <file>rts430.lib</file>
         <name>lsr32.obj</name>
      </input_file>
      <input_file id="fl-35">
         <path>C:\ti\ccsv5\tools\compiler\msp430_4.2.1\lib\</path>
         <kind>archive</kind>
         <file>rts430.lib</file>
         <name>memcpy.obj</name>
      </input_file>
      <input_file id="fl-36">
         <path>C:\ti\ccsv5\tools\compiler\msp430_4.2.1\lib\</path>
         <kind>archive</kind>
         <file>rts430.lib</file>
         <name>pre_init.obj</name>
      </input_file>
      <input_file id="fl-37">
         <path>C:\ti\ccsv5\tools\compiler\msp430_4.2.1\lib\</path>
         <kind>archive</kind>
         <file>rts430.lib</file>
         <name>sprintf.obj</name>
      </input_file>
      <input_file id="fl-38">
         <path>C:\ti\ccsv5\tools\compiler\msp430_4.2.1\lib\</path>
         <kind>archive</kind>
         <file>rts430.lib</file>
         <name>_lock.obj</name>
      </input_file>
      <input_file id="fl-39">
         <path>C:\ti\ccsv5\tools\compiler\msp430_4.2.1\lib\</path>
         <kind>archive</kind>
         <file>rts430.lib</file>
         <name>_printfi.obj</name>
      </input_file>
      <input_file id="fl-3a">
         <path>C:\ti\ccsv5\tools\compiler\msp430_4.2.1\lib\</path>
         <kind>archive</kind>
         <file>rts430.lib</file>
         <name>args_main.obj</name>
      </input_file>
      <input_file id="fl-3b">
         <path>C:\ti\ccsv5\tools\compiler\msp430_4.2.1\lib\</path>
         <kind>archive</kind>
         <file>rts430.lib</file>
         <name>atoi.obj</name>
      </input_file>
      <input_file id="fl-3c">
         <path>C:\ti\ccsv5\tools\compiler\msp430_4.2.1\lib\</path>
         <kind>archive</kind>
         <file>rts430.lib</file>
         <name>autoinit.obj</name>
      </input_file>
      <input_file id="fl-3d">
         <path>C:\ti\ccsv5\tools\compiler\msp430_4.2.1\lib\</path>
         <kind>archive</kind>
         <file>rts430.lib</file>
         <name>ctype.obj</name>
      </input_file>
      <input_file id="fl-3e">
         <path>C:\ti\ccsv5\tools\compiler\msp430_4.2.1\lib\</path>
         <kind>archive</kind>
         <file>rts430.lib</file>
         <name>div16u.obj</name>
      </input_file>
      <input_file id="fl-3f">
         <path>C:\ti\ccsv5\tools\compiler\msp430_4.2.1\lib\</path>
         <kind>archive</kind>
         <file>rts430.lib</file>
         <name>fs_cmp.obj</name>
      </input_file>
      <input_file id="fl-40">
         <path>C:\ti\ccsv5\tools\compiler\msp430_4.2.1\lib\</path>
         <kind>archive</kind>
         <file>rts430.lib</file>
         <name>fs_div.obj</name>
      </input_file>
      <input_file id="fl-41">
         <path>C:\ti\ccsv5\tools\compiler\msp430_4.2.1\lib\</path>
         <kind>archive</kind>
         <file>rts430.lib</file>
         <name>fs_neg.obj</name>
      </input_file>
      <input_file id="fl-42">
         <path>C:\ti\ccsv5\tools\compiler\msp430_4.2.1\lib\</path>
         <kind>archive</kind>
         <file>rts430.lib</file>
         <name>fs_tol.obj</name>
      </input_file>
      <input_file id="fl-43">
         <path>C:\ti\ccsv5\tools\compiler\msp430_4.2.1\lib\</path>
         <kind>archive</kind>
         <file>rts430.lib</file>
         <name>fs_tou.obj</name>
      </input_file>
      <input_file id="fl-44">
         <path>C:\ti\ccsv5\tools\compiler\msp430_4.2.1\lib\</path>
         <kind>archive</kind>
         <file>rts430.lib</file>
         <name>llmath.obj</name>
      </input_file>
      <input_file id="fl-45">
         <path>C:\ti\ccsv5\tools\compiler\msp430_4.2.1\lib\</path>
         <kind>archive</kind>
         <file>rts430.lib</file>
         <name>ltoa.obj</name>
      </input_file>
      <input_file id="fl-46">
         <path>C:\ti\ccsv5\tools\compiler\msp430_4.2.1\lib\</path>
         <kind>archive</kind>
         <file>rts430.lib</file>
         <name>memccpy.obj</name>
      </input_file>
      <input_file id="fl-47">
         <path>C:\ti\ccsv5\tools\compiler\msp430_4.2.1\lib\</path>
         <kind>archive</kind>
         <file>rts430.lib</file>
         <name>memset.obj</name>
      </input_file>
      <input_file id="fl-48">
         <path>C:\ti\ccsv5\tools\compiler\msp430_4.2.1\lib\</path>
         <kind>archive</kind>
         <file>rts430.lib</file>
         <name>mult16.obj</name>
      </input_file>
      <input_file id="fl-49">
         <path>C:\ti\ccsv5\tools\compiler\msp430_4.2.1\lib\</path>
         <kind>archive</kind>
         <file>rts430.lib</file>
         <name>mult64.obj</name>
      </input_file>
      <input_file id="fl-4a">
         <path>C:\ti\ccsv5\tools\compiler\msp430_4.2.1\lib\</path>
         <kind>archive</kind>
         <file>rts430.lib</file>
         <name>strlen.obj</name>
      </input_file>
      <input_file id="fl-4b">
         <path>C:\ti\ccsv5\tools\compiler\msp430_4.2.1\lib\</path>
         <kind>archive</kind>
         <file>rts430.lib</file>
         <name>toupper.obj</name>
      </input_file>
      <input_file id="fl-4c">
         <path>C:\ti\ccsv5\tools\compiler\msp430_4.2.1\lib\</path>
         <kind>archive</kind>
         <file>rts430.lib</file>
         <name>xfdclass.obj</name>
      </input_file>
      <input_file id="fl-4d">
         <path>C:\ti\ccsv5\tools\compiler\msp430_4.2.1\lib\</path>
         <kind>archive</kind>
         <file>rts430.lib</file>
         <name>xfdtest.obj</name>
      </input_file>
      <input_file id="fl-4e">
         <path>C:\ti\ccsv5\tools\compiler\msp430_4.2.1\lib\</path>
         <kind>archive</kind>
         <file>rts430.lib</file>
         <name>abs.obj</name>
      </input_file>
      <input_file id="fl-4f">
         <path>C:\ti\ccsv5\tools\compiler\msp430_4.2.1\lib\</path>
         <kind>archive</kind>
         <file>rts430.lib</file>
         <name>div32s.obj</name>
      </input_file>
      <input_file id="fl-50">
         <path>C:\ti\ccsv5\tools\compiler\msp430_4.2.1\lib\</path>
         <kind>archive</kind>
         <file>rts430.lib</file>
         <name>mult1632.obj</name>
      </input_file>
      <input_file id="fl-51">
         <path>C:\ti\ccsv5\tools\compiler\msp430_4.2.1\lib\</path>
         <kind>archive</kind>
         <file>rts430.lib</file>
         <name>mult32.obj</name>
      </input_file>
   </input_file_list>
   <object_component_list>
      <object_component id="oc-3b">
         <name>.bss</name>
         <uninitialized>true</uninitialized>
         <run_address>0x200</run_address>
         <size>0x5c</size>
         <input_file_ref idref="fl-2"/>
      </object_component>
      <object_component id="oc-42">
         <name>.bss</name>
         <uninitialized>true</uninitialized>
         <run_address>0x25c</run_address>
         <size>0x8</size>
         <input_file_ref idref="fl-3"/>
      </object_component>
      <object_component id="oc-4d">
         <name>.bss</name>
         <uninitialized>true</uninitialized>
         <run_address>0x268</run_address>
         <size>0x4</size>
         <input_file_ref idref="fl-1e"/>
      </object_component>
      <object_component id="oc-8e">
         <name>.bss</name>
         <uninitialized>true</uninitialized>
         <run_address>0x264</run_address>
         <size>0x4</size>
         <input_file_ref idref="fl-38"/>
      </object_component>
      <object_component id="oc-4f">
         <name>.stack</name>
         <uninitialized>true</uninitialized>
         <run_address>0x3b0</run_address>
         <size>0x2</size>
         <input_file_ref idref="fl-1e"/>
      </object_component>
      <object_component id="oc-14f">
         <name>.stack</name>
         <uninitialized>true</uninitialized>
         <run_address>0x3b0</run_address>
         <size>0x0</size>
      </object_component>
      <object_component id="oc-f9">
         <name>.text:main</name>
         <load_address>0xc000</load_address>
         <run_address>0xc000</run_address>
         <size>0x81e</size>
         <input_file_ref idref="fl-3"/>
      </object_component>
      <object_component id="oc-120">
         <name>.text:__divull</name>
         <load_address>0xc81e</load_address>
         <run_address>0xc81e</run_address>
         <size>0x3b2</size>
         <input_file_ref idref="fl-44"/>
      </object_component>
      <object_component id="oc-108">
         <name>.text:_setfield</name>
         <load_address>0xcbd0</load_address>
         <run_address>0xcbd0</run_address>
         <size>0x212</size>
         <input_file_ref idref="fl-39"/>
      </object_component>
      <object_component id="oc-104">
         <name>.text:__TI_printfi</name>
         <load_address>0xcde2</load_address>
         <run_address>0xcde2</run_address>
         <size>0x1de</size>
         <input_file_ref idref="fl-39"/>
      </object_component>
      <object_component id="oc-10d">
         <name>.text:_pproc_fge</name>
         <load_address>0xcfc0</load_address>
         <run_address>0xcfc0</run_address>
         <size>0x1a6</size>
         <input_file_ref idref="fl-39"/>
      </object_component>
      <object_component id="oc-11a">
         <name>.text:ecvt</name>
         <load_address>0xd166</load_address>
         <run_address>0xd166</run_address>
         <size>0x172</size>
         <input_file_ref idref="fl-39"/>
      </object_component>
      <object_component id="oc-11d">
         <name>.text:fcvt</name>
         <load_address>0xd2d8</load_address>
         <run_address>0xd2d8</run_address>
         <size>0x16a</size>
         <input_file_ref idref="fl-39"/>
      </object_component>
      <object_component id="oc-110">
         <name>.text:_getarg_diouxp</name>
         <load_address>0xd442</load_address>
         <run_address>0xd442</run_address>
         <size>0x168</size>
         <input_file_ref idref="fl-39"/>
      </object_component>
      <object_component id="oc-116">
         <name>.text:_pconv_e</name>
         <load_address>0xd5aa</load_address>
         <run_address>0xd5aa</run_address>
         <size>0x154</size>
         <input_file_ref idref="fl-39"/>
      </object_component>
      <object_component id="oc-10c">
         <name>.text:_pproc_diouxp</name>
         <load_address>0xd6fe</load_address>
         <run_address>0xd6fe</run_address>
         <size>0x13e</size>
         <input_file_ref idref="fl-39"/>
      </object_component>
      <object_component id="oc-6b">
         <name>.text</name>
         <load_address>0xd83c</load_address>
         <run_address>0xd83c</run_address>
         <size>0x130</size>
         <input_file_ref idref="fl-25"/>
      </object_component>
      <object_component id="oc-118">
         <name>.text:__mpyll</name>
         <load_address>0xd96c</load_address>
         <run_address>0xd96c</run_address>
         <size>0x114</size>
         <input_file_ref idref="fl-49"/>
      </object_component>
      <object_component id="oc-111">
         <name>.text:_ltostr</name>
         <load_address>0xda80</load_address>
         <run_address>0xda80</run_address>
         <size>0x106</size>
         <input_file_ref idref="fl-39"/>
      </object_component>
      <object_component id="oc-107">
         <name>.text:_pproc_fwp</name>
         <load_address>0xdb86</load_address>
         <run_address>0xdb86</run_address>
         <size>0xfe</size>
         <input_file_ref idref="fl-39"/>
      </object_component>
      <object_component id="oc-114">
         <name>.text:_pconv_g</name>
         <load_address>0xdc84</load_address>
         <run_address>0xdc84</run_address>
         <size>0xfc</size>
         <input_file_ref idref="fl-39"/>
      </object_component>
      <object_component id="oc-73">
         <name>.text</name>
         <load_address>0xdd80</load_address>
         <run_address>0xdd80</run_address>
         <size>0xc2</size>
         <input_file_ref idref="fl-27"/>
      </object_component>
      <object_component id="oc-109">
         <name>.text:_pproc_str</name>
         <load_address>0xde42</load_address>
         <run_address>0xde42</run_address>
         <size>0xac</size>
         <input_file_ref idref="fl-39"/>
      </object_component>
      <object_component id="oc-fd">
         <name>.text:lab01_init</name>
         <load_address>0xdeee</load_address>
         <run_address>0xdeee</run_address>
         <size>0xa4</size>
         <input_file_ref idref="fl-2"/>
      </object_component>
      <object_component id="oc-ae">
         <name>.text</name>
         <load_address>0xdf92</load_address>
         <run_address>0xdf92</run_address>
         <size>0x9a</size>
         <input_file_ref idref="fl-40"/>
      </object_component>
      <object_component id="oc-11c">
         <name>.text:_mcpy</name>
         <load_address>0xe02c</load_address>
         <run_address>0xe02c</run_address>
         <size>0x90</size>
         <input_file_ref idref="fl-39"/>
      </object_component>
      <object_component id="oc-117">
         <name>.text:_div</name>
         <load_address>0xe0bc</load_address>
         <run_address>0xe0bc</run_address>
         <size>0x8a</size>
         <input_file_ref idref="fl-39"/>
      </object_component>
      <object_component id="oc-11b">
         <name>.text:_ecpy</name>
         <load_address>0xe146</load_address>
         <run_address>0xe146</run_address>
         <size>0x86</size>
         <input_file_ref idref="fl-39"/>
      </object_component>
      <object_component id="oc-122">
         <name>.text:ltoa</name>
         <load_address>0xe1cc</load_address>
         <run_address>0xe1cc</run_address>
         <size>0x84</size>
         <input_file_ref idref="fl-45"/>
      </object_component>
      <object_component id="oc-b6">
         <name>.text</name>
         <load_address>0xe250</load_address>
         <run_address>0xe250</run_address>
         <size>0x7e</size>
         <input_file_ref idref="fl-42"/>
      </object_component>
      <object_component id="oc-115">
         <name>.text:_pconv_f</name>
         <load_address>0xe2ce</load_address>
         <run_address>0xe2ce</run_address>
         <size>0x74</size>
         <input_file_ref idref="fl-39"/>
      </object_component>
      <object_component id="oc-100">
         <name>.text:l_lsr_const</name>
         <load_address>0xe342</load_address>
         <run_address>0xe342</run_address>
         <size>0x5c</size>
         <input_file_ref idref="fl-34"/>
      </object_component>
      <object_component id="oc-60">
         <name>.text</name>
         <load_address>0xe39e</load_address>
         <run_address>0xe39e</run_address>
         <size>0x58</size>
         <input_file_ref idref="fl-22"/>
      </object_component>
      <object_component id="oc-10b">
         <name>.text:atoi</name>
         <load_address>0xe3f6</load_address>
         <run_address>0xe3f6</run_address>
         <size>0x54</size>
         <input_file_ref idref="fl-3b"/>
      </object_component>
      <object_component id="oc-11e">
         <name>.text:_fcpy</name>
         <load_address>0xe44a</load_address>
         <run_address>0xe44a</run_address>
         <size>0x4e</size>
         <input_file_ref idref="fl-39"/>
      </object_component>
      <object_component id="oc-11f">
         <name>.text:__lsrll</name>
         <load_address>0xe498</load_address>
         <run_address>0xe498</run_address>
         <size>0x4a</size>
         <input_file_ref idref="fl-44"/>
      </object_component>
      <object_component id="oc-aa">
         <name>.text</name>
         <load_address>0xe4e2</load_address>
         <run_address>0xe4e2</run_address>
         <size>0x4a</size>
         <input_file_ref idref="fl-3f"/>
      </object_component>
      <object_component id="oc-6f">
         <name>.text</name>
         <load_address>0xe52c</load_address>
         <run_address>0xe52c</run_address>
         <size>0x4a</size>
         <input_file_ref idref="fl-26"/>
      </object_component>
      <object_component id="oc-123">
         <name>.text:__lslll</name>
         <load_address>0xe576</load_address>
         <run_address>0xe576</run_address>
         <size>0x48</size>
         <input_file_ref idref="fl-44"/>
      </object_component>
      <object_component id="oc-f8">
         <name>.text:_auto_init</name>
         <load_address>0xe5be</load_address>
         <run_address>0xe5be</run_address>
         <size>0x48</size>
         <input_file_ref idref="fl-3c"/>
      </object_component>
      <object_component id="oc-ba">
         <name>.text</name>
         <load_address>0xe606</load_address>
         <run_address>0xe606</run_address>
         <size>0x46</size>
         <input_file_ref idref="fl-43"/>
      </object_component>
      <object_component id="oc-106">
         <name>.text:_pproc_fflags</name>
         <load_address>0xe64c</load_address>
         <run_address>0xe64c</run_address>
         <size>0x44</size>
         <input_file_ref idref="fl-39"/>
      </object_component>
      <object_component id="oc-e9">
         <name>.text</name>
         <load_address>0xe690</load_address>
         <run_address>0xe690</run_address>
         <size>0x40</size>
         <input_file_ref idref="fl-4f"/>
      </object_component>
      <object_component id="oc-119">
         <name>.text:_FDtest</name>
         <load_address>0xe6d0</load_address>
         <run_address>0xe6d0</run_address>
         <size>0x3c</size>
         <input_file_ref idref="fl-4d"/>
      </object_component>
      <object_component id="oc-ff">
         <name>.text:sprintf</name>
         <load_address>0xe70c</load_address>
         <run_address>0xe70c</run_address>
         <size>0x38</size>
         <input_file_ref idref="fl-37"/>
      </object_component>
      <object_component id="oc-49">
         <name>.text</name>
         <load_address>0xe744</load_address>
         <run_address>0xe744</run_address>
         <size>0x2c</size>
         <input_file_ref idref="fl-1d"/>
      </object_component>
      <object_component id="oc-7b">
         <name>.text</name>
         <load_address>0xe770</load_address>
         <run_address>0xe770</run_address>
         <size>0x2c</size>
         <input_file_ref idref="fl-33"/>
      </object_component>
      <object_component id="oc-3a">
         <name>.text:_c_int00_noexit</name>
         <load_address>0xe79c</load_address>
         <run_address>0xe79c</run_address>
         <size>0x26</size>
         <input_file_ref idref="fl-1e"/>
      </object_component>
      <object_component id="oc-f0">
         <name>.text</name>
         <load_address>0xe7c2</load_address>
         <run_address>0xe7c2</run_address>
         <size>0x26</size>
         <input_file_ref idref="fl-51"/>
      </object_component>
      <object_component id="oc-121">
         <name>.text:__mpyul</name>
         <load_address>0xe7e8</load_address>
         <run_address>0xe7e8</run_address>
         <size>0x22</size>
         <input_file_ref idref="fl-50"/>
      </object_component>
      <object_component id="oc-10e">
         <name>.text:memccpy</name>
         <load_address>0xe80a</load_address>
         <run_address>0xe80a</run_address>
         <size>0x1c</size>
         <input_file_ref idref="fl-46"/>
      </object_component>
      <object_component id="oc-f5">
         <name>.text:WDT_ISR</name>
         <load_address>0xe826</load_address>
         <run_address>0xe826</run_address>
         <size>0x1a</size>
         <input_file_ref idref="fl-2"/>
      </object_component>
      <object_component id="oc-102">
         <name>.text:_outs</name>
         <load_address>0xe840</load_address>
         <run_address>0xe840</run_address>
         <size>0x1a</size>
         <input_file_ref idref="fl-37"/>
      </object_component>
      <object_component id="oc-a6">
         <name>.text</name>
         <load_address>0xe85a</load_address>
         <run_address>0xe85a</run_address>
         <size>0x16</size>
         <input_file_ref idref="fl-3e"/>
      </object_component>
      <object_component id="oc-113">
         <name>.text:_FDclass</name>
         <load_address>0xe870</load_address>
         <run_address>0xe870</run_address>
         <size>0x14</size>
         <input_file_ref idref="fl-4c"/>
      </object_component>
      <object_component id="oc-10a">
         <name>.text:memset</name>
         <load_address>0xe884</load_address>
         <run_address>0xe884</run_address>
         <size>0x14</size>
         <input_file_ref idref="fl-47"/>
      </object_component>
      <object_component id="oc-ce">
         <name>.text</name>
         <load_address>0xe898</load_address>
         <run_address>0xe898</run_address>
         <size>0x14</size>
         <input_file_ref idref="fl-48"/>
      </object_component>
      <object_component id="oc-103">
         <name>.text:_outc</name>
         <load_address>0xe8ac</load_address>
         <run_address>0xe8ac</run_address>
         <size>0x12</size>
         <input_file_ref idref="fl-37"/>
      </object_component>
      <object_component id="oc-124">
         <name>.text:l_lsr</name>
         <load_address>0xe8be</load_address>
         <run_address>0xe8be</run_address>
         <size>0x12</size>
         <input_file_ref idref="fl-34"/>
      </object_component>
      <object_component id="oc-fb">
         <name>.text:memcpy</name>
         <load_address>0xe8d0</load_address>
         <run_address>0xe8d0</run_address>
         <size>0x12</size>
         <input_file_ref idref="fl-35"/>
      </object_component>
      <object_component id="oc-fe">
         <name>.text:print</name>
         <load_address>0xe8e2</load_address>
         <run_address>0xe8e2</run_address>
         <size>0x12</size>
         <input_file_ref idref="fl-2"/>
      </object_component>
      <object_component id="oc-fc">
         <name>.text</name>
         <load_address>0xe8f4</load_address>
         <run_address>0xe8f4</run_address>
         <size>0x10</size>
         <input_file_ref idref="fl-23"/>
      </object_component>
      <object_component id="oc-105">
         <name>.text:strlen</name>
         <load_address>0xe904</load_address>
         <run_address>0xe904</run_address>
         <size>0xe</size>
         <input_file_ref idref="fl-4a"/>
      </object_component>
      <object_component id="oc-101">
         <name>.text:putchar</name>
         <load_address>0xe912</load_address>
         <run_address>0xe912</run_address>
         <size>0xc</size>
         <input_file_ref idref="fl-2"/>
      </object_component>
      <object_component id="oc-112">
         <name>.text:toupper</name>
         <load_address>0xe91e</load_address>
         <run_address>0xe91e</run_address>
         <size>0xc</size>
         <input_file_ref idref="fl-4b"/>
      </object_component>
      <object_component id="oc-125">
         <name>.text:abs</name>
         <load_address>0xe92a</load_address>
         <run_address>0xe92a</run_address>
         <size>0xa</size>
         <input_file_ref idref="fl-4e"/>
      </object_component>
      <object_component id="oc-b2">
         <name>.text</name>
         <load_address>0xe934</load_address>
         <run_address>0xe934</run_address>
         <size>0xa</size>
         <input_file_ref idref="fl-41"/>
      </object_component>
      <object_component id="oc-f4">
         <name>.text:ADC10_ISR</name>
         <load_address>0xe93e</load_address>
         <run_address>0xe93e</run_address>
         <size>0x8</size>
         <input_file_ref idref="fl-2"/>
      </object_component>
      <object_component id="oc-77">
         <name>.text:__TI_ISR_TRAP</name>
         <load_address>0xe946</load_address>
         <run_address>0xe946</run_address>
         <size>0x6</size>
         <input_file_ref idref="fl-32"/>
      </object_component>
      <object_component id="oc-f7">
         <name>.text:_system_pre_init</name>
         <load_address>0xe94c</load_address>
         <run_address>0xe94c</run_address>
         <size>0x4</size>
         <input_file_ref idref="fl-36"/>
      </object_component>
      <object_component id="oc-fa">
         <name>.text:abort</name>
         <load_address>0xe950</load_address>
         <run_address>0xe950</run_address>
         <size>0x4</size>
         <input_file_ref idref="fl-24"/>
      </object_component>
      <object_component id="oc-f6">
         <name>.text:_nop</name>
         <load_address>0xe954</load_address>
         <run_address>0xe954</run_address>
         <size>0x2</size>
         <input_file_ref idref="fl-38"/>
      </object_component>
      <object_component id="oc-3d">
         <name>.cinit</name>
         <load_address>0xeda4</load_address>
         <run_address>0xeda4</run_address>
         <size>0x15</size>
         <input_file_ref idref="fl-2"/>
      </object_component>
      <object_component id="oc-44">
         <name>.cinit</name>
         <load_address>0xedba</load_address>
         <run_address>0xedba</run_address>
         <size>0x10</size>
         <input_file_ref idref="fl-3"/>
      </object_component>
      <object_component id="oc-45">
         <name>.const:.string</name>
         <load_address>0xe956</load_address>
         <run_address>0xe956</run_address>
         <size>0x312</size>
         <input_file_ref idref="fl-3"/>
      </object_component>
      <object_component id="oc-10f">
         <name>.const:.string:_ctypes_</name>
         <load_address>0xec68</load_address>
         <run_address>0xec68</run_address>
         <size>0x102</size>
         <input_file_ref idref="fl-3d"/>
      </object_component>
      <object_component id="oc-94">
         <name>.const:.string</name>
         <load_address>0xed6a</load_address>
         <run_address>0xed6a</run_address>
         <size>0x24</size>
         <input_file_ref idref="fl-39"/>
      </object_component>
      <object_component id="oc-3e">
         <name>.const:.string</name>
         <load_address>0xed8e</load_address>
         <run_address>0xed8e</run_address>
         <size>0x16</size>
         <input_file_ref idref="fl-2"/>
      </object_component>
      <object_component id="oc-2e">
         <name>.int02</name>
         <load_address>0xffe4</load_address>
         <run_address>0xffe4</run_address>
         <size>0x2</size>
         <input_file_ref idref="fl-28"/>
      </object_component>
      <object_component id="oc-2f">
         <name>.int03</name>
         <load_address>0xffe6</load_address>
         <run_address>0xffe6</run_address>
         <size>0x2</size>
         <input_file_ref idref="fl-29"/>
      </object_component>
      <object_component id="oc-30">
         <name>.int05</name>
         <load_address>0xffea</load_address>
         <run_address>0xffea</run_address>
         <size>0x2</size>
         <input_file_ref idref="fl-2"/>
      </object_component>
      <object_component id="oc-31">
         <name>.int06</name>
         <load_address>0xffec</load_address>
         <run_address>0xffec</run_address>
         <size>0x2</size>
         <input_file_ref idref="fl-2a"/>
      </object_component>
      <object_component id="oc-32">
         <name>.int07</name>
         <load_address>0xffee</load_address>
         <run_address>0xffee</run_address>
         <size>0x2</size>
         <input_file_ref idref="fl-2b"/>
      </object_component>
      <object_component id="oc-33">
         <name>.int08</name>
         <load_address>0xfff0</load_address>
         <run_address>0xfff0</run_address>
         <size>0x2</size>
         <input_file_ref idref="fl-2c"/>
      </object_component>
      <object_component id="oc-34">
         <name>.int09</name>
         <load_address>0xfff2</load_address>
         <run_address>0xfff2</run_address>
         <size>0x2</size>
         <input_file_ref idref="fl-2d"/>
      </object_component>
      <object_component id="oc-35">
         <name>.int10</name>
         <load_address>0xfff4</load_address>
         <run_address>0xfff4</run_address>
         <size>0x2</size>
         <input_file_ref idref="fl-2"/>
      </object_component>
      <object_component id="oc-36">
         <name>.int11</name>
         <load_address>0xfff6</load_address>
         <run_address>0xfff6</run_address>
         <size>0x2</size>
         <input_file_ref idref="fl-2e"/>
      </object_component>
      <object_component id="oc-37">
         <name>.int12</name>
         <load_address>0xfff8</load_address>
         <run_address>0xfff8</run_address>
         <size>0x2</size>
         <input_file_ref idref="fl-2f"/>
      </object_component>
      <object_component id="oc-38">
         <name>.int13</name>
         <load_address>0xfffa</load_address>
         <run_address>0xfffa</run_address>
         <size>0x2</size>
         <input_file_ref idref="fl-30"/>
      </object_component>
      <object_component id="oc-39">
         <name>.int14</name>
         <load_address>0xfffc</load_address>
         <run_address>0xfffc</run_address>
         <size>0x2</size>
         <input_file_ref idref="fl-31"/>
      </object_component>
      <object_component id="oc-50">
         <name>.reset</name>
         <load_address>0xfffe</load_address>
         <run_address>0xfffe</run_address>
         <size>0x2</size>
         <input_file_ref idref="fl-1e"/>
      </object_component>
      <object_component id="oc-3c">
         <name>.debug_info</name>
         <load_address>0x0</load_address>
         <run_address>0x0</run_address>
         <size>0x685</size>
         <input_file_ref idref="fl-2"/>
      </object_component>
      <object_component id="oc-43">
         <name>.debug_info</name>
         <load_address>0x685</load_address>
         <run_address>0x685</run_address>
         <size>0x98c</size>
         <input_file_ref idref="fl-3"/>
      </object_component>
      <object_component id="oc-4a">
         <name>.debug_info</name>
         <load_address>0x1011</load_address>
         <run_address>0x1011</run_address>
         <size>0xb4</size>
         <input_file_ref idref="fl-1d"/>
      </object_component>
      <object_component id="oc-4e">
         <name>.debug_info</name>
         <load_address>0x10c5</load_address>
         <run_address>0x10c5</run_address>
         <size>0x443</size>
         <input_file_ref idref="fl-1e"/>
      </object_component>
      <object_component id="oc-54">
         <name>.debug_info</name>
         <load_address>0x1508</load_address>
         <run_address>0x1508</run_address>
         <size>0x261</size>
         <input_file_ref idref="fl-1f"/>
      </object_component>
      <object_component id="oc-58">
         <name>.debug_info</name>
         <load_address>0x1769</load_address>
         <run_address>0x1769</run_address>
         <size>0x212</size>
         <input_file_ref idref="fl-20"/>
      </object_component>
      <object_component id="oc-5c">
         <name>.debug_info</name>
         <load_address>0x197b</load_address>
         <run_address>0x197b</run_address>
         <size>0x228</size>
         <input_file_ref idref="fl-21"/>
      </object_component>
      <object_component id="oc-61">
         <name>.debug_info</name>
         <load_address>0x1ba3</load_address>
         <run_address>0x1ba3</run_address>
         <size>0xb9</size>
         <input_file_ref idref="fl-22"/>
      </object_component>
      <object_component id="oc-64">
         <name>.debug_info</name>
         <load_address>0x1c5c</load_address>
         <run_address>0x1c5c</run_address>
         <size>0xc0</size>
         <input_file_ref idref="fl-23"/>
      </object_component>
      <object_component id="oc-67">
         <name>.debug_info</name>
         <load_address>0x1d1c</load_address>
         <run_address>0x1d1c</run_address>
         <size>0x28e</size>
         <input_file_ref idref="fl-24"/>
      </object_component>
      <object_component id="oc-6c">
         <name>.debug_info</name>
         <load_address>0x1faa</load_address>
         <run_address>0x1faa</run_address>
         <size>0xbb</size>
         <input_file_ref idref="fl-25"/>
      </object_component>
      <object_component id="oc-70">
         <name>.debug_info</name>
         <load_address>0x2065</load_address>
         <run_address>0x2065</run_address>
         <size>0xc4</size>
         <input_file_ref idref="fl-26"/>
      </object_component>
      <object_component id="oc-74">
         <name>.debug_info</name>
         <load_address>0x2129</load_address>
         <run_address>0x2129</run_address>
         <size>0xbb</size>
         <input_file_ref idref="fl-27"/>
      </object_component>
      <object_component id="oc-78">
         <name>.debug_info</name>
         <load_address>0x21e4</load_address>
         <run_address>0x21e4</run_address>
         <size>0xb7</size>
         <input_file_ref idref="fl-32"/>
      </object_component>
      <object_component id="oc-7c">
         <name>.debug_info</name>
         <load_address>0x229b</load_address>
         <run_address>0x229b</run_address>
         <size>0xb4</size>
         <input_file_ref idref="fl-33"/>
      </object_component>
      <object_component id="oc-7f">
         <name>.debug_info</name>
         <load_address>0x234f</load_address>
         <run_address>0x234f</run_address>
         <size>0xe6</size>
         <input_file_ref idref="fl-34"/>
      </object_component>
      <object_component id="oc-82">
         <name>.debug_info</name>
         <load_address>0x2435</load_address>
         <run_address>0x2435</run_address>
         <size>0x2a5</size>
         <input_file_ref idref="fl-35"/>
      </object_component>
      <object_component id="oc-86">
         <name>.debug_info</name>
         <load_address>0x26da</load_address>
         <run_address>0x26da</run_address>
         <size>0x220</size>
         <input_file_ref idref="fl-36"/>
      </object_component>
      <object_component id="oc-8a">
         <name>.debug_info</name>
         <load_address>0x28fa</load_address>
         <run_address>0x28fa</run_address>
         <size>0x492</size>
         <input_file_ref idref="fl-37"/>
      </object_component>
      <object_component id="oc-8f">
         <name>.debug_info</name>
         <load_address>0x2d8c</load_address>
         <run_address>0x2d8c</run_address>
         <size>0x23c</size>
         <input_file_ref idref="fl-38"/>
      </object_component>
      <object_component id="oc-93">
         <name>.debug_info</name>
         <load_address>0x2fc8</load_address>
         <run_address>0x2fc8</run_address>
         <size>0x1de4</size>
         <input_file_ref idref="fl-39"/>
      </object_component>
      <object_component id="oc-98">
         <name>.debug_info</name>
         <load_address>0x4dac</load_address>
         <run_address>0x4dac</run_address>
         <size>0x26b</size>
         <input_file_ref idref="fl-3a"/>
      </object_component>
      <object_component id="oc-9c">
         <name>.debug_info</name>
         <load_address>0x5017</load_address>
         <run_address>0x5017</run_address>
         <size>0x287</size>
         <input_file_ref idref="fl-3b"/>
      </object_component>
      <object_component id="oc-a0">
         <name>.debug_info</name>
         <load_address>0x529e</load_address>
         <run_address>0x529e</run_address>
         <size>0x32c</size>
         <input_file_ref idref="fl-3c"/>
      </object_component>
      <object_component id="oc-a4">
         <name>.debug_info</name>
         <load_address>0x55ca</load_address>
         <run_address>0x55ca</run_address>
         <size>0x1eb</size>
         <input_file_ref idref="fl-3d"/>
      </object_component>
      <object_component id="oc-a7">
         <name>.debug_info</name>
         <load_address>0x57b5</load_address>
         <run_address>0x57b5</run_address>
         <size>0xb7</size>
         <input_file_ref idref="fl-3e"/>
      </object_component>
      <object_component id="oc-ab">
         <name>.debug_info</name>
         <load_address>0x586c</load_address>
         <run_address>0x586c</run_address>
         <size>0xc7</size>
         <input_file_ref idref="fl-3f"/>
      </object_component>
      <object_component id="oc-af">
         <name>.debug_info</name>
         <load_address>0x5933</load_address>
         <run_address>0x5933</run_address>
         <size>0xbb</size>
         <input_file_ref idref="fl-40"/>
      </object_component>
      <object_component id="oc-b3">
         <name>.debug_info</name>
         <load_address>0x59ee</load_address>
         <run_address>0x59ee</run_address>
         <size>0xbb</size>
         <input_file_ref idref="fl-41"/>
      </object_component>
      <object_component id="oc-b7">
         <name>.debug_info</name>
         <load_address>0x5aa9</load_address>
         <run_address>0x5aa9</run_address>
         <size>0xcd</size>
         <input_file_ref idref="fl-42"/>
      </object_component>
      <object_component id="oc-bb">
         <name>.debug_info</name>
         <load_address>0x5b76</load_address>
         <run_address>0x5b76</run_address>
         <size>0xc7</size>
         <input_file_ref idref="fl-43"/>
      </object_component>
      <object_component id="oc-be">
         <name>.debug_info</name>
         <load_address>0x5c3d</load_address>
         <run_address>0x5c3d</run_address>
         <size>0x56d</size>
         <input_file_ref idref="fl-44"/>
      </object_component>
      <object_component id="oc-c2">
         <name>.debug_info</name>
         <load_address>0x61aa</load_address>
         <run_address>0x61aa</run_address>
         <size>0x333</size>
         <input_file_ref idref="fl-45"/>
      </object_component>
      <object_component id="oc-c6">
         <name>.debug_info</name>
         <load_address>0x64dd</load_address>
         <run_address>0x64dd</run_address>
         <size>0x299</size>
         <input_file_ref idref="fl-46"/>
      </object_component>
      <object_component id="oc-ca">
         <name>.debug_info</name>
         <load_address>0x6776</load_address>
         <run_address>0x6776</run_address>
         <size>0x2c4</size>
         <input_file_ref idref="fl-47"/>
      </object_component>
      <object_component id="oc-cf">
         <name>.debug_info</name>
         <load_address>0x6a3a</load_address>
         <run_address>0x6a3a</run_address>
         <size>0xb7</size>
         <input_file_ref idref="fl-48"/>
      </object_component>
      <object_component id="oc-d2">
         <name>.debug_info</name>
         <load_address>0x6af1</load_address>
         <run_address>0x6af1</run_address>
         <size>0x13d</size>
         <input_file_ref idref="fl-49"/>
      </object_component>
      <object_component id="oc-d5">
         <name>.debug_info</name>
         <load_address>0x6c2e</load_address>
         <run_address>0x6c2e</run_address>
         <size>0x293</size>
         <input_file_ref idref="fl-4a"/>
      </object_component>
      <object_component id="oc-d9">
         <name>.debug_info</name>
         <load_address>0x6ec1</load_address>
         <run_address>0x6ec1</run_address>
         <size>0x24c</size>
         <input_file_ref idref="fl-4b"/>
      </object_component>
      <object_component id="oc-dd">
         <name>.debug_info</name>
         <load_address>0x710d</load_address>
         <run_address>0x710d</run_address>
         <size>0x25f</size>
         <input_file_ref idref="fl-4c"/>
      </object_component>
      <object_component id="oc-e1">
         <name>.debug_info</name>
         <load_address>0x736c</load_address>
         <run_address>0x736c</run_address>
         <size>0x242</size>
         <input_file_ref idref="fl-4d"/>
      </object_component>
      <object_component id="oc-e5">
         <name>.debug_info</name>
         <load_address>0x75ae</load_address>
         <run_address>0x75ae</run_address>
         <size>0x20d</size>
         <input_file_ref idref="fl-4e"/>
      </object_component>
      <object_component id="oc-ea">
         <name>.debug_info</name>
         <load_address>0x77bb</load_address>
         <run_address>0x77bb</run_address>
         <size>0xc7</size>
         <input_file_ref idref="fl-4f"/>
      </object_component>
      <object_component id="oc-ed">
         <name>.debug_info</name>
         <load_address>0x7882</load_address>
         <run_address>0x7882</run_address>
         <size>0xbb</size>
         <input_file_ref idref="fl-50"/>
      </object_component>
      <object_component id="oc-f1">
         <name>.debug_info</name>
         <load_address>0x793d</load_address>
         <run_address>0x793d</run_address>
         <size>0xb7</size>
         <input_file_ref idref="fl-51"/>
      </object_component>
      <object_component id="oc-150">
         <name>.debug_info</name>
         <load_address>0x79f4</load_address>
         <run_address>0x79f4</run_address>
         <size>0x6a</size>
      </object_component>
      <object_component id="oc-3f">
         <name>.debug_frame</name>
         <load_address>0x0</load_address>
         <run_address>0x0</run_address>
         <size>0xa5</size>
         <input_file_ref idref="fl-2"/>
      </object_component>
      <object_component id="oc-46">
         <name>.debug_frame</name>
         <load_address>0xa5</load_address>
         <run_address>0xa5</run_address>
         <size>0x68</size>
         <input_file_ref idref="fl-3"/>
      </object_component>
      <object_component id="oc-51">
         <name>.debug_frame</name>
         <load_address>0x10d</load_address>
         <run_address>0x10d</run_address>
         <size>0x42</size>
         <input_file_ref idref="fl-1e"/>
      </object_component>
      <object_component id="oc-55">
         <name>.debug_frame</name>
         <load_address>0x14f</load_address>
         <run_address>0x14f</run_address>
         <size>0x32</size>
         <input_file_ref idref="fl-1f"/>
      </object_component>
      <object_component id="oc-59">
         <name>.debug_frame</name>
         <load_address>0x181</load_address>
         <run_address>0x181</run_address>
         <size>0x32</size>
         <input_file_ref idref="fl-20"/>
      </object_component>
      <object_component id="oc-5d">
         <name>.debug_frame</name>
         <load_address>0x1b3</load_address>
         <run_address>0x1b3</run_address>
         <size>0x32</size>
         <input_file_ref idref="fl-21"/>
      </object_component>
      <object_component id="oc-68">
         <name>.debug_frame</name>
         <load_address>0x1e5</load_address>
         <run_address>0x1e5</run_address>
         <size>0x47</size>
         <input_file_ref idref="fl-24"/>
      </object_component>
      <object_component id="oc-83">
         <name>.debug_frame</name>
         <load_address>0x22c</load_address>
         <run_address>0x22c</run_address>
         <size>0x47</size>
         <input_file_ref idref="fl-35"/>
      </object_component>
      <object_component id="oc-87">
         <name>.debug_frame</name>
         <load_address>0x273</load_address>
         <run_address>0x273</run_address>
         <size>0x47</size>
         <input_file_ref idref="fl-36"/>
      </object_component>
      <object_component id="oc-8b">
         <name>.debug_frame</name>
         <load_address>0x2ba</load_address>
         <run_address>0x2ba</run_address>
         <size>0x81</size>
         <input_file_ref idref="fl-37"/>
      </object_component>
      <object_component id="oc-90">
         <name>.debug_frame</name>
         <load_address>0x33b</load_address>
         <run_address>0x33b</run_address>
         <size>0x47</size>
         <input_file_ref idref="fl-38"/>
      </object_component>
      <object_component id="oc-95">
         <name>.debug_frame</name>
         <load_address>0x382</load_address>
         <run_address>0x382</run_address>
         <size>0x43a</size>
         <input_file_ref idref="fl-39"/>
      </object_component>
      <object_component id="oc-99">
         <name>.debug_frame</name>
         <load_address>0x7bc</load_address>
         <run_address>0x7bc</run_address>
         <size>0x32</size>
         <input_file_ref idref="fl-3a"/>
      </object_component>
      <object_component id="oc-9d">
         <name>.debug_frame</name>
         <load_address>0x7ee</load_address>
         <run_address>0x7ee</run_address>
         <size>0x50</size>
         <input_file_ref idref="fl-3b"/>
      </object_component>
      <object_component id="oc-a1">
         <name>.debug_frame</name>
         <load_address>0x83e</load_address>
         <run_address>0x83e</run_address>
         <size>0x51</size>
         <input_file_ref idref="fl-3c"/>
      </object_component>
      <object_component id="oc-bf">
         <name>.debug_frame</name>
         <load_address>0x88f</load_address>
         <run_address>0x88f</run_address>
         <size>0xfd</size>
         <input_file_ref idref="fl-44"/>
      </object_component>
      <object_component id="oc-c3">
         <name>.debug_frame</name>
         <load_address>0x98c</load_address>
         <run_address>0x98c</run_address>
         <size>0x66</size>
         <input_file_ref idref="fl-45"/>
      </object_component>
      <object_component id="oc-c7">
         <name>.debug_frame</name>
         <load_address>0x9f2</load_address>
         <run_address>0x9f2</run_address>
         <size>0x47</size>
         <input_file_ref idref="fl-46"/>
      </object_component>
      <object_component id="oc-cb">
         <name>.debug_frame</name>
         <load_address>0xa39</load_address>
         <run_address>0xa39</run_address>
         <size>0x47</size>
         <input_file_ref idref="fl-47"/>
      </object_component>
      <object_component id="oc-d6">
         <name>.debug_frame</name>
         <load_address>0xa80</load_address>
         <run_address>0xa80</run_address>
         <size>0x47</size>
         <input_file_ref idref="fl-4a"/>
      </object_component>
      <object_component id="oc-da">
         <name>.debug_frame</name>
         <load_address>0xac7</load_address>
         <run_address>0xac7</run_address>
         <size>0x47</size>
         <input_file_ref idref="fl-4b"/>
      </object_component>
      <object_component id="oc-de">
         <name>.debug_frame</name>
         <load_address>0xb0e</load_address>
         <run_address>0xb0e</run_address>
         <size>0x4d</size>
         <input_file_ref idref="fl-4c"/>
      </object_component>
      <object_component id="oc-e2">
         <name>.debug_frame</name>
         <load_address>0xb5b</load_address>
         <run_address>0xb5b</run_address>
         <size>0x47</size>
         <input_file_ref idref="fl-4d"/>
      </object_component>
      <object_component id="oc-e6">
         <name>.debug_frame</name>
         <load_address>0xba2</load_address>
         <run_address>0xba2</run_address>
         <size>0x47</size>
         <input_file_ref idref="fl-4e"/>
      </object_component>
      <object_component id="oc-40">
         <name>.debug_line</name>
         <load_address>0x0</load_address>
         <run_address>0x0</run_address>
         <size>0xc8</size>
         <input_file_ref idref="fl-2"/>
      </object_component>
      <object_component id="oc-47">
         <name>.debug_line</name>
         <load_address>0xc8</load_address>
         <run_address>0xc8</run_address>
         <size>0x11f</size>
         <input_file_ref idref="fl-3"/>
      </object_component>
      <object_component id="oc-4b">
         <name>.debug_line</name>
         <load_address>0x1e7</load_address>
         <run_address>0x1e7</run_address>
         <size>0x4b</size>
         <input_file_ref idref="fl-1d"/>
      </object_component>
      <object_component id="oc-52">
         <name>.debug_line</name>
         <load_address>0x232</load_address>
         <run_address>0x232</run_address>
         <size>0x42</size>
         <input_file_ref idref="fl-1e"/>
      </object_component>
      <object_component id="oc-56">
         <name>.debug_line</name>
         <load_address>0x274</load_address>
         <run_address>0x274</run_address>
         <size>0x34</size>
         <input_file_ref idref="fl-1f"/>
      </object_component>
      <object_component id="oc-5a">
         <name>.debug_line</name>
         <load_address>0x2a8</load_address>
         <run_address>0x2a8</run_address>
         <size>0x33</size>
         <input_file_ref idref="fl-20"/>
      </object_component>
      <object_component id="oc-5e">
         <name>.debug_line</name>
         <load_address>0x2db</load_address>
         <run_address>0x2db</run_address>
         <size>0x2e</size>
         <input_file_ref idref="fl-21"/>
      </object_component>
      <object_component id="oc-62">
         <name>.debug_line</name>
         <load_address>0x309</load_address>
         <run_address>0x309</run_address>
         <size>0x61</size>
         <input_file_ref idref="fl-22"/>
      </object_component>
      <object_component id="oc-65">
         <name>.debug_line</name>
         <load_address>0x36a</load_address>
         <run_address>0x36a</run_address>
         <size>0x3d</size>
         <input_file_ref idref="fl-23"/>
      </object_component>
      <object_component id="oc-69">
         <name>.debug_line</name>
         <load_address>0x3a7</load_address>
         <run_address>0x3a7</run_address>
         <size>0x3a</size>
         <input_file_ref idref="fl-24"/>
      </object_component>
      <object_component id="oc-6d">
         <name>.debug_line</name>
         <load_address>0x3e1</load_address>
         <run_address>0x3e1</run_address>
         <size>0xb7</size>
         <input_file_ref idref="fl-25"/>
      </object_component>
      <object_component id="oc-71">
         <name>.debug_line</name>
         <load_address>0x498</load_address>
         <run_address>0x498</run_address>
         <size>0x5b</size>
         <input_file_ref idref="fl-26"/>
      </object_component>
      <object_component id="oc-75">
         <name>.debug_line</name>
         <load_address>0x4f3</load_address>
         <run_address>0x4f3</run_address>
         <size>0x90</size>
         <input_file_ref idref="fl-27"/>
      </object_component>
      <object_component id="oc-79">
         <name>.debug_line</name>
         <load_address>0x583</load_address>
         <run_address>0x583</run_address>
         <size>0x39</size>
         <input_file_ref idref="fl-32"/>
      </object_component>
      <object_component id="oc-7d">
         <name>.debug_line</name>
         <load_address>0x5bc</load_address>
         <run_address>0x5bc</run_address>
         <size>0x4b</size>
         <input_file_ref idref="fl-33"/>
      </object_component>
      <object_component id="oc-80">
         <name>.debug_line</name>
         <load_address>0x607</load_address>
         <run_address>0x607</run_address>
         <size>0x7d</size>
         <input_file_ref idref="fl-34"/>
      </object_component>
      <object_component id="oc-84">
         <name>.debug_line</name>
         <load_address>0x684</load_address>
         <run_address>0x684</run_address>
         <size>0x42</size>
         <input_file_ref idref="fl-35"/>
      </object_component>
      <object_component id="oc-88">
         <name>.debug_line</name>
         <load_address>0x6c6</load_address>
         <run_address>0x6c6</run_address>
         <size>0x3b</size>
         <input_file_ref idref="fl-36"/>
      </object_component>
      <object_component id="oc-8c">
         <name>.debug_line</name>
         <load_address>0x701</load_address>
         <run_address>0x701</run_address>
         <size>0x71</size>
         <input_file_ref idref="fl-37"/>
      </object_component>
      <object_component id="oc-91">
         <name>.debug_line</name>
         <load_address>0x772</load_address>
         <run_address>0x772</run_address>
         <size>0x35</size>
         <input_file_ref idref="fl-38"/>
      </object_component>
      <object_component id="oc-96">
         <name>.debug_line</name>
         <load_address>0x7a7</load_address>
         <run_address>0x7a7</run_address>
         <size>0x768</size>
         <input_file_ref idref="fl-39"/>
      </object_component>
      <object_component id="oc-9a">
         <name>.debug_line</name>
         <load_address>0xf0f</load_address>
         <run_address>0xf0f</run_address>
         <size>0x29</size>
         <input_file_ref idref="fl-3a"/>
      </object_component>
      <object_component id="oc-9e">
         <name>.debug_line</name>
         <load_address>0xf38</load_address>
         <run_address>0xf38</run_address>
         <size>0x59</size>
         <input_file_ref idref="fl-3b"/>
      </object_component>
      <object_component id="oc-a2">
         <name>.debug_line</name>
         <load_address>0xf91</load_address>
         <run_address>0xf91</run_address>
         <size>0x5f</size>
         <input_file_ref idref="fl-3c"/>
      </object_component>
      <object_component id="oc-a8">
         <name>.debug_line</name>
         <load_address>0xff0</load_address>
         <run_address>0xff0</run_address>
         <size>0x40</size>
         <input_file_ref idref="fl-3e"/>
      </object_component>
      <object_component id="oc-ac">
         <name>.debug_line</name>
         <load_address>0x1030</load_address>
         <run_address>0x1030</run_address>
         <size>0x5b</size>
         <input_file_ref idref="fl-3f"/>
      </object_component>
      <object_component id="oc-b0">
         <name>.debug_line</name>
         <load_address>0x108b</load_address>
         <run_address>0x108b</run_address>
         <size>0x7f</size>
         <input_file_ref idref="fl-40"/>
      </object_component>
      <object_component id="oc-b4">
         <name>.debug_line</name>
         <load_address>0x110a</load_address>
         <run_address>0x110a</run_address>
         <size>0x3c</size>
         <input_file_ref idref="fl-41"/>
      </object_component>
      <object_component id="oc-b8">
         <name>.debug_line</name>
         <load_address>0x1146</load_address>
         <run_address>0x1146</run_address>
         <size>0x6e</size>
         <input_file_ref idref="fl-42"/>
      </object_component>
      <object_component id="oc-bc">
         <name>.debug_line</name>
         <load_address>0x11b4</load_address>
         <run_address>0x11b4</run_address>
         <size>0x57</size>
         <input_file_ref idref="fl-43"/>
      </object_component>
      <object_component id="oc-c0">
         <name>.debug_line</name>
         <load_address>0x120b</load_address>
         <run_address>0x120b</run_address>
         <size>0x1cf</size>
         <input_file_ref idref="fl-44"/>
      </object_component>
      <object_component id="oc-c4">
         <name>.debug_line</name>
         <load_address>0x13da</load_address>
         <run_address>0x13da</run_address>
         <size>0x4f</size>
         <input_file_ref idref="fl-45"/>
      </object_component>
      <object_component id="oc-c8">
         <name>.debug_line</name>
         <load_address>0x1429</load_address>
         <run_address>0x1429</run_address>
         <size>0x43</size>
         <input_file_ref idref="fl-46"/>
      </object_component>
      <object_component id="oc-cc">
         <name>.debug_line</name>
         <load_address>0x146c</load_address>
         <run_address>0x146c</run_address>
         <size>0x5a</size>
         <input_file_ref idref="fl-47"/>
      </object_component>
      <object_component id="oc-d0">
         <name>.debug_line</name>
         <load_address>0x14c6</load_address>
         <run_address>0x14c6</run_address>
         <size>0x3f</size>
         <input_file_ref idref="fl-48"/>
      </object_component>
      <object_component id="oc-d3">
         <name>.debug_line</name>
         <load_address>0x1505</load_address>
         <run_address>0x1505</run_address>
         <size>0xa0</size>
         <input_file_ref idref="fl-49"/>
      </object_component>
      <object_component id="oc-d7">
         <name>.debug_line</name>
         <load_address>0x15a5</load_address>
         <run_address>0x15a5</run_address>
         <size>0x5a</size>
         <input_file_ref idref="fl-4a"/>
      </object_component>
      <object_component id="oc-db">
         <name>.debug_line</name>
         <load_address>0x15ff</load_address>
         <run_address>0x15ff</run_address>
         <size>0x3a</size>
         <input_file_ref idref="fl-4b"/>
      </object_component>
      <object_component id="oc-df">
         <name>.debug_line</name>
         <load_address>0x1639</load_address>
         <run_address>0x1639</run_address>
         <size>0x3a</size>
         <input_file_ref idref="fl-4c"/>
      </object_component>
      <object_component id="oc-e3">
         <name>.debug_line</name>
         <load_address>0x1673</load_address>
         <run_address>0x1673</run_address>
         <size>0x3b</size>
         <input_file_ref idref="fl-4d"/>
      </object_component>
      <object_component id="oc-e7">
         <name>.debug_line</name>
         <load_address>0x16ae</load_address>
         <run_address>0x16ae</run_address>
         <size>0x3b</size>
         <input_file_ref idref="fl-4e"/>
      </object_component>
      <object_component id="oc-eb">
         <name>.debug_line</name>
         <load_address>0x16e9</load_address>
         <run_address>0x16e9</run_address>
         <size>0x54</size>
         <input_file_ref idref="fl-4f"/>
      </object_component>
      <object_component id="oc-ee">
         <name>.debug_line</name>
         <load_address>0x173d</load_address>
         <run_address>0x173d</run_address>
         <size>0x48</size>
         <input_file_ref idref="fl-50"/>
      </object_component>
      <object_component id="oc-f2">
         <name>.debug_line</name>
         <load_address>0x1785</load_address>
         <run_address>0x1785</run_address>
         <size>0x48</size>
         <input_file_ref idref="fl-51"/>
      </object_component>
      <object_component id="oc-41">
         <name>.debug_abbrev</name>
         <load_address>0x0</load_address>
         <run_address>0x0</run_address>
         <size>0x143</size>
         <input_file_ref idref="fl-2"/>
      </object_component>
      <object_component id="oc-48">
         <name>.debug_abbrev</name>
         <load_address>0x143</load_address>
         <run_address>0x143</run_address>
         <size>0xe2</size>
         <input_file_ref idref="fl-3"/>
      </object_component>
      <object_component id="oc-4c">
         <name>.debug_abbrev</name>
         <load_address>0x225</load_address>
         <run_address>0x225</run_address>
         <size>0x35</size>
         <input_file_ref idref="fl-1d"/>
      </object_component>
      <object_component id="oc-53">
         <name>.debug_abbrev</name>
         <load_address>0x25a</load_address>
         <run_address>0x25a</run_address>
         <size>0x113</size>
         <input_file_ref idref="fl-1e"/>
      </object_component>
      <object_component id="oc-57">
         <name>.debug_abbrev</name>
         <load_address>0x36d</load_address>
         <run_address>0x36d</run_address>
         <size>0xbc</size>
         <input_file_ref idref="fl-1f"/>
      </object_component>
      <object_component id="oc-5b">
         <name>.debug_abbrev</name>
         <load_address>0x429</load_address>
         <run_address>0x429</run_address>
         <size>0xbf</size>
         <input_file_ref idref="fl-20"/>
      </object_component>
      <object_component id="oc-5f">
         <name>.debug_abbrev</name>
         <load_address>0x4e8</load_address>
         <run_address>0x4e8</run_address>
         <size>0x94</size>
         <input_file_ref idref="fl-21"/>
      </object_component>
      <object_component id="oc-63">
         <name>.debug_abbrev</name>
         <load_address>0x57c</load_address>
         <run_address>0x57c</run_address>
         <size>0x35</size>
         <input_file_ref idref="fl-22"/>
      </object_component>
      <object_component id="oc-66">
         <name>.debug_abbrev</name>
         <load_address>0x5b1</load_address>
         <run_address>0x5b1</run_address>
         <size>0x33</size>
         <input_file_ref idref="fl-23"/>
      </object_component>
      <object_component id="oc-6a">
         <name>.debug_abbrev</name>
         <load_address>0x5e4</load_address>
         <run_address>0x5e4</run_address>
         <size>0xf3</size>
         <input_file_ref idref="fl-24"/>
      </object_component>
      <object_component id="oc-6e">
         <name>.debug_abbrev</name>
         <load_address>0x6d7</load_address>
         <run_address>0x6d7</run_address>
         <size>0x35</size>
         <input_file_ref idref="fl-25"/>
      </object_component>
      <object_component id="oc-72">
         <name>.debug_abbrev</name>
         <load_address>0x70c</load_address>
         <run_address>0x70c</run_address>
         <size>0x35</size>
         <input_file_ref idref="fl-26"/>
      </object_component>
      <object_component id="oc-76">
         <name>.debug_abbrev</name>
         <load_address>0x741</load_address>
         <run_address>0x741</run_address>
         <size>0x35</size>
         <input_file_ref idref="fl-27"/>
      </object_component>
      <object_component id="oc-7a">
         <name>.debug_abbrev</name>
         <load_address>0x776</load_address>
         <run_address>0x776</run_address>
         <size>0x23</size>
         <input_file_ref idref="fl-32"/>
      </object_component>
      <object_component id="oc-7e">
         <name>.debug_abbrev</name>
         <load_address>0x799</load_address>
         <run_address>0x799</run_address>
         <size>0x35</size>
         <input_file_ref idref="fl-33"/>
      </object_component>
      <object_component id="oc-81">
         <name>.debug_abbrev</name>
         <load_address>0x7ce</load_address>
         <run_address>0x7ce</run_address>
         <size>0x35</size>
         <input_file_ref idref="fl-34"/>
      </object_component>
      <object_component id="oc-85">
         <name>.debug_abbrev</name>
         <load_address>0x803</load_address>
         <run_address>0x803</run_address>
         <size>0xa2</size>
         <input_file_ref idref="fl-35"/>
      </object_component>
      <object_component id="oc-89">
         <name>.debug_abbrev</name>
         <load_address>0x8a5</load_address>
         <run_address>0x8a5</run_address>
         <size>0x5f</size>
         <input_file_ref idref="fl-36"/>
      </object_component>
      <object_component id="oc-8d">
         <name>.debug_abbrev</name>
         <load_address>0x904</load_address>
         <run_address>0x904</run_address>
         <size>0xfd</size>
         <input_file_ref idref="fl-37"/>
      </object_component>
      <object_component id="oc-92">
         <name>.debug_abbrev</name>
         <load_address>0xa01</load_address>
         <run_address>0xa01</run_address>
         <size>0xa0</size>
         <input_file_ref idref="fl-38"/>
      </object_component>
      <object_component id="oc-97">
         <name>.debug_abbrev</name>
         <load_address>0xaa1</load_address>
         <run_address>0xaa1</run_address>
         <size>0x15f</size>
         <input_file_ref idref="fl-39"/>
      </object_component>
      <object_component id="oc-9b">
         <name>.debug_abbrev</name>
         <load_address>0xc00</load_address>
         <run_address>0xc00</run_address>
         <size>0xdb</size>
         <input_file_ref idref="fl-3a"/>
      </object_component>
      <object_component id="oc-9f">
         <name>.debug_abbrev</name>
         <load_address>0xcdb</load_address>
         <run_address>0xcdb</run_address>
         <size>0xb7</size>
         <input_file_ref idref="fl-3b"/>
      </object_component>
      <object_component id="oc-a3">
         <name>.debug_abbrev</name>
         <load_address>0xd92</load_address>
         <run_address>0xd92</run_address>
         <size>0x10e</size>
         <input_file_ref idref="fl-3c"/>
      </object_component>
      <object_component id="oc-a5">
         <name>.debug_abbrev</name>
         <load_address>0xea0</load_address>
         <run_address>0xea0</run_address>
         <size>0x50</size>
         <input_file_ref idref="fl-3d"/>
      </object_component>
      <object_component id="oc-a9">
         <name>.debug_abbrev</name>
         <load_address>0xef0</load_address>
         <run_address>0xef0</run_address>
         <size>0x35</size>
         <input_file_ref idref="fl-3e"/>
      </object_component>
      <object_component id="oc-ad">
         <name>.debug_abbrev</name>
         <load_address>0xf25</load_address>
         <run_address>0xf25</run_address>
         <size>0x35</size>
         <input_file_ref idref="fl-3f"/>
      </object_component>
      <object_component id="oc-b1">
         <name>.debug_abbrev</name>
         <load_address>0xf5a</load_address>
         <run_address>0xf5a</run_address>
         <size>0x35</size>
         <input_file_ref idref="fl-40"/>
      </object_component>
      <object_component id="oc-b5">
         <name>.debug_abbrev</name>
         <load_address>0xf8f</load_address>
         <run_address>0xf8f</run_address>
         <size>0x35</size>
         <input_file_ref idref="fl-41"/>
      </object_component>
      <object_component id="oc-b9">
         <name>.debug_abbrev</name>
         <load_address>0xfc4</load_address>
         <run_address>0xfc4</run_address>
         <size>0x35</size>
         <input_file_ref idref="fl-42"/>
      </object_component>
      <object_component id="oc-bd">
         <name>.debug_abbrev</name>
         <load_address>0xff9</load_address>
         <run_address>0xff9</run_address>
         <size>0x35</size>
         <input_file_ref idref="fl-43"/>
      </object_component>
      <object_component id="oc-c1">
         <name>.debug_abbrev</name>
         <load_address>0x102e</load_address>
         <run_address>0x102e</run_address>
         <size>0xfd</size>
         <input_file_ref idref="fl-44"/>
      </object_component>
      <object_component id="oc-c5">
         <name>.debug_abbrev</name>
         <load_address>0x112b</load_address>
         <run_address>0x112b</run_address>
         <size>0xcd</size>
         <input_file_ref idref="fl-45"/>
      </object_component>
      <object_component id="oc-c9">
         <name>.debug_abbrev</name>
         <load_address>0x11f8</load_address>
         <run_address>0x11f8</run_address>
         <size>0x8b</size>
         <input_file_ref idref="fl-46"/>
      </object_component>
      <object_component id="oc-cd">
         <name>.debug_abbrev</name>
         <load_address>0x1283</load_address>
         <run_address>0x1283</run_address>
         <size>0x9d</size>
         <input_file_ref idref="fl-47"/>
      </object_component>
      <object_component id="oc-d1">
         <name>.debug_abbrev</name>
         <load_address>0x1320</load_address>
         <run_address>0x1320</run_address>
         <size>0x35</size>
         <input_file_ref idref="fl-48"/>
      </object_component>
      <object_component id="oc-d4">
         <name>.debug_abbrev</name>
         <load_address>0x1355</load_address>
         <run_address>0x1355</run_address>
         <size>0x37</size>
         <input_file_ref idref="fl-49"/>
      </object_component>
      <object_component id="oc-d8">
         <name>.debug_abbrev</name>
         <load_address>0x138c</load_address>
         <run_address>0x138c</run_address>
         <size>0x96</size>
         <input_file_ref idref="fl-4a"/>
      </object_component>
      <object_component id="oc-dc">
         <name>.debug_abbrev</name>
         <load_address>0x1422</load_address>
         <run_address>0x1422</run_address>
         <size>0xa0</size>
         <input_file_ref idref="fl-4b"/>
      </object_component>
      <object_component id="oc-e0">
         <name>.debug_abbrev</name>
         <load_address>0x14c2</load_address>
         <run_address>0x14c2</run_address>
         <size>0xa9</size>
         <input_file_ref idref="fl-4c"/>
      </object_component>
      <object_component id="oc-e4">
         <name>.debug_abbrev</name>
         <load_address>0x156b</load_address>
         <run_address>0x156b</run_address>
         <size>0x8b</size>
         <input_file_ref idref="fl-4d"/>
      </object_component>
      <object_component id="oc-e8">
         <name>.debug_abbrev</name>
         <load_address>0x15f6</load_address>
         <run_address>0x15f6</run_address>
         <size>0x7b</size>
         <input_file_ref idref="fl-4e"/>
      </object_component>
      <object_component id="oc-ec">
         <name>.debug_abbrev</name>
         <load_address>0x1671</load_address>
         <run_address>0x1671</run_address>
         <size>0x43</size>
         <input_file_ref idref="fl-4f"/>
      </object_component>
      <object_component id="oc-ef">
         <name>.debug_abbrev</name>
         <load_address>0x16b4</load_address>
         <run_address>0x16b4</run_address>
         <size>0x4d</size>
         <input_file_ref idref="fl-50"/>
      </object_component>
      <object_component id="oc-f3">
         <name>.debug_abbrev</name>
         <load_address>0x1701</load_address>
         <run_address>0x1701</run_address>
         <size>0x35</size>
         <input_file_ref idref="fl-51"/>
      </object_component>
      <object_component id="oc-151">
         <name>.debug_abbrev</name>
         <load_address>0x1736</load_address>
         <run_address>0x1736</run_address>
         <size>0xd</size>
      </object_component>
   </object_component_list>
   <logical_group_list>
      <logical_group id="lg-2" display="no" color="cyan">
         <name>.bss</name>
         <run_address>0x200</run_address>
         <size>0x6c</size>
         <contents>
            <object_component_ref idref="oc-3b"/>
            <object_component_ref idref="oc-42"/>
            <object_component_ref idref="oc-4d"/>
            <object_component_ref idref="oc-8e"/>
         </contents>
      </logical_group>
      <logical_group id="lg-3" display="no" color="cyan">
         <name>.data</name>
         <run_address>0x200</run_address>
         <size>0x0</size>
         <contents>
         </contents>
      </logical_group>
      <logical_group id="lg-4" display="no" color="cyan">
         <name>.sysmem</name>
         <run_address>0x0</run_address>
         <size>0x0</size>
         <contents>
         </contents>
      </logical_group>
      <logical_group id="lg-5" display="no" color="cyan">
         <name>.stack</name>
         <run_address>0x3b0</run_address>
         <size>0x50</size>
         <contents>
            <object_component_ref idref="oc-4f"/>
            <object_component_ref idref="oc-14f"/>
         </contents>
      </logical_group>
      <logical_group id="lg-6" display="no" color="cyan">
         <name>.text</name>
         <load_address>0xc000</load_address>
         <run_address>0xc000</run_address>
         <size>0x2956</size>
         <contents>
            <object_component_ref idref="oc-f9"/>
            <object_component_ref idref="oc-120"/>
            <object_component_ref idref="oc-108"/>
            <object_component_ref idref="oc-104"/>
            <object_component_ref idref="oc-10d"/>
            <object_component_ref idref="oc-11a"/>
            <object_component_ref idref="oc-11d"/>
            <object_component_ref idref="oc-110"/>
            <object_component_ref idref="oc-116"/>
            <object_component_ref idref="oc-10c"/>
            <object_component_ref idref="oc-6b"/>
            <object_component_ref idref="oc-118"/>
            <object_component_ref idref="oc-111"/>
            <object_component_ref idref="oc-107"/>
            <object_component_ref idref="oc-114"/>
            <object_component_ref idref="oc-73"/>
            <object_component_ref idref="oc-109"/>
            <object_component_ref idref="oc-fd"/>
            <object_component_ref idref="oc-ae"/>
            <object_component_ref idref="oc-11c"/>
            <object_component_ref idref="oc-117"/>
            <object_component_ref idref="oc-11b"/>
            <object_component_ref idref="oc-122"/>
            <object_component_ref idref="oc-b6"/>
            <object_component_ref idref="oc-115"/>
            <object_component_ref idref="oc-100"/>
            <object_component_ref idref="oc-60"/>
            <object_component_ref idref="oc-10b"/>
            <object_component_ref idref="oc-11e"/>
            <object_component_ref idref="oc-11f"/>
            <object_component_ref idref="oc-aa"/>
            <object_component_ref idref="oc-6f"/>
            <object_component_ref idref="oc-123"/>
            <object_component_ref idref="oc-f8"/>
            <object_component_ref idref="oc-ba"/>
            <object_component_ref idref="oc-106"/>
            <object_component_ref idref="oc-e9"/>
            <object_component_ref idref="oc-119"/>
            <object_component_ref idref="oc-ff"/>
            <object_component_ref idref="oc-49"/>
            <object_component_ref idref="oc-7b"/>
            <object_component_ref idref="oc-3a"/>
            <object_component_ref idref="oc-f0"/>
            <object_component_ref idref="oc-121"/>
            <object_component_ref idref="oc-10e"/>
            <object_component_ref idref="oc-f5"/>
            <object_component_ref idref="oc-102"/>
            <object_component_ref idref="oc-a6"/>
            <object_component_ref idref="oc-113"/>
            <object_component_ref idref="oc-10a"/>
            <object_component_ref idref="oc-ce"/>
            <object_component_ref idref="oc-103"/>
            <object_component_ref idref="oc-124"/>
            <object_component_ref idref="oc-fb"/>
            <object_component_ref idref="oc-fe"/>
            <object_component_ref idref="oc-fc"/>
            <object_component_ref idref="oc-105"/>
            <object_component_ref idref="oc-101"/>
            <object_component_ref idref="oc-112"/>
            <object_component_ref idref="oc-125"/>
            <object_component_ref idref="oc-b2"/>
            <object_component_ref idref="oc-f4"/>
            <object_component_ref idref="oc-77"/>
            <object_component_ref idref="oc-f7"/>
            <object_component_ref idref="oc-fa"/>
            <object_component_ref idref="oc-f6"/>
         </contents>
      </logical_group>
[...]
         <name>WDT_ISR</name>
         <value>0xe826</value>
         <object_component_ref idref="oc-f5"/>
      </symbol>
      <symbol id="sm-dd">
         <name>buffer</name>
         <value>0x20a</value>
         <object_component_ref idref="oc-3b"/>
      </symbol>
      <symbol id="sm-de">
         <name>ADC10_ISR</name>
         <value>0xe93e</value>
         <object_component_ref idref="oc-f4"/>
      </symbol>
      <symbol id="sm-df">
         <name>__TI_int05</name>
         <value>0xffea</value>
         <object_component_ref idref="oc-30"/>
      </symbol>
      <symbol id="sm-e0">
         <name>__TI_int10</name>
         <value>0xfff4</value>
         <object_component_ref idref="oc-35"/>
      </symbol>
      <symbol id="sm-e1">
         <name>tics</name>
         <value>0x202</value>
         <object_component_ref idref="oc-3b"/>
      </symbol>
      <symbol id="sm-e2">
         <name>print</name>
         <value>0xe8e2</value>
         <object_component_ref idref="oc-fe"/>
      </symbol>
      <symbol id="sm-e3">
         <name>baud_rate_20_bits</name>
         <value>0x204</value>
         <object_component_ref idref="oc-3b"/>
      </symbol>
      <symbol id="sm-e4">
         <name>WDT_Sec_Cnt</name>
         <value>0x200</value>
         <object_component_ref idref="oc-3b"/>
      </symbol>
      <symbol id="sm-e5">
         <name>lab01_init</name>
         <value>0xdeee</value>
         <object_component_ref idref="oc-fd"/>
      </symbol>
      <symbol id="sm-e6">
         <name>count</name>
         <value>0x208</value>
         <object_component_ref idref="oc-3b"/>
      </symbol>
      <symbol id="sm-e7">
         <name>putchar</name>
         <value>0xe912</value>
         <object_component_ref idref="oc-101"/>
      </symbol>
      <symbol id="sm-12a">
         <name>BPS</name>
         <value>0x260</value>
         <object_component_ref idref="oc-42"/>
      </symbol>
      <symbol id="sm-12b">
         <name>MCLK_HZ</name>
         <value>0x25c</value>
         <object_component_ref idref="oc-42"/>
      </symbol>
      <symbol id="sm-12c">
         <name>main</name>
         <value>0xc000</value>
         <object_component_ref idref="oc-f9"/>
      </symbol>
      <symbol id="sm-134">
         <name>I_ASR</name>
         <value>0xe744</value>
         <object_component_ref idref="oc-49"/>
      </symbol>
      <symbol id="sm-135">
         <name>I_ASR_12</name>
         <value>0xe756</value>
         <object_component_ref idref="oc-49"/>
      </symbol>
      <symbol id="sm-136">
         <name>I_ASR_13</name>
         <value>0xe754</value>
         <object_component_ref idref="oc-49"/>
      </symbol>
      <symbol id="sm-137">
         <name>I_ASR_10</name>
         <value>0xe75a</value>
         <object_component_ref idref="oc-49"/>
      </symbol>
      <symbol id="sm-138">
         <name>I_ASR_11</name>
         <value>0xe758</value>
         <object_component_ref idref="oc-49"/>
      </symbol>
      <symbol id="sm-139">
         <name>I_ASR_14</name>
         <value>0xe752</value>
         <object_component_ref idref="oc-49"/>
      </symbol>
      <symbol id="sm-13a">
         <name>I_ASR_15</name>
         <value>0xe750</value>
         <object_component_ref idref="oc-49"/>
      </symbol>
      <symbol id="sm-13b">
         <name>I_ASR_3</name>
         <value>0xe768</value>
         <object_component_ref idref="oc-49"/>
      </symbol>
      <symbol id="sm-13c">
         <name>I_ASR_2</name>
         <value>0xe76a</value>
         <object_component_ref idref="oc-49"/>
      </symbol>
      <symbol id="sm-13d">
         <name>I_ASR_1</name>
         <value>0xe76c</value>
         <object_component_ref idref="oc-49"/>
      </symbol>
      <symbol id="sm-13e">
         <name>I_ASR_7</name>
         <value>0xe760</value>
         <object_component_ref idref="oc-49"/>
      </symbol>
      <symbol id="sm-13f">
         <name>I_ASR_6</name>
         <value>0xe762</value>
         <object_component_ref idref="oc-49"/>
      </symbol>
      <symbol id="sm-140">
         <name>I_ASR_5</name>
         <value>0xe764</value>
         <object_component_ref idref="oc-49"/>
      </symbol>
      <symbol id="sm-141">
         <name>I_ASR_4</name>
         <value>0xe766</value>
         <object_component_ref idref="oc-49"/>
      </symbol>
      <symbol id="sm-142">
         <name>I_ASR_9</name>
         <value>0xe75c</value>
         <object_component_ref idref="oc-49"/>
      </symbol>
      <symbol id="sm-143">
         <name>I_ASR_8</name>
         <value>0xe75e</value>
         <object_component_ref idref="oc-49"/>
      </symbol>
      <symbol id="sm-154">
         <name>_c_int00_noexit</name>
         <value>0xe79c</value>
         <object_component_ref idref="oc-3a"/>
      </symbol>
      <symbol id="sm-155">
         <name>_c_int00</name>
         <value>0xe79c</value>
         <object_component_ref idref="oc-3a"/>
      </symbol>
      <symbol id="sm-156">
         <name>_stack</name>
         <value>0x3b0</value>
         <object_component_ref idref="oc-4f"/>
      </symbol>
      <symbol id="sm-157">
         <name>__TI_dtors_ptr</name>
         <value>0x26a</value>
         <object_component_ref idref="oc-4d"/>
      </symbol>
      <symbol id="sm-158">
         <name>__TI_cleanup_ptr</name>
         <value>0x268</value>
         <object_component_ref idref="oc-4d"/>
      </symbol>
      <symbol id="sm-159">
         <name>_reset_vector</name>
         <value>0xfffe</value>
         <object_component_ref idref="oc-50"/>
      </symbol>
      <symbol id="sm-17c">
         <name>__divul</name>
         <value>0xe39e</value>
         <object_component_ref idref="oc-60"/>
      </symbol>
      <symbol id="sm-17d">
         <name>__remul</name>
         <value>0xe39e</value>
         <object_component_ref idref="oc-60"/>
      </symbol>
      <symbol id="sm-186">
         <name>func_epilog_1</name>
         <value>0xe900</value>
         <object_component_ref idref="oc-fc"/>
      </symbol>
      <symbol id="sm-187">
         <name>func_epilog_2</name>
         <value>0xe8fe</value>
         <object_component_ref idref="oc-fc"/>
      </symbol>
      <symbol id="sm-188">
         <name>func_epilog_3</name>
         <value>0xe8fc</value>
         <object_component_ref idref="oc-fc"/>
      </symbol>
      <symbol id="sm-189">
         <name>func_epilog_4</name>
         <value>0xe8fa</value>
         <object_component_ref idref="oc-fc"/>
      </symbol>
      <symbol id="sm-18a">
         <name>func_epilog_5</name>
         <value>0xe8f8</value>
         <object_component_ref idref="oc-fc"/>
      </symbol>
      <symbol id="sm-18b">
         <name>func_epilog_6</name>
         <value>0xe8f6</value>
         <object_component_ref idref="oc-fc"/>
      </symbol>
      <symbol id="sm-18c">
         <name>func_epilog_7</name>
         <value>0xe8f4</value>
         <object_component_ref idref="oc-fc"/>
      </symbol>
      <symbol id="sm-197">
         <name>C$$EXIT</name>
         <value>0xe950</value>
         <object_component_ref idref="oc-fa"/>
      </symbol>
      <symbol id="sm-198">
         <name>abort</name>
         <value>0xe950</value>
         <object_component_ref idref="oc-fa"/>
      </symbol>
      <symbol id="sm-199">
         <name>__TI_exit</name>
         <value>0x1</value>
      </symbol>
      <symbol id="sm-1b4">
         <name>__fs_add</name>
         <value>0xd842</value>
         <object_component_ref idref="oc-6b"/>
      </symbol>
      <symbol id="sm-1b5">
         <name>__fs_sub</name>
         <value>0xd83c</value>
         <object_component_ref idref="oc-6b"/>
      </symbol>
      <symbol id="sm-1c4">
         <name>__fs_ltof</name>
         <value>0xe52c</value>
         <object_component_ref idref="oc-6f"/>
      </symbol>
      <symbol id="sm-1db">
         <name>__fs_mpy</name>
         <value>0xdd80</value>
         <object_component_ref idref="oc-73"/>
      </symbol>
      <symbol id="sm-1df">
         <name>__TI_int02</name>
         <value>0xffe4</value>
         <object_component_ref idref="oc-2e"/>
      </symbol>
      <symbol id="sm-1e3">
         <name>__TI_int03</name>
         <value>0xffe6</value>
         <object_component_ref idref="oc-2f"/>
      </symbol>
      <symbol id="sm-1e7">
         <name>__TI_int06</name>
         <value>0xffec</value>
         <object_component_ref idref="oc-31"/>
      </symbol>
      <symbol id="sm-1eb">
         <name>__TI_int07</name>
         <value>0xffee</value>
         <object_component_ref idref="oc-32"/>
      </symbol>
      <symbol id="sm-1ef">
         <name>__TI_int08</name>
         <value>0xfff0</value>
         <object_component_ref idref="oc-33"/>
      </symbol>
      <symbol id="sm-1f3">
         <name>__TI_int09</name>
         <value>0xfff2</value>
         <object_component_ref idref="oc-34"/>
      </symbol>
      <symbol id="sm-1f7">
         <name>__TI_int11</name>
         <value>0xfff6</value>
         <object_component_ref idref="oc-36"/>
      </symbol>
      <symbol id="sm-1fb">
         <name>__TI_int12</name>
         <value>0xfff8</value>
         <object_component_ref idref="oc-37"/>
      </symbol>
      <symbol id="sm-1ff">
         <name>__TI_int13</name>
         <value>0xfffa</value>
         <object_component_ref idref="oc-38"/>
      </symbol>
      <symbol id="sm-203">
         <name>__TI_int14</name>
         <value>0xfffc</value>
         <object_component_ref idref="oc-39"/>
      </symbol>
      <symbol id="sm-20b">
         <name>__TI_ISR_TRAP</name>
         <value>0xe946</value>
         <object_component_ref idref="oc-77"/>
      </symbol>
      <symbol id="sm-213">
         <name>I_LSL</name>
         <value>0xe770</value>
         <object_component_ref idref="oc-7b"/>
      </symbol>
      <symbol id="sm-214">
         <name>I_LSL_3</name>
         <value>0xe794</value>
         <object_component_ref idref="oc-7b"/>
      </symbol>
      <symbol id="sm-215">
         <name>I_LSL_2</name>
         <value>0xe796</value>
         <object_component_ref idref="oc-7b"/>
      </symbol>
      <symbol id="sm-216">
         <name>I_LSL_1</name>
         <value>0xe798</value>
         <object_component_ref idref="oc-7b"/>
      </symbol>
      <symbol id="sm-217">
         <name>I_LSL_7</name>
         <value>0xe78c</value>
         <object_component_ref idref="oc-7b"/>
      </symbol>
      <symbol id="sm-218">
         <name>I_LSL_6</name>
         <value>0xe78e</value>
         <object_component_ref idref="oc-7b"/>
      </symbol>
      <symbol id="sm-219">
         <name>I_LSL_5</name>
         <value>0xe790</value>
         <object_component_ref idref="oc-7b"/>
      </symbol>
      <symbol id="sm-21a">
         <name>I_LSL_4</name>
         <value>0xe792</value>
         <object_component_ref idref="oc-7b"/>
      </symbol>
      <symbol id="sm-21b">
         <name>I_LSL_9</name>
         <value>0xe788</value>
         <object_component_ref idref="oc-7b"/>
      </symbol>
      <symbol id="sm-21c">
         <name>I_LSL_8</name>
         <value>0xe78a</value>
         <object_component_ref idref="oc-7b"/>
      </symbol>
      <symbol id="sm-21d">
         <name>I_LSL_12</name>
         <value>0xe782</value>
         <object_component_ref idref="oc-7b"/>
      </symbol>
      <symbol id="sm-21e">
         <name>I_LSL_13</name>
         <value>0xe780</value>
         <object_component_ref idref="oc-7b"/>
      </symbol>
      <symbol id="sm-21f">
         <name>I_LSL_10</name>
         <value>0xe786</value>
         <object_component_ref idref="oc-7b"/>
      </symbol>
      <symbol id="sm-220">
         <name>I_LSL_11</name>
         <value>0xe784</value>
         <object_component_ref idref="oc-7b"/>
      </symbol>
      <symbol id="sm-221">
         <name>I_LSL_14</name>
         <value>0xe77e</value>
         <object_component_ref idref="oc-7b"/>
      </symbol>
      <symbol id="sm-222">
         <name>I_LSL_15</name>
         <value>0xe77c</value>
         <object_component_ref idref="oc-7b"/>
      </symbol>
      <symbol id="sm-22e">
         <name>L_LSR_12</name>
         <value>0xe354</value>
         <object_component_ref idref="oc-100"/>
      </symbol>
      <symbol id="sm-22f">
         <name>L_LSR_13</name>
         <value>0xe34e</value>
         <object_component_ref idref="oc-100"/>
      </symbol>
      <symbol id="sm-230">
         <name>L_LSR_10</name>
         <value>0xe360</value>
         <object_component_ref idref="oc-100"/>
      </symbol>
      <symbol id="sm-231">
         <name>L_LSR_11</name>
         <value>0xe35a</value>
         <object_component_ref idref="oc-100"/>
      </symbol>
      <symbol id="sm-232">
         <name>L_LSR_14</name>
         <value>0xe348</value>
         <object_component_ref idref="oc-100"/>
      </symbol>
      <symbol id="sm-233">
         <name>L_LSR_15</name>
         <value>0xe342</value>
         <object_component_ref idref="oc-100"/>
      </symbol>
      <symbol id="sm-234">
         <name>L_LSR</name>
         <value>0xe8be</value>
         <object_component_ref idref="oc-124"/>
      </symbol>
      <symbol id="sm-235">
         <name>L_LSR_3</name>
         <value>0xe38a</value>
         <object_component_ref idref="oc-100"/>
      </symbol>
      <symbol id="sm-236">
         <name>L_LSR_2</name>
         <value>0xe390</value>
         <object_component_ref idref="oc-100"/>
      </symbol>
      <symbol id="sm-237">
         <name>L_LSR_1</name>
         <value>0xe396</value>
         <object_component_ref idref="oc-100"/>
      </symbol>
      <symbol id="sm-238">
         <name>L_LSR_7</name>
         <value>0xe372</value>
         <object_component_ref idref="oc-100"/>
      </symbol>
      <symbol id="sm-239">
         <name>L_LSR_6</name>
         <value>0xe378</value>
         <object_component_ref idref="oc-100"/>
      </symbol>
      <symbol id="sm-23a">
         <name>L_LSR_5</name>
         <value>0xe37e</value>
         <object_component_ref idref="oc-100"/>
      </symbol>
      <symbol id="sm-23b">
         <name>L_LSR_4</name>
         <value>0xe384</value>
         <object_component_ref idref="oc-100"/>
      </symbol>
      <symbol id="sm-23c">
         <name>L_LSR_9</name>
         <value>0xe366</value>
         <object_component_ref idref="oc-100"/>
      </symbol>
      <symbol id="sm-23d">
         <name>L_LSR_8</name>
         <value>0xe36c</value>
         <object_component_ref idref="oc-100"/>
      </symbol>
      <symbol id="sm-249">
         <name>memcpy</name>
         <value>0xe8d0</value>
         <object_component_ref idref="oc-fb"/>
      </symbol>
      <symbol id="sm-253">
         <name>_system_pre_init</name>
         <value>0xe94c</value>
         <object_component_ref idref="oc-f7"/>
      </symbol>
      <symbol id="sm-263">
         <name>sprintf</name>
         <value>0xe70c</value>
         <object_component_ref idref="oc-ff"/>
      </symbol>
      <symbol id="sm-26f">
         <name>_nop</name>
         <value>0xe954</value>
         <object_component_ref idref="oc-f6"/>
      </symbol>
      <symbol id="sm-270">
         <name>_lock</name>
         <value>0x264</value>
         <object_component_ref idref="oc-8e"/>
      </symbol>
      <symbol id="sm-271">
         <name>_unlock</name>
         <value>0x266</value>
         <object_component_ref idref="oc-8e"/>
      </symbol>
      <symbol id="sm-387">
         <name>__TI_printfi</name>
         <value>0xcde2</value>
         <object_component_ref idref="oc-104"/>
      </symbol>
      <symbol id="sm-38f">
         <name>__TI_args_main</name>
         <value>0x1</value>
      </symbol>
      <symbol id="sm-3a0">
         <name>atoi</name>
         <value>0xe3f6</value>
         <object_component_ref idref="oc-10b"/>
      </symbol>
      <symbol id="sm-3b0">
         <name>_auto_init</name>
         <value>0xe5be</value>
         <object_component_ref idref="oc-f8"/>
      </symbol>
      <symbol id="sm-3b1">
         <name>__TI_auto_init</name>
         <value>0x1</value>
      </symbol>
      <symbol id="sm-3b9">
         <name>_ctypes_</name>
         <value>0xec68</value>
         <object_component_ref idref="oc-10f"/>
      </symbol>
      <symbol id="sm-3c3">
         <name>__remu</name>
         <value>0xe85a</value>
         <object_component_ref idref="oc-a6"/>
      </symbol>
      <symbol id="sm-3c4">
         <name>__divu</name>
         <value>0xe85a</value>
         <object_component_ref idref="oc-a6"/>
      </symbol>
      <symbol id="sm-3d4">
         <name>__fs_cmp</name>
         <value>0xe4e2</value>
         <object_component_ref idref="oc-aa"/>
      </symbol>
      <symbol id="sm-3e6">
         <name>__fs_div</name>
         <value>0xdf92</value>
         <object_component_ref idref="oc-ae"/>
      </symbol>
      <symbol id="sm-3ef">
         <name>__fs_neg</name>
         <value>0xe934</value>
         <object_component_ref idref="oc-b2"/>
      </symbol>
      <symbol id="sm-402">
         <name>__fs_tol</name>
         <value>0xe250</value>
         <object_component_ref idref="oc-b6"/>
      </symbol>
      <symbol id="sm-411">
         <name>__fs_tou</name>
         <value>0xe606</value>
         <object_component_ref idref="oc-ba"/>
      </symbol>
      <symbol id="sm-44f">
         <name>__divull</name>
         <value>0xc81e</value>
         <object_component_ref idref="oc-120"/>
      </symbol>
      <symbol id="sm-450">
         <name>__lslll</name>
         <value>0xe576</value>
         <object_component_ref idref="oc-123"/>
      </symbol>
      <symbol id="sm-451">
         <name>__lsrll</name>
         <value>0xe498</value>
         <object_component_ref idref="oc-11f"/>
      </symbol>
      <symbol id="sm-45e">
         <name>ltoa</name>
         <value>0xe1cc</value>
         <object_component_ref idref="oc-122"/>
      </symbol>
      <symbol id="sm-46b">
         <name>memccpy</name>
         <value>0xe80a</value>
         <object_component_ref idref="oc-10e"/>
      </symbol>
      <symbol id="sm-477">
         <name>memset</name>
         <value>0xe884</value>
         <object_component_ref idref="oc-10a"/>
      </symbol>
      <symbol id="sm-481">
         <name>__mpyi</name>
         <value>0xe898</value>
         <object_component_ref idref="oc-ce"/>
      </symbol>
      <symbol id="sm-489">
         <name>__mpyll</name>
         <value>0xd96c</value>
         <object_component_ref idref="oc-118"/>
      </symbol>
      <symbol id="sm-494">
         <name>strlen</name>
         <value>0xe904</value>
         <object_component_ref idref="oc-105"/>
      </symbol>
      <symbol id="sm-49f">
         <name>toupper</name>
         <value>0xe91e</value>
         <object_component_ref idref="oc-112"/>
      </symbol>
      <symbol id="sm-4a9">
         <name>_FDclass</name>
         <value>0xe870</value>
         <object_component_ref idref="oc-113"/>
      </symbol>
      <symbol id="sm-4b8">
         <name>_FDtest</name>
         <value>0xe6d0</value>
         <object_component_ref idref="oc-119"/>
      </symbol>
      <symbol id="sm-4c3">
         <name>abs</name>
         <value>0xe92a</value>
         <object_component_ref idref="oc-125"/>
      </symbol>
      <symbol id="sm-4cf">
         <name>__remli</name>
         <value>0xe690</value>
         <object_component_ref idref="oc-e9"/>
      </symbol>
      <symbol id="sm-4d0">
         <name>__divli</name>
         <value>0xe690</value>
         <object_component_ref idref="oc-e9"/>
      </symbol>
      <symbol id="sm-4db">
         <name>__mpyul</name>
         <value>0xe7e8</value>
         <object_component_ref idref="oc-121"/>
      </symbol>
      <symbol id="sm-4e5">
         <name>__mpyl</name>
         <value>0xe7c2</value>
         <object_component_ref idref="oc-f0"/>
      </symbol>
   </symbol_table>
   <title>Link successful</title>
</link_info>
