<?xml version="1.0"?>
<link_info>
   <banner>MSP430 Linker PC v4.2.1</banner>
   <copyright>Copyright (c) 2003-2013 Texas Instruments Incorporated</copyright>
   <link_time>0x553f1b5c</link_time>
   <link_errors>0x0</link_errors>
   <output_file>Snake.out</output_file>
   <entry_point>
      <name>_c_int00</name>
      <address>0xa2ba</address>
   </entry_point>
   <input_file_list>
      <input_file id="fl-2">
         <path>.\</path>
         <kind>object</kind>
         <file>snakelib.obj</file>
         <name>snakelib.obj</name>
      </input_file>
      <input_file id="fl-3">
         <path>.\</path>
         <kind>object</kind>
         <file>snake_interrupts.obj</file>
         <name>snake_interrupts.obj</name>
      </input_file>
      <input_file id="fl-4">
         <path>.\</path>
         <kind>object</kind>
         <file>snake_images.obj</file>
         <name>snake_images.obj</name>
      </input_file>
      <input_file id="fl-5">
         <path>.\</path>
         <kind>object</kind>
         <file>snake_events.obj</file>
         <name>snake_events.obj</name>
      </input_file>
      <input_file id="fl-6">
         <path>.\</path>
         <kind>object</kind>
         <file>snake.obj</file>
         <name>snake.obj</name>
      </input_file>
      <input_file id="fl-7">
         <path>.\</path>
         <kind>object</kind>
         <file>RBX430_lcd.obj</file>
         <name>RBX430_lcd.obj</name>
      </input_file>
      <input_file id="fl-8">
         <path>.\</path>
         <kind>object</kind>
         <file>RBX430-1.obj</file>
         <name>RBX430-1.obj</name>
      </input_file>
      <input_file id="fl-22">
         <path>C:\ti\ccsv5\tools\compiler\msp430_4.2.1\lib\</path>
         <kind>archive</kind>
         <file>rts430.lib</file>
         <name>boot.obj</name>
      </input_file>
      <input_file id="fl-23">
         <path>C:\ti\ccsv5\tools\compiler\msp430_4.2.1\lib\</path>
         <kind>archive</kind>
         <file>rts430.lib</file>
         <name>copy_decompress_none.obj</name>
      </input_file>
      <input_file id="fl-24">
         <path>C:\ti\ccsv5\tools\compiler\msp430_4.2.1\lib\</path>
         <kind>archive</kind>
         <file>rts430.lib</file>
         <name>copy_decompress_rle.obj</name>
      </input_file>
      <input_file id="fl-25">
         <path>C:\ti\ccsv5\tools\compiler\msp430_4.2.1\lib\</path>
         <kind>archive</kind>
         <file>rts430.lib</file>
         <name>copy_zero_init.obj</name>
      </input_file>
      <input_file id="fl-26">
         <path>C:\ti\ccsv5\tools\compiler\msp430_4.2.1\lib\</path>
         <kind>archive</kind>
         <file>rts430.lib</file>
         <name>div16s.obj</name>
      </input_file>
      <input_file id="fl-27">
         <path>C:\ti\ccsv5\tools\compiler\msp430_4.2.1\lib\</path>
         <kind>archive</kind>
         <file>rts430.lib</file>
         <name>div16u.obj</name>
      </input_file>
      <input_file id="fl-28">
         <path>C:\ti\ccsv5\tools\compiler\msp430_4.2.1\lib\</path>
         <kind>archive</kind>
         <file>rts430.lib</file>
         <name>epilog.obj</name>
      </input_file>
      <input_file id="fl-29">
         <path>C:\ti\ccsv5\tools\compiler\msp430_4.2.1\lib\</path>
         <kind>archive</kind>
         <file>rts430.lib</file>
         <name>exit.obj</name>
      </input_file>
      <input_file id="fl-2a">
         <path>C:\ti\ccsv5\tools\compiler\msp430_4.2.1\lib\</path>
         <kind>archive</kind>
         <file>rts430.lib</file>
         <name>lsl16.obj</name>
      </input_file>
      <input_file id="fl-2b">
         <path>C:\ti\ccsv5\tools\compiler\msp430_4.2.1\lib\</path>
         <kind>archive</kind>
         <file>rts430.lib</file>
         <name>lsr16.obj</name>
      </input_file>
      <input_file id="fl-2c">
         <path>C:\ti\ccsv5\tools\compiler\msp430_4.2.1\lib\</path>
         <kind>archive</kind>
         <file>rts430.lib</file>
         <name>lsr32.obj</name>
      </input_file>
      <input_file id="fl-2d">
         <path>C:\ti\ccsv5\tools\compiler\msp430_4.2.1\lib\</path>
         <kind>archive</kind>
         <file>rts430.lib</file>
         <name>memcpy.obj</name>
      </input_file>
      <input_file id="fl-2e">
         <path>C:\ti\ccsv5\tools\compiler\msp430_4.2.1\lib\</path>
         <kind>archive</kind>
         <file>rts430.lib</file>
         <name>memory.obj</name>
      </input_file>
      <input_file id="fl-2f">
         <path>C:\ti\ccsv5\tools\compiler\msp430_4.2.1\lib\</path>
         <kind>archive</kind>
         <file>rts430.lib</file>
         <name>mult16.obj</name>
      </input_file>
      <input_file id="fl-30">
         <path>C:\ti\ccsv5\tools\compiler\msp430_4.2.1\lib\</path>
         <kind>archive</kind>
         <file>rts430.lib</file>
         <name>pre_init.obj</name>
      </input_file>
      <input_file id="fl-31">
         <path>C:\ti\ccsv5\tools\compiler\msp430_4.2.1\lib\</path>
         <kind>archive</kind>
         <file>rts430.lib</file>
         <name>rand.obj</name>
      </input_file>
      <input_file id="fl-32">
         <path>C:\ti\ccsv5\tools\compiler\msp430_4.2.1\lib\</path>
         <kind>archive</kind>
         <file>rts430.lib</file>
         <name>strlen.obj</name>
      </input_file>
      <input_file id="fl-33">
         <path>C:\ti\ccsv5\tools\compiler\msp430_4.2.1\lib\</path>
         <kind>archive</kind>
         <file>rts430.lib</file>
         <name>_lock.obj</name>
      </input_file>
      <input_file id="fl-34">
         <path>C:\ti\ccsv5\tools\compiler\msp430_4.2.1\lib\</path>
         <kind>archive</kind>
         <file>rts430.lib</file>
         <name>args_main.obj</name>
      </input_file>
      <input_file id="fl-35">
         <path>C:\ti\ccsv5\tools\compiler\msp430_4.2.1\lib\</path>
         <kind>archive</kind>
         <file>rts430.lib</file>
         <name>autoinit.obj</name>
      </input_file>
      <input_file id="fl-36">
         <path>C:\ti\ccsv5\tools\compiler\msp430_4.2.1\lib\</path>
         <kind>archive</kind>
         <file>rts430.lib</file>
         <name>mult32.obj</name>
      </input_file>
   </input_file_list>
   <object_component_list>
      <object_component id="oc-43">
         <name>.bss</name>
         <uninitialized>true</uninitialized>
         <run_address>0x31c</run_address>
         <size>0x32</size>
         <input_file_ref idref="fl-5"/>
      </object_component>
      <object_component id="oc-4a">
         <name>.bss</name>
         <uninitialized>true</uninitialized>
         <run_address>0x200</run_address>
         <size>0x11c</size>
         <input_file_ref idref="fl-6"/>
      </object_component>
      <object_component id="oc-4f">
         <name>.bss</name>
         <uninitialized>true</uninitialized>
         <run_address>0x356</run_address>
         <size>0x6</size>
         <input_file_ref idref="fl-7"/>
      </object_component>
      <object_component id="oc-54">
         <name>.bss</name>
         <uninitialized>true</uninitialized>
         <run_address>0x368</run_address>
         <size>0x2</size>
         <input_file_ref idref="fl-8"/>
      </object_component>
      <object_component id="oc-59">
         <name>.bss</name>
         <uninitialized>true</uninitialized>
         <run_address>0x360</run_address>
         <size>0x4</size>
         <input_file_ref idref="fl-22"/>
      </object_component>
      <object_component id="oc-8a">
         <name>.bss</name>
         <uninitialized>true</uninitialized>
         <run_address>0x34e</run_address>
         <size>0x8</size>
         <input_file_ref idref="fl-2e"/>
      </object_component>
      <object_component id="oc-99">
         <name>.bss</name>
         <uninitialized>true</uninitialized>
         <run_address>0x364</run_address>
         <size>0x4</size>
         <input_file_ref idref="fl-31"/>
      </object_component>
      <object_component id="oc-a3">
         <name>.bss</name>
         <uninitialized>true</uninitialized>
         <run_address>0x35c</run_address>
         <size>0x4</size>
         <input_file_ref idref="fl-33"/>
      </object_component>
      <object_component id="oc-8d">
         <name>.sysmem</name>
         <uninitialized>true</uninitialized>
         <run_address>0x36c</run_address>
         <size>0x4</size>
         <input_file_ref idref="fl-2e"/>
      </object_component>
      <object_component id="oc-149">
         <name>.sysmem</name>
         <uninitialized>true</uninitialized>
         <run_address>0x36c</run_address>
         <size>0x0</size>
      </object_component>
      <object_component id="oc-5b">
         <name>.stack</name>
         <uninitialized>true</uninitialized>
         <run_address>0x5b0</run_address>
         <size>0x2</size>
         <input_file_ref idref="fl-22"/>
      </object_component>
      <object_component id="oc-148">
         <name>.stack</name>
         <uninitialized>true</uninitialized>
         <run_address>0x5b0</run_address>
         <size>0x0</size>
      </object_component>
      <object_component id="oc-f0">
         <name>.text:lcd_point</name>
         <load_address>0x8000</load_address>
         <run_address>0x8000</run_address>
         <size>0x246</size>
         <input_file_ref idref="fl-7"/>
      </object_component>
      <object_component id="oc-f8">
         <name>.text:my_printfi</name>
         <load_address>0x8246</load_address>
         <run_address>0x8246</run_address>
         <size>0x244</size>
         <input_file_ref idref="fl-7"/>
      </object_component>
      <object_component id="oc-ed">
         <name>.text:fill_food</name>
         <load_address>0x848a</load_address>
         <run_address>0x848a</run_address>
         <size>0x188</size>
         <input_file_ref idref="fl-5"/>
      </object_component>
      <object_component id="oc-d0">
         <name>.text:lcd_init</name>
         <load_address>0x8612</load_address>
         <run_address>0x8612</run_address>
         <size>0x186</size>
         <input_file_ref idref="fl-7"/>
      </object_component>
      <object_component id="oc-11b">
         <name>.text:lcd_circle</name>
         <load_address>0x8798</load_address>
         <run_address>0x8798</run_address>
         <size>0x15a</size>
         <input_file_ref idref="fl-7"/>
      </object_component>
      <object_component id="oc-10b">
         <name>.text:replace_food</name>
         <load_address>0x88f2</load_address>
         <run_address>0x88f2</run_address>
         <size>0x15a</size>
         <input_file_ref idref="fl-5"/>
      </object_component>
      <object_component id="oc-f7">
         <name>.text:lcd_putchar</name>
         <load_address>0x8a4c</load_address>
         <run_address>0x8a4c</run_address>
         <size>0x132</size>
         <input_file_ref idref="fl-7"/>
      </object_component>
      <object_component id="oc-d5">
         <name>.text:END_GAME_event</name>
         <load_address>0x8b7e</load_address>
         <run_address>0x8b7e</run_address>
         <size>0x126</size>
         <input_file_ref idref="fl-5"/>
      </object_component>
      <object_component id="oc-c2">
         <name>.text:main</name>
         <load_address>0x8ca4</load_address>
         <run_address>0x8ca4</run_address>
         <size>0x116</size>
         <input_file_ref idref="fl-6"/>
      </object_component>
      <object_component id="oc-f3">
         <name>.text:food_col</name>
         <load_address>0x8dba</load_address>
         <run_address>0x8dba</run_address>
         <size>0x104</size>
         <input_file_ref idref="fl-5"/>
      </object_component>
      <object_component id="oc-d8">
         <name>.text:START_LEVEL_event</name>
         <load_address>0x8ebe</load_address>
         <run_address>0x8ebe</run_address>
         <size>0xde</size>
         <input_file_ref idref="fl-5"/>
      </object_component>
      <object_component id="oc-bb">
         <name>.text:WDT_ISR</name>
         <load_address>0x8f9c</load_address>
         <run_address>0x8f9c</run_address>
         <size>0xd4</size>
         <input_file_ref idref="fl-3"/>
      </object_component>
      <object_component id="oc-e8">
         <name>.text:lcd_wordImage</name>
         <load_address>0x9070</load_address>
         <run_address>0x9070</run_address>
         <size>0xd4</size>
         <input_file_ref idref="fl-7"/>
      </object_component>
      <object_component id="oc-ff">
         <name>.text:new_food_check</name>
         <load_address>0x9144</load_address>
         <run_address>0x9144</run_address>
         <size>0xc8</size>
         <input_file_ref idref="fl-5"/>
      </object_component>
      <object_component id="oc-cf">
         <name>.text:RBX430_init</name>
         <load_address>0x920c</load_address>
         <run_address>0x920c</run_address>
         <size>0xbe</size>
         <input_file_ref idref="fl-8"/>
      </object_component>
      <object_component id="oc-cd">
         <name>.text:ADC_read</name>
         <load_address>0x92ca</load_address>
         <run_address>0x92ca</run_address>
         <size>0xbc</size>
         <input_file_ref idref="fl-8"/>
      </object_component>
      <object_component id="oc-dd">
         <name>.text:MOVE_SNAKE_event</name>
         <load_address>0x9386</load_address>
         <run_address>0x9386</run_address>
         <size>0xba</size>
         <input_file_ref idref="fl-5"/>
      </object_component>
      <object_component id="oc-11c">
         <name>.text:lcd_star</name>
         <load_address>0x9440</load_address>
         <run_address>0x9440</run_address>
         <size>0xa8</size>
         <input_file_ref idref="fl-7"/>
      </object_component>
      <object_component id="oc-119">
         <name>.text:malloc</name>
         <load_address>0x94e8</load_address>
         <run_address>0x94e8</run_address>
         <size>0xa8</size>
         <input_file_ref idref="fl-2e"/>
      </object_component>
      <object_component id="oc-11d">
         <name>.text:lcd_diamond</name>
         <load_address>0x9590</load_address>
         <run_address>0x9590</run_address>
         <size>0x94</size>
         <input_file_ref idref="fl-7"/>
      </object_component>
      <object_component id="oc-c9">
         <name>.text:LCD_UPDATE_event</name>
         <load_address>0x9624</load_address>
         <run_address>0x9624</run_address>
         <size>0x90</size>
         <input_file_ref idref="fl-5"/>
      </object_component>
      <object_component id="oc-df">
         <name>.text:lcd_rectangle</name>
         <load_address>0x96b4</load_address>
         <run_address>0x96b4</run_address>
         <size>0x88</size>
         <input_file_ref idref="fl-7"/>
      </object_component>
      <object_component id="oc-e4">
         <name>.text:free</name>
         <load_address>0x973c</load_address>
         <run_address>0x973c</run_address>
         <size>0x80</size>
         <input_file_ref idref="fl-2e"/>
      </object_component>
      <object_component id="oc-11a">
         <name>.text:lcd_triangle</name>
         <load_address>0x97bc</load_address>
         <run_address>0x97bc</run_address>
         <size>0x7e</size>
         <input_file_ref idref="fl-7"/>
      </object_component>
      <object_component id="oc-d7">
         <name>.text:NEW_GAME_event</name>
         <load_address>0x983a</load_address>
         <run_address>0x983a</run_address>
         <size>0x78</size>
         <input_file_ref idref="fl-5"/>
      </object_component>
      <object_component id="oc-c8">
         <name>.text:ERROR2</name>
         <load_address>0x98b2</load_address>
         <run_address>0x98b2</run_address>
         <size>0x76</size>
         <input_file_ref idref="fl-8"/>
      </object_component>
      <object_component id="oc-d6">
         <name>.text:NEXT_LEVEL_event</name>
         <load_address>0x9928</load_address>
         <run_address>0x9928</run_address>
         <size>0x6e</size>
         <input_file_ref idref="fl-5"/>
      </object_component>
      <object_component id="oc-111">
         <name>.text:lcd_WD</name>
         <load_address>0x9996</load_address>
         <run_address>0x9996</run_address>
         <size>0x5e</size>
         <input_file_ref idref="fl-7"/>
      </object_component>
      <object_component id="oc-ee">
         <name>.text:fill_rocks</name>
         <load_address>0x99f4</load_address>
         <run_address>0x99f4</run_address>
         <size>0x5c</size>
         <input_file_ref idref="fl-5"/>
      </object_component>
      <object_component id="oc-dc">
         <name>.text:SWITCH_1_event</name>
         <load_address>0x9a50</load_address>
         <run_address>0x9a50</run_address>
         <size>0x52</size>
         <input_file_ref idref="fl-5"/>
      </object_component>
      <object_component id="oc-101">
         <name>.text:newFood</name>
         <load_address>0x9aa2</load_address>
         <run_address>0x9aa2</run_address>
         <size>0x4e</size>
         <input_file_ref idref="fl-5"/>
      </object_component>
      <object_component id="oc-7f">
         <name>.text</name>
         <load_address>0x9af0</load_address>
         <run_address>0x9af0</run_address>
         <size>0x4c</size>
         <input_file_ref idref="fl-2b"/>
      </object_component>
      <object_component id="oc-f5">
         <name>.text:delete_tail</name>
         <load_address>0x9b3c</load_address>
         <run_address>0x9b3c</run_address>
         <size>0x4a</size>
         <input_file_ref idref="fl-5"/>
      </object_component>
      <object_component id="oc-112">
         <name>.text:lcd_WD2</name>
         <load_address>0x9b86</load_address>
         <run_address>0x9b86</run_address>
         <size>0x4a</size>
         <input_file_ref idref="fl-7"/>
      </object_component>
      <object_component id="oc-c1">
         <name>.text:_auto_init</name>
         <load_address>0x9bd0</load_address>
         <run_address>0x9bd0</run_address>
         <size>0x48</size>
         <input_file_ref idref="fl-35"/>
      </object_component>
      <object_component id="oc-e1">
         <name>.text:DelayMs</name>
         <load_address>0x9c18</load_address>
         <run_address>0x9c18</run_address>
         <size>0x46</size>
         <input_file_ref idref="fl-7"/>
      </object_component>
      <object_component id="oc-f2">
         <name>.text:rock_col</name>
         <load_address>0x9c5e</load_address>
         <run_address>0x9c5e</run_address>
         <size>0x46</size>
         <input_file_ref idref="fl-5"/>
      </object_component>
      <object_component id="oc-db">
         <name>.text:SWITCH_2_event</name>
         <load_address>0x9ca4</load_address>
         <run_address>0x9ca4</run_address>
         <size>0x44</size>
         <input_file_ref idref="fl-5"/>
      </object_component>
      <object_component id="oc-da">
         <name>.text:SWITCH_3_event</name>
         <load_address>0x9ce8</load_address>
         <run_address>0x9ce8</run_address>
         <size>0x44</size>
         <input_file_ref idref="fl-5"/>
      </object_component>
      <object_component id="oc-ec">
         <name>.text:new_snake</name>
         <load_address>0x9d2c</load_address>
         <run_address>0x9d2c</run_address>
         <size>0x44</size>
         <input_file_ref idref="fl-5"/>
      </object_component>
      <object_component id="oc-d9">
         <name>.text:SWITCH_4_event</name>
         <load_address>0x9d70</load_address>
         <run_address>0x9d70</run_address>
         <size>0x42</size>
         <input_file_ref idref="fl-5"/>
      </object_component>
      <object_component id="oc-c6">
         <name>.text:move_left</name>
         <load_address>0x9db2</load_address>
         <run_address>0x9db2</run_address>
         <size>0x42</size>
         <input_file_ref idref="fl-5"/>
      </object_component>
      <object_component id="oc-c4">
         <name>.text:move_right</name>
         <load_address>0x9df4</load_address>
         <run_address>0x9df4</run_address>
         <size>0x42</size>
         <input_file_ref idref="fl-5"/>
      </object_component>
      <object_component id="oc-f1">
         <name>.text:self_col</name>
         <load_address>0x9e36</load_address>
         <run_address>0x9e36</run_address>
         <size>0x42</size>
         <input_file_ref idref="fl-5"/>
      </object_component>
      <object_component id="oc-c7">
         <name>.text:move_down</name>
         <load_address>0x9e78</load_address>
         <run_address>0x9e78</run_address>
         <size>0x40</size>
         <input_file_ref idref="fl-5"/>
      </object_component>
      <object_component id="oc-c5">
         <name>.text:move_up</name>
         <load_address>0x9eb8</load_address>
         <run_address>0x9eb8</run_address>
         <size>0x40</size>
         <input_file_ref idref="fl-5"/>
      </object_component>
      <object_component id="oc-10f">
         <name>.text:outTone</name>
         <load_address>0x9ef8</load_address>
         <run_address>0x9ef8</run_address>
         <size>0x40</size>
         <input_file_ref idref="fl-2"/>
      </object_component>
      <object_component id="oc-ef">
         <name>.text:add_head</name>
         <load_address>0x9f38</load_address>
         <run_address>0x9f38</run_address>
         <size>0x3a</size>
         <input_file_ref idref="fl-5"/>
      </object_component>
      <object_component id="oc-107">
         <name>.text:ReadDataWord</name>
         <load_address>0x9f72</load_address>
         <run_address>0x9f72</run_address>
         <size>0x38</size>
         <input_file_ref idref="fl-7"/>
      </object_component>
      <object_component id="oc-11e">
         <name>.text:minit</name>
         <load_address>0x9faa</load_address>
         <run_address>0x9faa</run_address>
         <size>0x38</size>
         <input_file_ref idref="fl-2e"/>
      </object_component>
      <object_component id="oc-fe">
         <name>.text:rand</name>
         <load_address>0x9fe2</load_address>
         <run_address>0x9fe2</run_address>
         <size>0x38</size>
         <input_file_ref idref="fl-31"/>
      </object_component>
      <object_component id="oc-fb">
         <name>.text:WriteDataWord</name>
         <load_address>0xa01a</load_address>
         <run_address>0xa01a</run_address>
         <size>0x34</size>
         <input_file_ref idref="fl-7"/>
      </object_component>
      <object_component id="oc-fa">
         <name>.text:lcd_set_x_y</name>
         <load_address>0xa04e</load_address>
         <run_address>0xa04e</run_address>
         <size>0x34</size>
         <input_file_ref idref="fl-7"/>
      </object_component>
      <object_component id="oc-103">
         <name>.text:draw_circle_food</name>
         <load_address>0xa082</load_address>
         <run_address>0xa082</run_address>
         <size>0x32</size>
         <input_file_ref idref="fl-5"/>
      </object_component>
      <object_component id="oc-105">
         <name>.text:draw_diamond_food</name>
         <load_address>0xa0b4</load_address>
         <run_address>0xa0b4</run_address>
         <size>0x32</size>
         <input_file_ref idref="fl-5"/>
      </object_component>
      <object_component id="oc-100">
         <name>.text:draw_square_food</name>
         <load_address>0xa0e6</load_address>
         <run_address>0xa0e6</run_address>
         <size>0x32</size>
         <input_file_ref idref="fl-5"/>
      </object_component>
      <object_component id="oc-104">
         <name>.text:draw_star_food</name>
         <load_address>0xa118</load_address>
         <run_address>0xa118</run_address>
         <size>0x32</size>
         <input_file_ref idref="fl-5"/>
      </object_component>
      <object_component id="oc-102">
         <name>.text:draw_triangle_food</name>
         <load_address>0xa14a</load_address>
         <run_address>0xa14a</run_address>
         <size>0x32</size>
         <input_file_ref idref="fl-5"/>
      </object_component>
      <object_component id="oc-fd">
         <name>.text:doDitty</name>
         <load_address>0xa17c</load_address>
         <run_address>0xa17c</run_address>
         <size>0x30</size>
         <input_file_ref idref="fl-2"/>
      </object_component>
      <object_component id="oc-de">
         <name>.text:lcd_cursor</name>
         <load_address>0xa1ac</load_address>
         <run_address>0xa1ac</run_address>
         <size>0x30</size>
         <input_file_ref idref="fl-7"/>
      </object_component>
      <object_component id="oc-f9">
         <name>.text:lcd_set</name>
         <load_address>0xa1dc</load_address>
         <run_address>0xa1dc</run_address>
         <size>0x2e</size>
         <input_file_ref idref="fl-7"/>
      </object_component>
      <object_component id="oc-d1">
         <name>.text:lcd_volume</name>
         <load_address>0xa20a</load_address>
         <run_address>0xa20a</run_address>
         <size>0x2c</size>
         <input_file_ref idref="fl-7"/>
      </object_component>
      <object_component id="oc-d2">
         <name>.text:port1_init</name>
         <load_address>0xa236</load_address>
         <run_address>0xa236</run_address>
         <size>0x2c</size>
         <input_file_ref idref="fl-6"/>
      </object_component>
      <object_component id="oc-6c">
         <name>.text</name>
         <load_address>0xa262</load_address>
         <run_address>0xa262</run_address>
         <size>0x2c</size>
         <input_file_ref idref="fl-26"/>
      </object_component>
      <object_component id="oc-7b">
         <name>.text</name>
         <load_address>0xa28e</load_address>
         <run_address>0xa28e</run_address>
         <size>0x2c</size>
         <input_file_ref idref="fl-2a"/>
      </object_component>
      <object_component id="oc-38">
         <name>.text:_c_int00_noexit</name>
         <load_address>0xa2ba</load_address>
         <run_address>0xa2ba</run_address>
         <size>0x26</size>
         <input_file_ref idref="fl-22"/>
      </object_component>
      <object_component id="oc-b0">
         <name>.text</name>
         <load_address>0xa2e0</load_address>
         <run_address>0xa2e0</run_address>
         <size>0x26</size>
         <input_file_ref idref="fl-36"/>
      </object_component>
      <object_component id="oc-e0">
         <name>.text:lcd_printf</name>
         <load_address>0xa306</load_address>
         <run_address>0xa306</run_address>
         <size>0x24</size>
         <input_file_ref idref="fl-7"/>
      </object_component>
      <object_component id="oc-b4">
         <name>.text:Port_1_ISR</name>
         <load_address>0xa32a</load_address>
         <run_address>0xa32a</run_address>
         <size>0x22</size>
         <input_file_ref idref="fl-3"/>
      </object_component>
      <object_component id="oc-d3">
         <name>.text:watchdogtimer_init</name>
         <load_address>0xa34c</load_address>
         <run_address>0xa34c</run_address>
         <size>0x22</size>
         <input_file_ref idref="fl-6"/>
      </object_component>
      <object_component id="oc-106">
         <name>.text:ReadData</name>
         <load_address>0xa36e</load_address>
         <run_address>0xa36e</run_address>
         <size>0x20</size>
         <input_file_ref idref="fl-7"/>
      </object_component>
      <object_component id="oc-118">
         <name>.text:lcd_square</name>
         <load_address>0xa38e</load_address>
         <run_address>0xa38e</run_address>
         <size>0x20</size>
         <input_file_ref idref="fl-7"/>
      </object_component>
      <object_component id="oc-be">
         <name>.text:NMI_ISR</name>
         <load_address>0xa3ae</load_address>
         <run_address>0xa3ae</run_address>
         <size>0x1e</size>
         <input_file_ref idref="fl-3"/>
      </object_component>
      <object_component id="oc-b5">
         <name>.text:Port_2_ISR</name>
         <load_address>0xa3cc</load_address>
         <run_address>0xa3cc</run_address>
         <size>0x1e</size>
         <input_file_ref idref="fl-3"/>
      </object_component>
      <object_component id="oc-ba">
         <name>.text:TIMERA0_ISR</name>
         <load_address>0xa3ea</load_address>
         <run_address>0xa3ea</run_address>
         <size>0x1e</size>
         <input_file_ref idref="fl-3"/>
      </object_component>
      <object_component id="oc-b9">
         <name>.text:TIMERA1_ISR</name>
         <load_address>0xa408</load_address>
         <run_address>0xa408</run_address>
         <size>0x1e</size>
         <input_file_ref idref="fl-3"/>
      </object_component>
      <object_component id="oc-bd">
         <name>.text:TIMERB0_ISR</name>
         <load_address>0xa426</load_address>
         <run_address>0xa426</run_address>
         <size>0x1e</size>
         <input_file_ref idref="fl-3"/>
      </object_component>
      <object_component id="oc-bc">
         <name>.text:TIMERB1_ISR</name>
         <load_address>0xa444</load_address>
         <run_address>0xa444</run_address>
         <size>0x1e</size>
         <input_file_ref idref="fl-3"/>
      </object_component>
      <object_component id="oc-b8">
         <name>.text:USCIAB0RX_ISR</name>
         <load_address>0xa462</load_address>
         <run_address>0xa462</run_address>
         <size>0x1e</size>
         <input_file_ref idref="fl-3"/>
      </object_component>
      <object_component id="oc-b7">
         <name>.text:USCIAB0TX_ISR</name>
         <load_address>0xa480</load_address>
         <run_address>0xa480</run_address>
         <size>0x1e</size>
         <input_file_ref idref="fl-3"/>
      </object_component>
      <object_component id="oc-e2">
         <name>.text:WriteCmd</name>
         <load_address>0xa49e</load_address>
         <run_address>0xa49e</run_address>
         <size>0x1e</size>
         <input_file_ref idref="fl-7"/>
      </object_component>
      <object_component id="oc-e3">
         <name>.text:WriteData</name>
         <load_address>0xa4bc</load_address>
         <run_address>0xa4bc</run_address>
         <size>0x1e</size>
         <input_file_ref idref="fl-7"/>
      </object_component>
      <object_component id="oc-e5">
         <name>.text:lcd_mode</name>
         <load_address>0xa4da</load_address>
         <run_address>0xa4da</run_address>
         <size>0x1e</size>
         <input_file_ref idref="fl-7"/>
      </object_component>
      <object_component id="oc-d4">
         <name>.text:timerB_init</name>
         <load_address>0xa4f8</load_address>
         <run_address>0xa4f8</run_address>
         <size>0x1a</size>
         <input_file_ref idref="fl-2"/>
      </object_component>
      <object_component id="oc-ce">
         <name>.text:srand</name>
         <load_address>0xa512</load_address>
         <run_address>0xa512</run_address>
         <size>0x18</size>
         <input_file_ref idref="fl-31"/>
      </object_component>
      <object_component id="oc-70">
         <name>.text</name>
         <load_address>0xa52a</load_address>
         <run_address>0xa52a</run_address>
         <size>0x16</size>
         <input_file_ref idref="fl-27"/>
      </object_component>
      <object_component id="oc-10c">
         <name>.text:beep</name>
         <load_address>0xa540</load_address>
         <run_address>0xa540</run_address>
         <size>0x14</size>
         <input_file_ref idref="fl-2"/>
      </object_component>
      <object_component id="oc-ca">
         <name>.text:lcd_backlight</name>
         <load_address>0xa554</load_address>
         <run_address>0xa554</run_address>
         <size>0x14</size>
         <input_file_ref idref="fl-7"/>
      </object_component>
      <object_component id="oc-91">
         <name>.text</name>
         <load_address>0xa568</load_address>
         <run_address>0xa568</run_address>
         <size>0x14</size>
         <input_file_ref idref="fl-2f"/>
      </object_component>
      <object_component id="oc-114">
         <name>.text:l_lsr</name>
         <load_address>0xa57c</load_address>
         <run_address>0xa57c</run_address>
         <size>0x12</size>
         <input_file_ref idref="fl-2c"/>
      </object_component>
      <object_component id="oc-cb">
         <name>.text:memcpy</name>
         <load_address>0xa58e</load_address>
         <run_address>0xa58e</run_address>
         <size>0x12</size>
         <input_file_ref idref="fl-2d"/>
      </object_component>
      <object_component id="oc-cc">
         <name>.text</name>
         <load_address>0xa5a0</load_address>
         <run_address>0xa5a0</run_address>
         <size>0x10</size>
         <input_file_ref idref="fl-28"/>
      </object_component>
      <object_component id="oc-f4">
         <name>.text:charge</name>
         <load_address>0xa5b0</load_address>
         <run_address>0xa5b0</run_address>
         <size>0xe</size>
         <input_file_ref idref="fl-2"/>
      </object_component>
      <object_component id="oc-e9">
         <name>.text:imperial_march</name>
         <load_address>0xa5be</load_address>
         <run_address>0xa5be</run_address>
         <size>0xe</size>
         <input_file_ref idref="fl-2"/>
      </object_component>
      <object_component id="oc-117">
         <name>.text:strlen</name>
         <load_address>0xa5cc</load_address>
         <run_address>0xa5cc</run_address>
         <size>0xe</size>
         <input_file_ref idref="fl-32"/>
      </object_component>
      <object_component id="oc-f6">
         <name>.text:rasberry</name>
         <load_address>0xa5da</load_address>
         <run_address>0xa5da</run_address>
         <size>0xc</size>
         <input_file_ref idref="fl-2"/>
      </object_component>
      <object_component id="oc-e6">
         <name>.text:lcd_clear</name>
         <load_address>0xa5e6</load_address>
         <run_address>0xa5e6</run_address>
         <size>0xa</size>
         <input_file_ref idref="fl-7"/>
      </object_component>
      <object_component id="oc-b6">
         <name>.text:ADC10_ISR</name>
         <load_address>0xa5f0</load_address>
         <run_address>0xa5f0</run_address>
         <size>0x8</size>
         <input_file_ref idref="fl-8"/>
      </object_component>
      <object_component id="oc-10d">
         <name>.text:blink</name>
         <load_address>0xa5f8</load_address>
         <run_address>0xa5f8</run_address>
         <size>0x8</size>
         <input_file_ref idref="fl-2"/>
      </object_component>
      <object_component id="oc-c0">
         <name>.text:_system_pre_init</name>
         <load_address>0xa600</load_address>
         <run_address>0xa600</run_address>
         <size>0x4</size>
         <input_file_ref idref="fl-30"/>
      </object_component>
      <object_component id="oc-c3">
         <name>.text:abort</name>
         <load_address>0xa604</load_address>
         <run_address>0xa604</run_address>
         <size>0x4</size>
         <input_file_ref idref="fl-29"/>
      </object_component>
      <object_component id="oc-bf">
         <name>.text:_nop</name>
         <load_address>0xa608</load_address>
         <run_address>0xa608</run_address>
         <size>0x2</size>
         <input_file_ref idref="fl-33"/>
      </object_component>
      <object_component id="oc-45">
         <name>.cinit</name>
         <load_address>0xc4bc</load_address>
         <run_address>0xc4bc</run_address>
         <size>0xc</size>
         <input_file_ref idref="fl-5"/>
      </object_component>
      <object_component id="oc-9b">
         <name>.cinit</name>
         <load_address>0xc4c8</load_address>
         <run_address>0xc4c8</run_address>
         <size>0x8</size>
         <input_file_ref idref="fl-31"/>
      </object_component>
      <object_component id="oc-8c">
         <name>.cinit</name>
         <load_address>0xc4d0</load_address>
         <run_address>0xc4d0</run_address>
         <size>0x6</size>
         <input_file_ref idref="fl-2e"/>
      </object_component>
      <object_component id="oc-e7">
         <name>.const:king_snake_image</name>
         <load_address>0xa60a</load_address>
         <run_address>0xa60a</run_address>
         <size>0xf28</size>
         <input_file_ref idref="fl-4"/>
      </object_component>
      <object_component id="oc-ea">
         <name>.const:snake1_image</name>
         <load_address>0xb532</load_address>
         <run_address>0xb532</run_address>
         <size>0x682</size>
         <input_file_ref idref="fl-4"/>
      </object_component>
      <object_component id="oc-eb">
         <name>.const:snake_text_image</name>
         <load_address>0xbbb4</load_address>
         <run_address>0xbbb4</run_address>
         <size>0x49e</size>
         <input_file_ref idref="fl-4"/>
      </object_component>
      <object_component id="oc-110">
         <name>.const:cs</name>
         <load_address>0xc052</load_address>
         <run_address>0xc052</run_address>
         <size>0x1e0</size>
         <input_file_ref idref="fl-7"/>
      </object_component>
      <object_component id="oc-fc">
         <name>.const:imperial_march_notes</name>
         <load_address>0xc232</load_address>
         <run_address>0xc232</run_address>
         <size>0x118</size>
         <input_file_ref idref="fl-2"/>
      </object_component>
      <object_component id="oc-108">
         <name>.const:.string:dv3</name>
         <load_address>0xc34a</load_address>
         <run_address>0xc34a</run_address>
         <size>0xa2</size>
         <input_file_ref idref="fl-7"/>
      </object_component>
      <object_component id="oc-46">
         <name>.const:.string</name>
         <load_address>0xc3ec</load_address>
         <run_address>0xc3ec</run_address>
         <size>0x5c</size>
         <input_file_ref idref="fl-5"/>
      </object_component>
      <object_component id="oc-113">
         <name>.const:dv$3</name>
         <load_address>0xc448</load_address>
         <run_address>0xc448</run_address>
         <size>0x2c</size>
         <input_file_ref idref="fl-7"/>
      </object_component>
      <object_component id="oc-10e">
         <name>.const:Charge</name>
         <load_address>0xc474</load_address>
         <run_address>0xc474</run_address>
         <size>0x18</size>
         <input_file_ref idref="fl-2"/>
      </object_component>
      <object_component id="oc-115">
         <name>.const:.string:lHexChar$1</name>
         <load_address>0xc48c</load_address>
         <run_address>0xc48c</run_address>
         <size>0x11</size>
         <input_file_ref idref="fl-7"/>
      </object_component>
      <object_component id="oc-116">
         <name>.const:.string:uHexChar$2</name>
         <load_address>0xc49e</load_address>
         <run_address>0xc49e</run_address>
         <size>0x11</size>
         <input_file_ref idref="fl-7"/>
      </object_component>
      <object_component id="oc-109">
         <name>.const:px_off</name>
         <load_address>0xc4b0</load_address>
         <run_address>0xc4b0</run_address>
         <size>0x6</size>
         <input_file_ref idref="fl-7"/>
      </object_component>
      <object_component id="oc-10a">
         <name>.const:px_on</name>
         <load_address>0xc4b6</load_address>
         <run_address>0xc4b6</run_address>
         <size>0x6</size>
         <input_file_ref idref="fl-7"/>
      </object_component>
      <object_component id="oc-2d">
         <name>.int02</name>
         <load_address>0xffe4</load_address>
         <run_address>0xffe4</run_address>
         <size>0x2</size>
         <input_file_ref idref="fl-3"/>
      </object_component>
      <object_component id="oc-2e">
         <name>.int03</name>
         <load_address>0xffe6</load_address>
         <run_address>0xffe6</run_address>
         <size>0x2</size>
         <input_file_ref idref="fl-3"/>
      </object_component>
      <object_component id="oc-2f">
         <name>.int05</name>
         <load_address>0xffea</load_address>
         <run_address>0xffea</run_address>
         <size>0x2</size>
         <input_file_ref idref="fl-8"/>
      </object_component>
      <object_component id="oc-30">
         <name>.int06</name>
         <load_address>0xffec</load_address>
         <run_address>0xffec</run_address>
         <size>0x2</size>
         <input_file_ref idref="fl-3"/>
      </object_component>
      <object_component id="oc-31">
         <name>.int07</name>
         <load_address>0xffee</load_address>
         <run_address>0xffee</run_address>
         <size>0x2</size>
         <input_file_ref idref="fl-3"/>
      </object_component>
      <object_component id="oc-32">
         <name>.int08</name>
         <load_address>0xfff0</load_address>
         <run_address>0xfff0</run_address>
         <size>0x2</size>
         <input_file_ref idref="fl-3"/>
      </object_component>
      <object_component id="oc-33">
         <name>.int09</name>
         <load_address>0xfff2</load_address>
         <run_address>0xfff2</run_address>
         <size>0x2</size>
         <input_file_ref idref="fl-3"/>
      </object_component>
      <object_component id="oc-34">
         <name>.int10</name>
         <load_address>0xfff4</load_address>
         <run_address>0xfff4</run_address>
         <size>0x2</size>
         <input_file_ref idref="fl-3"/>
      </object_component>
      <object_component id="oc-35">
         <name>.int12</name>
         <load_address>0xfff8</load_address>
         <run_address>0xfff8</run_address>
         <size>0x2</size>
         <input_file_ref idref="fl-3"/>
      </object_component>
      <object_component id="oc-36">
         <name>.int13</name>
         <load_address>0xfffa</load_address>
         <run_address>0xfffa</run_address>
         <size>0x2</size>
         <input_file_ref idref="fl-3"/>
      </object_component>
      <object_component id="oc-37">
         <name>.int14</name>
         <load_address>0xfffc</load_address>
         <run_address>0xfffc</run_address>
         <size>0x2</size>
         <input_file_ref idref="fl-3"/>
      </object_component>
      <object_component id="oc-5c">
         <name>.reset</name>
         <load_address>0xfffe</load_address>
         <run_address>0xfffe</run_address>
         <size>0x2</size>
         <input_file_ref idref="fl-22"/>
      </object_component>
      <object_component id="oc-39">
         <name>.debug_info</name>
         <load_address>0x0</load_address>
         <run_address>0x0</run_address>
         <size>0x68f</size>
         <input_file_ref idref="fl-2"/>
      </object_component>
      <object_component id="oc-3d">
         <name>.debug_info</name>
         <load_address>0x68f</load_address>
         <run_address>0x68f</run_address>
         <size>0x88e</size>
         <input_file_ref idref="fl-3"/>
      </object_component>
      <object_component id="oc-41">
         <name>.debug_info</name>
         <load_address>0xf1d</load_address>
         <run_address>0xf1d</run_address>
         <size>0x297</size>
         <input_file_ref idref="fl-4"/>
      </object_component>
      <object_component id="oc-44">
         <name>.debug_info</name>
         <load_address>0x11b4</load_address>
         <run_address>0x11b4</run_address>
         <size>0x209e</size>
         <input_file_ref idref="fl-5"/>
      </object_component>
      <object_component id="oc-4b">
         <name>.debug_info</name>
         <load_address>0x3252</load_address>
         <run_address>0x3252</run_address>
         <size>0xa60</size>
         <input_file_ref idref="fl-6"/>
      </object_component>
      <object_component id="oc-50">
         <name>.debug_info</name>
         <load_address>0x3cb2</load_address>
         <run_address>0x3cb2</run_address>
         <size>0x2076</size>
         <input_file_ref idref="fl-7"/>
      </object_component>
      <object_component id="oc-55">
         <name>.debug_info</name>
         <load_address>0x5d28</load_address>
         <run_address>0x5d28</run_address>
         <size>0x7d3</size>
         <input_file_ref idref="fl-8"/>
      </object_component>
      <object_component id="oc-5a">
         <name>.debug_info</name>
         <load_address>0x64fb</load_address>
         <run_address>0x64fb</run_address>
         <size>0x443</size>
         <input_file_ref idref="fl-22"/>
      </object_component>
      <object_component id="oc-60">
         <name>.debug_info</name>
         <load_address>0x693e</load_address>
         <run_address>0x693e</run_address>
         <size>0x261</size>
         <input_file_ref idref="fl-23"/>
      </object_component>
      <object_component id="oc-64">
         <name>.debug_info</name>
         <load_address>0x6b9f</load_address>
         <run_address>0x6b9f</run_address>
         <size>0x212</size>
         <input_file_ref idref="fl-24"/>
      </object_component>
      <object_component id="oc-68">
         <name>.debug_info</name>
         <load_address>0x6db1</load_address>
         <run_address>0x6db1</run_address>
         <size>0x228</size>
         <input_file_ref idref="fl-25"/>
      </object_component>
      <object_component id="oc-6d">
         <name>.debug_info</name>
         <load_address>0x6fd9</load_address>
         <run_address>0x6fd9</run_address>
         <size>0xc4</size>
         <input_file_ref idref="fl-26"/>
      </object_component>
      <object_component id="oc-71">
         <name>.debug_info</name>
         <load_address>0x709d</load_address>
         <run_address>0x709d</run_address>
         <size>0xb7</size>
         <input_file_ref idref="fl-27"/>
      </object_component>
      <object_component id="oc-74">
         <name>.debug_info</name>
         <load_address>0x7154</load_address>
         <run_address>0x7154</run_address>
         <size>0xc0</size>
         <input_file_ref idref="fl-28"/>
      </object_component>
      <object_component id="oc-77">
         <name>.debug_info</name>
         <load_address>0x7214</load_address>
         <run_address>0x7214</run_address>
         <size>0x28e</size>
         <input_file_ref idref="fl-29"/>
      </object_component>
      <object_component id="oc-7c">
         <name>.debug_info</name>
         <load_address>0x74a2</load_address>
         <run_address>0x74a2</run_address>
         <size>0xb4</size>
         <input_file_ref idref="fl-2a"/>
      </object_component>
      <object_component id="oc-80">
         <name>.debug_info</name>
         <load_address>0x7556</load_address>
         <run_address>0x7556</run_address>
         <size>0xb4</size>
         <input_file_ref idref="fl-2b"/>
      </object_component>
      <object_component id="oc-83">
         <name>.debug_info</name>
         <load_address>0x760a</load_address>
         <run_address>0x760a</run_address>
         <size>0xb4</size>
         <input_file_ref idref="fl-2c"/>
      </object_component>
      <object_component id="oc-86">
         <name>.debug_info</name>
         <load_address>0x76be</load_address>
         <run_address>0x76be</run_address>
         <size>0x2a5</size>
         <input_file_ref idref="fl-2d"/>
      </object_component>
      <object_component id="oc-8b">
         <name>.debug_info</name>
         <load_address>0x7963</load_address>
         <run_address>0x7963</run_address>
         <size>0x56d</size>
         <input_file_ref idref="fl-2e"/>
      </object_component>
      <object_component id="oc-92">
         <name>.debug_info</name>
         <load_address>0x7ed0</load_address>
         <run_address>0x7ed0</run_address>
         <size>0xb7</size>
         <input_file_ref idref="fl-2f"/>
      </object_component>
      <object_component id="oc-95">
         <name>.debug_info</name>
         <load_address>0x7f87</load_address>
         <run_address>0x7f87</run_address>
         <size>0x220</size>
         <input_file_ref idref="fl-30"/>
      </object_component>
      <object_component id="oc-9a">
         <name>.debug_info</name>
         <load_address>0x81a7</load_address>
         <run_address>0x81a7</run_address>
         <size>0x2ce</size>
         <input_file_ref idref="fl-31"/>
      </object_component>
      <object_component id="oc-9f">
         <name>.debug_info</name>
         <load_address>0x8475</load_address>
         <run_address>0x8475</run_address>
         <size>0x293</size>
         <input_file_ref idref="fl-32"/>
      </object_component>
      <object_component id="oc-a4">
         <name>.debug_info</name>
         <load_address>0x8708</load_address>
         <run_address>0x8708</run_address>
         <size>0x23c</size>
         <input_file_ref idref="fl-33"/>
      </object_component>
      <object_component id="oc-a8">
         <name>.debug_info</name>
         <load_address>0x8944</load_address>
         <run_address>0x8944</run_address>
         <size>0x26b</size>
         <input_file_ref idref="fl-34"/>
      </object_component>
      <object_component id="oc-ac">
         <name>.debug_info</name>
         <load_address>0x8baf</load_address>
         <run_address>0x8baf</run_address>
         <size>0x32c</size>
         <input_file_ref idref="fl-35"/>
      </object_component>
      <object_component id="oc-b1">
         <name>.debug_info</name>
         <load_address>0x8edb</load_address>
         <run_address>0x8edb</run_address>
         <size>0xb7</size>
         <input_file_ref idref="fl-36"/>
      </object_component>
      <object_component id="oc-14a">
         <name>.debug_info</name>
         <load_address>0x8f92</load_address>
         <run_address>0x8f92</run_address>
         <size>0x6a</size>
      </object_component>
      <object_component id="oc-3a">
         <name>.debug_frame</name>
         <load_address>0x0</load_address>
         <run_address>0x0</run_address>
         <size>0xe3</size>
         <input_file_ref idref="fl-2"/>
      </object_component>
      <object_component id="oc-3e">
         <name>.debug_frame</name>
         <load_address>0xe3</load_address>
         <run_address>0xe3</run_address>
         <size>0x29a</size>
         <input_file_ref idref="fl-3"/>
      </object_component>
      <object_component id="oc-47">
         <name>.debug_frame</name>
         <load_address>0x37d</load_address>
         <run_address>0x37d</run_address>
         <size>0x351</size>
         <input_file_ref idref="fl-5"/>
      </object_component>
      <object_component id="oc-4c">
         <name>.debug_frame</name>
         <load_address>0x6ce</load_address>
         <run_address>0x6ce</run_address>
         <size>0x77</size>
         <input_file_ref idref="fl-6"/>
      </object_component>
      <object_component id="oc-51">
         <name>.debug_frame</name>
         <load_address>0x745</load_address>
         <run_address>0x745</run_address>
         <size>0x3de</size>
         <input_file_ref idref="fl-7"/>
      </object_component>
      <object_component id="oc-56">
         <name>.debug_frame</name>
         <load_address>0xb23</load_address>
         <run_address>0xb23</run_address>
         <size>0x91</size>
         <input_file_ref idref="fl-8"/>
      </object_component>
      <object_component id="oc-5d">
         <name>.debug_frame</name>
         <load_address>0xbb4</load_address>
         <run_address>0xbb4</run_address>
         <size>0x42</size>
         <input_file_ref idref="fl-22"/>
      </object_component>
      <object_component id="oc-61">
         <name>.debug_frame</name>
         <load_address>0xbf6</load_address>
         <run_address>0xbf6</run_address>
         <size>0x32</size>
         <input_file_ref idref="fl-23"/>
      </object_component>
      <object_component id="oc-65">
         <name>.debug_frame</name>
         <load_address>0xc28</load_address>
         <run_address>0xc28</run_address>
         <size>0x32</size>
         <input_file_ref idref="fl-24"/>
      </object_component>
      <object_component id="oc-69">
         <name>.debug_frame</name>
         <load_address>0xc5a</load_address>
         <run_address>0xc5a</run_address>
         <size>0x32</size>
         <input_file_ref idref="fl-25"/>
      </object_component>
      <object_component id="oc-78">
         <name>.debug_frame</name>
         <load_address>0xc8c</load_address>
         <run_address>0xc8c</run_address>
         <size>0x47</size>
         <input_file_ref idref="fl-29"/>
      </object_component>
      <object_component id="oc-87">
         <name>.debug_frame</name>
         <load_address>0xcd3</load_address>
         <run_address>0xcd3</run_address>
         <size>0x47</size>
         <input_file_ref idref="fl-2d"/>
      </object_component>
      <object_component id="oc-8e">
         <name>.debug_frame</name>
         <load_address>0xd1a</load_address>
         <run_address>0xd1a</run_address>
         <size>0x85</size>
         <input_file_ref idref="fl-2e"/>
      </object_component>
      <object_component id="oc-96">
         <name>.debug_frame</name>
         <load_address>0xd9f</load_address>
         <run_address>0xd9f</run_address>
         <size>0x47</size>
         <input_file_ref idref="fl-30"/>
      </object_component>
      <object_component id="oc-9c">
         <name>.debug_frame</name>
         <load_address>0xde6</load_address>
         <run_address>0xde6</run_address>
         <size>0x6e</size>
         <input_file_ref idref="fl-31"/>
      </object_component>
      <object_component id="oc-a0">
         <name>.debug_frame</name>
         <load_address>0xe54</load_address>
         <run_address>0xe54</run_address>
         <size>0x47</size>
         <input_file_ref idref="fl-32"/>
      </object_component>
      <object_component id="oc-a5">
         <name>.debug_frame</name>
         <load_address>0xe9b</load_address>
         <run_address>0xe9b</run_address>
         <size>0x47</size>
         <input_file_ref idref="fl-33"/>
      </object_component>
      <object_component id="oc-a9">
         <name>.debug_frame</name>
         <load_address>0xee2</load_address>
         <run_address>0xee2</run_address>
         <size>0x32</size>
         <input_file_ref idref="fl-34"/>
      </object_component>
      <object_component id="oc-ad">
         <name>.debug_frame</name>
         <load_address>0xf14</load_address>
         <run_address>0xf14</run_address>
         <size>0x51</size>
         <input_file_ref idref="fl-35"/>
      </object_component>
      <object_component id="oc-3b">
         <name>.debug_line</name>
         <load_address>0x0</load_address>
         <run_address>0x0</run_address>
         <size>0x10b</size>
         <input_file_ref idref="fl-2"/>
      </object_component>
      <object_component id="oc-3f">
         <name>.debug_line</name>
         <load_address>0x10b</load_address>
         <run_address>0x10b</run_address>
         <size>0x168</size>
         <input_file_ref idref="fl-3"/>
      </object_component>
      <object_component id="oc-48">
         <name>.debug_line</name>
         <load_address>0x273</load_address>
         <run_address>0x273</run_address>
         <size>0x6ad</size>
         <input_file_ref idref="fl-5"/>
      </object_component>
      <object_component id="oc-4d">
         <name>.debug_line</name>
         <load_address>0x920</load_address>
         <run_address>0x920</run_address>
         <size>0xeb</size>
         <input_file_ref idref="fl-6"/>
      </object_component>
      <object_component id="oc-52">
         <name>.debug_line</name>
         <load_address>0xa0b</load_address>
         <run_address>0xa0b</run_address>
         <size>0x900</size>
         <input_file_ref idref="fl-7"/>
      </object_component>
      <object_component id="oc-57">
         <name>.debug_line</name>
         <load_address>0x130b</load_address>
         <run_address>0x130b</run_address>
         <size>0x13a</size>
         <input_file_ref idref="fl-8"/>
      </object_component>
      <object_component id="oc-5e">
         <name>.debug_line</name>
         <load_address>0x1445</load_address>
         <run_address>0x1445</run_address>
         <size>0x42</size>
         <input_file_ref idref="fl-22"/>
      </object_component>
      <object_component id="oc-62">
         <name>.debug_line</name>
         <load_address>0x1487</load_address>
         <run_address>0x1487</run_address>
         <size>0x34</size>
         <input_file_ref idref="fl-23"/>
      </object_component>
      <object_component id="oc-66">
         <name>.debug_line</name>
         <load_address>0x14bb</load_address>
         <run_address>0x14bb</run_address>
         <size>0x33</size>
         <input_file_ref idref="fl-24"/>
      </object_component>
      <object_component id="oc-6a">
         <name>.debug_line</name>
         <load_address>0x14ee</load_address>
         <run_address>0x14ee</run_address>
         <size>0x2e</size>
         <input_file_ref idref="fl-25"/>
      </object_component>
      <object_component id="oc-6e">
         <name>.debug_line</name>
         <load_address>0x151c</load_address>
         <run_address>0x151c</run_address>
         <size>0x4a</size>
         <input_file_ref idref="fl-26"/>
      </object_component>
      <object_component id="oc-72">
         <name>.debug_line</name>
         <load_address>0x1566</load_address>
         <run_address>0x1566</run_address>
         <size>0x40</size>
         <input_file_ref idref="fl-27"/>
      </object_component>
      <object_component id="oc-75">
         <name>.debug_line</name>
         <load_address>0x15a6</load_address>
         <run_address>0x15a6</run_address>
         <size>0x3d</size>
         <input_file_ref idref="fl-28"/>
      </object_component>
      <object_component id="oc-79">
         <name>.debug_line</name>
         <load_address>0x15e3</load_address>
         <run_address>0x15e3</run_address>
         <size>0x3a</size>
         <input_file_ref idref="fl-29"/>
      </object_component>
      <object_component id="oc-7d">
         <name>.debug_line</name>
         <load_address>0x161d</load_address>
         <run_address>0x161d</run_address>
         <size>0x4b</size>
         <input_file_ref idref="fl-2a"/>
      </object_component>
      <object_component id="oc-81">
         <name>.debug_line</name>
         <load_address>0x1668</load_address>
         <run_address>0x1668</run_address>
         <size>0x5b</size>
         <input_file_ref idref="fl-2b"/>
      </object_component>
      <object_component id="oc-84">
         <name>.debug_line</name>
         <load_address>0x16c3</load_address>
         <run_address>0x16c3</run_address>
         <size>0x3f</size>
         <input_file_ref idref="fl-2c"/>
      </object_component>
      <object_component id="oc-88">
         <name>.debug_line</name>
         <load_address>0x1702</load_address>
         <run_address>0x1702</run_address>
         <size>0x42</size>
         <input_file_ref idref="fl-2d"/>
      </object_component>
      <object_component id="oc-8f">
         <name>.debug_line</name>
         <load_address>0x1744</load_address>
         <run_address>0x1744</run_address>
         <size>0x113</size>
         <input_file_ref idref="fl-2e"/>
      </object_component>
      <object_component id="oc-93">
         <name>.debug_line</name>
         <load_address>0x1857</load_address>
         <run_address>0x1857</run_address>
         <size>0x3f</size>
         <input_file_ref idref="fl-2f"/>
      </object_component>
      <object_component id="oc-97">
         <name>.debug_line</name>
         <load_address>0x1896</load_address>
         <run_address>0x1896</run_address>
         <size>0x3b</size>
         <input_file_ref idref="fl-30"/>
      </object_component>
      <object_component id="oc-9d">
         <name>.debug_line</name>
         <load_address>0x18d1</load_address>
         <run_address>0x18d1</run_address>
         <size>0x54</size>
         <input_file_ref idref="fl-31"/>
      </object_component>
      <object_component id="oc-a1">
         <name>.debug_line</name>
         <load_address>0x1925</load_address>
         <run_address>0x1925</run_address>
         <size>0x5a</size>
         <input_file_ref idref="fl-32"/>
      </object_component>
      <object_component id="oc-a6">
         <name>.debug_line</name>
         <load_address>0x197f</load_address>
         <run_address>0x197f</run_address>
         <size>0x35</size>
         <input_file_ref idref="fl-33"/>
      </object_component>
      <object_component id="oc-aa">
         <name>.debug_line</name>
         <load_address>0x19b4</load_address>
         <run_address>0x19b4</run_address>
         <size>0x29</size>
         <input_file_ref idref="fl-34"/>
      </object_component>
      <object_component id="oc-ae">
         <name>.debug_line</name>
         <load_address>0x19dd</load_address>
         <run_address>0x19dd</run_address>
         <size>0x5f</size>
         <input_file_ref idref="fl-35"/>
      </object_component>
      <object_component id="oc-b2">
         <name>.debug_line</name>
         <load_address>0x1a3c</load_address>
         <run_address>0x1a3c</run_address>
         <size>0x48</size>
         <input_file_ref idref="fl-36"/>
      </object_component>
      <object_component id="oc-3c">
         <name>.debug_abbrev</name>
         <load_address>0x0</load_address>
         <run_address>0x0</run_address>
         <size>0x121</size>
         <input_file_ref idref="fl-2"/>
      </object_component>
      <object_component id="oc-40">
         <name>.debug_abbrev</name>
         <load_address>0x121</load_address>
         <run_address>0x121</run_address>
         <size>0xc0</size>
         <input_file_ref idref="fl-3"/>
      </object_component>
      <object_component id="oc-42">
         <name>.debug_abbrev</name>
         <load_address>0x1e1</load_address>
         <run_address>0x1e1</run_address>
         <size>0x5b</size>
         <input_file_ref idref="fl-4"/>
      </object_component>
      <object_component id="oc-49">
         <name>.debug_abbrev</name>
         <load_address>0x23c</load_address>
         <run_address>0x23c</run_address>
         <size>0x251</size>
         <input_file_ref idref="fl-5"/>
      </object_component>
      <object_component id="oc-4e">
         <name>.debug_abbrev</name>
         <load_address>0x48d</load_address>
         <run_address>0x48d</run_address>
         <size>0x13b</size>
         <input_file_ref idref="fl-6"/>
      </object_component>
      <object_component id="oc-53">
         <name>.debug_abbrev</name>
         <load_address>0x5c8</load_address>
         <run_address>0x5c8</run_address>
         <size>0x23d</size>
         <input_file_ref idref="fl-7"/>
      </object_component>
      <object_component id="oc-58">
         <name>.debug_abbrev</name>
         <load_address>0x805</load_address>
         <run_address>0x805</run_address>
         <size>0x12e</size>
         <input_file_ref idref="fl-8"/>
      </object_component>
      <object_component id="oc-5f">
         <name>.debug_abbrev</name>
         <load_address>0x933</load_address>
         <run_address>0x933</run_address>
         <size>0x113</size>
         <input_file_ref idref="fl-22"/>
      </object_component>
      <object_component id="oc-63">
         <name>.debug_abbrev</name>
         <load_address>0xa46</load_address>
         <run_address>0xa46</run_address>
         <size>0xbc</size>
         <input_file_ref idref="fl-23"/>
      </object_component>
      <object_component id="oc-67">
         <name>.debug_abbrev</name>
         <load_address>0xb02</load_address>
         <run_address>0xb02</run_address>
         <size>0xbf</size>
         <input_file_ref idref="fl-24"/>
      </object_component>
      <object_component id="oc-6b">
         <name>.debug_abbrev</name>
         <load_address>0xbc1</load_address>
         <run_address>0xbc1</run_address>
         <size>0x94</size>
         <input_file_ref idref="fl-25"/>
      </object_component>
      <object_component id="oc-6f">
         <name>.debug_abbrev</name>
         <load_address>0xc55</load_address>
         <run_address>0xc55</run_address>
         <size>0x43</size>
         <input_file_ref idref="fl-26"/>
      </object_component>
      <object_component id="oc-73">
         <name>.debug_abbrev</name>
         <load_address>0xc98</load_address>
         <run_address>0xc98</run_address>
         <size>0x35</size>
         <input_file_ref idref="fl-27"/>
      </object_component>
      <object_component id="oc-76">
         <name>.debug_abbrev</name>
         <load_address>0xccd</load_address>
         <run_address>0xccd</run_address>
         <size>0x33</size>
         <input_file_ref idref="fl-28"/>
      </object_component>
      <object_component id="oc-7a">
         <name>.debug_abbrev</name>
         <load_address>0xd00</load_address>
         <run_address>0xd00</run_address>
         <size>0xf3</size>
         <input_file_ref idref="fl-29"/>
      </object_component>
      <object_component id="oc-7e">
         <name>.debug_abbrev</name>
         <load_address>0xdf3</load_address>
         <run_address>0xdf3</run_address>
         <size>0x35</size>
         <input_file_ref idref="fl-2a"/>
      </object_component>
      <object_component id="oc-82">
         <name>.debug_abbrev</name>
         <load_address>0xe28</load_address>
         <run_address>0xe28</run_address>
         <size>0x35</size>
         <input_file_ref idref="fl-2b"/>
      </object_component>
      <object_component id="oc-85">
         <name>.debug_abbrev</name>
         <load_address>0xe5d</load_address>
         <run_address>0xe5d</run_address>
         <size>0x35</size>
         <input_file_ref idref="fl-2c"/>
      </object_component>
      <object_component id="oc-89">
         <name>.debug_abbrev</name>
         <load_address>0xe92</load_address>
         <run_address>0xe92</run_address>
         <size>0xa2</size>
         <input_file_ref idref="fl-2d"/>
      </object_component>
      <object_component id="oc-90">
         <name>.debug_abbrev</name>
         <load_address>0xf34</load_address>
         <run_address>0xf34</run_address>
         <size>0x1b1</size>
         <input_file_ref idref="fl-2e"/>
      </object_component>
      <object_component id="oc-94">
         <name>.debug_abbrev</name>
         <load_address>0x10e5</load_address>
         <run_address>0x10e5</run_address>
         <size>0x35</size>
         <input_file_ref idref="fl-2f"/>
      </object_component>
      <object_component id="oc-98">
         <name>.debug_abbrev</name>
         <load_address>0x111a</load_address>
         <run_address>0x111a</run_address>
         <size>0x5f</size>
         <input_file_ref idref="fl-30"/>
      </object_component>
      <object_component id="oc-9e">
         <name>.debug_abbrev</name>
         <load_address>0x1179</load_address>
         <run_address>0x1179</run_address>
         <size>0xe7</size>
         <input_file_ref idref="fl-31"/>
      </object_component>
      <object_component id="oc-a2">
         <name>.debug_abbrev</name>
         <load_address>0x1260</load_address>
         <run_address>0x1260</run_address>
         <size>0x96</size>
         <input_file_ref idref="fl-32"/>
      </object_component>
      <object_component id="oc-a7">
         <name>.debug_abbrev</name>
         <load_address>0x12f6</load_address>
         <run_address>0x12f6</run_address>
         <size>0xa0</size>
         <input_file_ref idref="fl-33"/>
      </object_component>
      <object_component id="oc-ab">
         <name>.debug_abbrev</name>
         <load_address>0x1396</load_address>
         <run_address>0x1396</run_address>
         <size>0xdb</size>
         <input_file_ref idref="fl-34"/>
      </object_component>
      <object_component id="oc-af">
         <name>.debug_abbrev</name>
         <load_address>0x1471</load_address>
         <run_address>0x1471</run_address>
         <size>0x10e</size>
         <input_file_ref idref="fl-35"/>
      </object_component>
      <object_component id="oc-b3">
         <name>.debug_abbrev</name>
         <load_address>0x157f</load_address>
         <run_address>0x157f</run_address>
         <size>0x35</size>
         <input_file_ref idref="fl-36"/>
      </object_component>
      <object_component id="oc-14b">
         <name>.debug_abbrev</name>
         <load_address>0x15b4</load_address>
         <run_address>0x15b4</run_address>
         <size>0xd</size>
      </object_component>
   </object_component_list>
   <logical_group_list>
      <logical_group id="lg-2" display="no" color="cyan">
         <name>.bss</name>
         <run_address>0x200</run_address>
         <size>0x16a</size>
         <contents>
            <object_component_ref idref="oc-43"/>
            <object_component_ref idref="oc-4a"/>
            <object_component_ref idref="oc-4f"/>
            <object_component_ref idref="oc-54"/>
            <object_component_ref idref="oc-59"/>
            <object_component_ref idref="oc-8a"/>
            <object_component_ref idref="oc-99"/>
            <object_component_ref idref="oc-a3"/>
         </contents>
      </logical_group>
      <logical_group id="lg-3" display="no" color="cyan">
         <name>.data</name>
         <run_address>0x200</run_address>
         <size>0x0</size>
         <contents>
         </contents>
      </logical_group>
      <logical_group id="lg-4" display="no" color="cyan">
         <name>.sysmem</name>
         <run_address>0x36c</run_address>
         <size>0x100</size>
         <contents>
            <object_component_ref idref="oc-8d"/>
            <object_component_ref idref="oc-149"/>
         </contents>
      </logical_group>
      <logical_group id="lg-5" display="no" color="cyan">
         <name>.stack</name>
         <run_address>0x5b0</run_address>
         <size>0x50</size>
         <contents>
            <object_component_ref idref="oc-5b"/>
            <object_component_ref idref="oc-148"/>
         </contents>
      </logical_group>
      <logical_group id="lg-6" display="no" color="cyan">
         <name>.text</name>
         <load_address>0x8000</load_address>
         <run_address>0x8000</run_address>
         <size>0x260a</size>
         <contents>
            <object_component_ref idref="oc-f0"/>
            <object_component_ref idref="oc-f8"/>
            <object_component_ref idref="oc-ed"/>
            <object_component_ref idref="oc-d0"/>
            <object_component_ref idref="oc-11b"/>
            <object_component_ref idref="oc-10b"/>
            <object_component_ref idref="oc-f7"/>
            <object_component_ref idref="oc-d5"/>
            <object_component_ref idref="oc-c2"/>
            <object_component_ref idref="oc-f3"/>
            <object_component_ref idref="oc-d8"/>
            <object_component_ref idref="oc-bb"/>
            <object_component_ref idref="oc-e8"/>
            <object_component_ref idref="oc-ff"/>
            <object_component_ref idref="oc-cf"/>
            <object_component_ref idref="oc-cd"/>
            <object_component_ref idref="oc-dd"/>
            <object_component_ref idref="oc-11c"/>
            <object_component_ref idref="oc-119"/>
            <object_component_ref idref="oc-11d"/>
            <object_component_ref idref="oc-c9"/>
            <object_component_ref idref="oc-df"/>
            <object_component_ref idref="oc-e4"/>
            <object_component_ref idref="oc-11a"/>
            <object_component_ref idref="oc-d7"/>
            <object_component_ref idref="oc-c8"/>
            <object_component_ref idref="oc-d6"/>
            <object_component_ref idref="oc-111"/>
            <object_component_ref idref="oc-ee"/>
            <object_component_ref idref="oc-dc"/>
            <object_component_ref idref="oc-101"/>
            <object_component_ref idref="oc-7f"/>
            <object_component_ref idref="oc-f5"/>
            <object_component_ref idref="oc-112"/>
            <object_component_ref idref="oc-c1"/>
            <object_component_ref idref="oc-e1"/>
            <object_component_ref idref="oc-f2"/>
            <object_component_ref idref="oc-db"/>
            <object_component_ref idref="oc-da"/>
            <object_component_ref idref="oc-ec"/>
            <object_component_ref idref="oc-d9"/>
            <object_component_ref idref="oc-c6"/>
            <object_component_ref idref="oc-c4"/>
            <object_component_ref idref="oc-f1"/>
            <object_component_ref idref="oc-c7"/>
            <object_component_ref idref="oc-c5"/>
            <object_component_ref idref="oc-10f"/>
            <object_component_ref idref="oc-ef"/>
            <object_component_ref idref="oc-107"/>
            <object_component_ref idref="oc-11e"/>
            <object_component_ref idref="oc-fe"/>
            <object_component_ref idref="oc-fb"/>
            <object_component_ref idref="oc-fa"/>
            <object_component_ref idref="oc-103"/>
            <object_component_ref idref="oc-105"/>
            <object_component_ref idref="oc-100"/>
            <object_component_ref idref="oc-104"/>
            <object_component_ref idref="oc-102"/>
            <object_component_ref idref="oc-fd"/>
            <object_component_ref idref="oc-de"/>
            <object_component_ref idref="oc-f9"/>
            <object_component_ref idref="oc-d1"/>
            <object_component_ref idref="oc-d2"/>
            <object_component_ref idref="oc-6c"/>
            <object_component_ref idref="oc-7b"/>
            <object_component_ref idref="oc-38"/>
            <object_component_ref idref="oc-b0"/>
            <object_component_ref idref="oc-e0"/>
            <object_component_ref idref="oc-b4"/>
            <object_component_ref idref="oc-d3"/>
            <object_component_ref idref="oc-106"/>
            <object_component_ref idref="oc-118"/>
            <object_component_ref idref="oc-be"/>
            <object_component_ref idref="oc-b5"/>
            <object_component_ref idref="oc-ba"/>
            <object_component_ref idref="oc-b9"/>
            <object_component_ref idref="oc-bd"/>
            <object_component_ref idref="oc-bc"/>
            <object_component_ref idref="oc-b8"/>
            <object_component_ref idref="oc-b7"/>
            <object_component_ref idref="oc-e2"/>
            <object_component_ref idref="oc-e3"/>
            <object_component_ref idref="oc-e5"/>
            <object_component_ref idref="oc-d4"/>
            <object_component_ref idref="oc-ce"/>
            <object_component_ref idref="oc-70"/>
            <object_component_ref idref="oc-10c"/>
            <object_component_ref idref="oc-ca"/>
            <object_component_ref idref="oc-91"/>
            <object_component_ref idref="oc-114"/>
            <object_component_ref idref="oc-cb"/>
            <object_component_ref idref="oc-cc"/>
            <object_component_ref idref="oc-f4"/>
            <object_component_ref idref="oc-e9"/>
            <object_component_ref idref="oc-117"/>
            <object_component_ref idref="oc-f6"/>
            <object_component_ref idref="oc-e6"/>
            <object_component_ref idref="oc-b6"/>
            <object_component_ref idref="oc-10d"/>
            <object_component_ref idref="oc-c0"/>
            <object_component_ref idref="oc-c3"/>
            <object_component_ref idref="oc-bf"/>
         </contents>
      </logical_group>
      <logical_group id="lg-7" display="no" color="cyan">
         <name>.cinit</name>
         <load_address>0xc4bc</load_address>
         <run_address>0xc4bc</run_address>
         <size>0x1c</size>
         <contents>
            <object_component_ref idref="oc-45"/>
            <object_component_ref idref="oc-9b"/>
            <object_component_ref idref="oc-8c"/>
         </contents>
      </logical_group>
      <logical_group id="lg-8" display="no" color="cyan">
         <name>.const</name>
         <load_address>0xa60a</load_address>
         <run_address>0xa60a</run_address>
         <size>0x1eb2</size>
         <contents>
            <object_component_ref idref="oc-e7"/>
            <object_component_ref idref="oc-ea"/>
            <object_component_ref idref="oc-eb"/>
            <object_component_ref idref="oc-110"/>
            <object_component_ref idref="oc-fc"/>
            <object_component_ref idref="oc-108"/>
            <object_component_ref idref="oc-46"/>
            <object_component_ref idref="oc-113"/>
            <object_component_ref idref="oc-10e"/>
            <object_component_ref idref="oc-115"/>
            <object_component_ref idref="oc-116"/>
            <object_component_ref idref="oc-109"/>
            <object_component_ref idref="oc-10a"/>
         </contents>
      </logical_group>
      <logical_group id="lg-9" display="no" color="cyan">
         <name>.cio</name>
         <run_address>0x0</run_address>
         <size>0x0</size>
         <contents>
         </contents>
      </logical_group>
      <logical_group id="lg-a" display="no" color="cyan">
         <name>.pinit</name>
         <run_address>0x0</run_address>
         <size>0x0</size>
         <contents>
         </contents>
      </logical_group>
      <logical_group id="lg-b" display="no" color="cyan">
         <name>.init_array</name>
         <run_address>0x0</run_address>
         <size>0x0</size>
         <contents>
         </contents>
      </logical_group>
      <logical_group id="lg-c" display="no" color="cyan">
         <name>.mspabi.exidx</name>
         <run_address>0x0</run_address>
         <size>0x0</size>
         <contents>
         </contents>
      </logical_group>
      <logical_group id="lg-d" display="no" color="cyan">
         <name>.mspabi.extab</name>
         <run_address>0x0</run_address>
         <size>0x0</size>
         <contents>
         </contents>
      </logical_group>
      <logical_group id="lg-e" display="no" color="cyan">
         <name>.infoA</name>
         <run_address>0x0</run_address>
         <size>0x0</size>
         <contents>
         </contents>
      </logical_group>
      <logical_group id="lg-f" display="no" color="cyan">
         <name>.infoB</name>
         <run_address>0x0</run_address>
         <size>0x0</size>
         <contents>
         </contents>
      </logical_group>
      <logical_group id="lg-10" display="no" color="cyan">
         <name>.infoC</name>
         <run_address>0x0</run_address>
         <size>0x0</size>
         <contents>
         </contents>
      </logical_group>
      <logical_group id="lg-11" display="no" color="cyan">
         <name>.infoD</name>
         <run_address>0x0</run_address>
         <size>0x0</size>
         <contents>
         </contents>
      </logical_group>
      <logical_group id="lg-12" display="no" color="cyan">
         <name>.int00</name>
         <run_address>0x0</run_address>
         <size>0x0</size>
         <contents>
         </contents>
      </logical_group>
      <logical_group id="lg-13" display="no" color="cyan">
         <name>.int01</name>
         <run_address>0x0</run_address>
         <size>0x0</size>
         <contents>
         </contents>
      </logical_group>
      <logical_group id="lg-14" display="no" color="cyan">
         <name>PORT1</name>
         <load_address>0xffe4</load_address>
         <run_address>0xffe4</run_address>
         <size>0x2</size>
         <contents>
            <object_component_ref idref="oc-2d"/>
         </contents>
      </logical_group>
      <logical_group id="lg-16" display="no" color="cyan">
         <name>PORT2</name>
         <load_address>0xffe6</load_address>
         <run_address>0xffe6</run_address>
         <size>0x2</size>
         <contents>
            <object_component_ref idref="oc-2e"/>
         </contents>
      </logical_group>
      <logical_group id="lg-18" display="no" color="cyan">
         <name>.int04</name>
         <run_address>0x0</run_address>
         <size>0x0</size>
         <contents>
         </contents>
      </logical_group>
      <logical_group id="lg-19" display="no" color="cyan">
         <name>ADC10</name>
         <load_address>0xffea</load_address>
         <run_address>0xffea</run_address>
         <size>0x2</size>
         <contents>
[...]
         <object_component_ref idref="oc-ed"/>
      </symbol>
      <symbol id="sm-21a">
         <name>new_food_check</name>
         <value>0x9144</value>
         <object_component_ref idref="oc-ff"/>
      </symbol>
      <symbol id="sm-21b">
         <name>END_GAME_event</name>
         <value>0x8b7e</value>
         <object_component_ref idref="oc-d5"/>
      </symbol>
      <symbol id="sm-21c">
         <name>LCD_UPDATE_event</name>
         <value>0x9624</value>
         <object_component_ref idref="oc-c9"/>
      </symbol>
      <symbol id="sm-21d">
         <name>food_eaten</name>
         <value>0x33a</value>
         <object_component_ref idref="oc-43"/>
      </symbol>
      <symbol id="sm-21e">
         <name>food</name>
         <value>0x326</value>
         <object_component_ref idref="oc-43"/>
      </symbol>
      <symbol id="sm-21f">
         <name>MOVE_SNAKE_event</name>
         <value>0x9386</value>
         <object_component_ref idref="oc-dd"/>
      </symbol>
      <symbol id="sm-220">
         <name>winner</name>
         <value>0x342</value>
         <object_component_ref idref="oc-43"/>
      </symbol>
      <symbol id="sm-221">
         <name>SWITCH_1_event</name>
         <value>0x9a50</value>
         <object_component_ref idref="oc-dc"/>
      </symbol>
      <symbol id="sm-222">
         <name>START_LEVEL_event</name>
         <value>0x8ebe</value>
         <object_component_ref idref="oc-d8"/>
      </symbol>
      <symbol id="sm-223">
         <name>rock</name>
         <value>0x31c</value>
         <object_component_ref idref="oc-43"/>
      </symbol>
      <symbol id="sm-224">
         <name>draw_triangle_food</name>
         <value>0xa14a</value>
         <object_component_ref idref="oc-102"/>
      </symbol>
      <symbol id="sm-225">
         <name>NEW_GAME_event</name>
         <value>0x983a</value>
         <object_component_ref idref="oc-d7"/>
      </symbol>
      <symbol id="sm-226">
         <name>self_hit</name>
         <value>0x322</value>
         <object_component_ref idref="oc-43"/>
      </symbol>
      <symbol id="sm-242">
         <name>WDT_move_cnt</name>
         <value>0x202</value>
         <object_component_ref idref="oc-4a"/>
      </symbol>
      <symbol id="sm-243">
         <name>backlight_cnt</name>
         <value>0x20a</value>
         <object_component_ref idref="oc-4a"/>
      </symbol>
      <symbol id="sm-244">
         <name>TB0_tone_on</name>
         <value>0x20c</value>
         <object_component_ref idref="oc-4a"/>
      </symbol>
      <symbol id="sm-245">
         <name>port1_init</name>
         <value>0xa236</value>
         <object_component_ref idref="oc-d2"/>
      </symbol>
      <symbol id="sm-246">
         <name>tail</name>
         <value>0x21b</value>
         <object_component_ref idref="oc-4a"/>
      </symbol>
      <symbol id="sm-247">
         <name>sys_event</name>
         <value>0x20e</value>
         <object_component_ref idref="oc-4a"/>
      </symbol>
      <symbol id="sm-248">
         <name>level</name>
         <value>0x216</value>
         <object_component_ref idref="oc-4a"/>
      </symbol>
      <symbol id="sm-249">
         <name>main</name>
         <value>0x8ca4</value>
         <object_component_ref idref="oc-c2"/>
      </symbol>
      <symbol id="sm-24a">
         <name>head</name>
         <value>0x21a</value>
         <object_component_ref idref="oc-4a"/>
      </symbol>
      <symbol id="sm-24b">
         <name>game_mode</name>
         <value>0x212</value>
         <object_component_ref idref="oc-4a"/>
      </symbol>
      <symbol id="sm-24c">
         <name>score</name>
         <value>0x214</value>
         <object_component_ref idref="oc-4a"/>
      </symbol>
      <symbol id="sm-24d">
         <name>snake</name>
         <value>0x21c</value>
         <object_component_ref idref="oc-4a"/>
      </symbol>
      <symbol id="sm-24e">
         <name>direction</name>
         <value>0x218</value>
         <object_component_ref idref="oc-4a"/>
      </symbol>
      <symbol id="sm-24f">
         <name>WDT_delay</name>
         <value>0x206</value>
         <object_component_ref idref="oc-4a"/>
      </symbol>
      <symbol id="sm-250">
         <name>watchdogtimer_init</name>
         <value>0xa34c</value>
         <object_component_ref idref="oc-d3"/>
      </symbol>
      <symbol id="sm-251">
         <name>WDT_debounce_cnt</name>
         <value>0x204</value>
         <object_component_ref idref="oc-4a"/>
      </symbol>
      <symbol id="sm-252">
         <name>WDT_cps_cnt</name>
         <value>0x200</value>
         <object_component_ref idref="oc-4a"/>
      </symbol>
      <symbol id="sm-253">
         <name>move_cnt</name>
         <value>0x210</value>
         <object_component_ref idref="oc-4a"/>
      </symbol>
      <symbol id="sm-340">
         <name>lcd_diamond</name>
         <value>0x9590</value>
         <object_component_ref idref="oc-11d"/>
      </symbol>
      <symbol id="sm-341">
         <name>lcd_mode</name>
         <value>0xa4da</value>
         <object_component_ref idref="oc-e5"/>
      </symbol>
      <symbol id="sm-342">
         <name>px_off</name>
         <value>0xc4b0</value>
         <object_component_ref idref="oc-109"/>
      </symbol>
      <symbol id="sm-343">
         <name>lcd_backlight</name>
         <value>0xa554</value>
         <object_component_ref idref="oc-ca"/>
      </symbol>
      <symbol id="sm-344">
         <name>lcd_cursor</name>
         <value>0xa1ac</value>
         <object_component_ref idref="oc-de"/>
      </symbol>
      <symbol id="sm-345">
         <name>lcd_triangle</name>
         <value>0x97bc</value>
         <object_component_ref idref="oc-11a"/>
      </symbol>
      <symbol id="sm-346">
         <name>lcd_volume</name>
         <value>0xa20a</value>
         <object_component_ref idref="oc-d1"/>
      </symbol>
      <symbol id="sm-347">
         <name>lcd_putchar</name>
         <value>0x8a4c</value>
         <object_component_ref idref="oc-f7"/>
      </symbol>
      <symbol id="sm-348">
         <name>lcd_set</name>
         <value>0xa1dc</value>
         <object_component_ref idref="oc-f9"/>
      </symbol>
      <symbol id="sm-349">
         <name>lcd_clear</name>
         <value>0xa5e6</value>
         <object_component_ref idref="oc-e6"/>
      </symbol>
      <symbol id="sm-34a">
         <name>lcd_set_x_y</name>
         <value>0xa04e</value>
         <object_component_ref idref="oc-fa"/>
      </symbol>
      <symbol id="sm-34b">
         <name>lcd_printf</name>
         <value>0xa306</value>
         <object_component_ref idref="oc-e0"/>
      </symbol>
      <symbol id="sm-34c">
         <name>lcd_WD</name>
         <value>0x9996</value>
         <object_component_ref idref="oc-111"/>
      </symbol>
      <symbol id="sm-34d">
         <name>lcd_WD2</name>
         <value>0x9b86</value>
         <object_component_ref idref="oc-112"/>
      </symbol>
      <symbol id="sm-34e">
         <name>lcd_point</name>
         <value>0x8000</value>
         <object_component_ref idref="oc-f0"/>
      </symbol>
      <symbol id="sm-34f">
         <name>lcd_star</name>
         <value>0x9440</value>
         <object_component_ref idref="oc-11c"/>
      </symbol>
      <symbol id="sm-350">
         <name>lcd_init</name>
         <value>0x8612</value>
         <object_component_ref idref="oc-d0"/>
      </symbol>
      <symbol id="sm-351">
         <name>lcd_rectangle</name>
         <value>0x96b4</value>
         <object_component_ref idref="oc-df"/>
      </symbol>
      <symbol id="sm-352">
         <name>cs</name>
         <value>0xc052</value>
         <object_component_ref idref="oc-110"/>
      </symbol>
      <symbol id="sm-353">
         <name>dv3</name>
         <value>0xc34a</value>
         <object_component_ref idref="oc-108"/>
      </symbol>
      <symbol id="sm-354">
         <name>lcd_circle</name>
         <value>0x8798</value>
         <object_component_ref idref="oc-11b"/>
      </symbol>
      <symbol id="sm-355">
         <name>lcd_wordImage</name>
         <value>0x9070</value>
         <object_component_ref idref="oc-e8"/>
      </symbol>
      <symbol id="sm-356">
         <name>lcd_square</name>
         <value>0xa38e</value>
         <object_component_ref idref="oc-118"/>
      </symbol>
      <symbol id="sm-357">
         <name>px_on</name>
         <value>0xc4b6</value>
         <object_component_ref idref="oc-10a"/>
      </symbol>
      <symbol id="sm-384">
         <name>ADC10_ISR</name>
         <value>0xa5f0</value>
         <object_component_ref idref="oc-b6"/>
      </symbol>
      <symbol id="sm-385">
         <name>ADC_read</name>
         <value>0x92ca</value>
         <object_component_ref idref="oc-cd"/>
      </symbol>
      <symbol id="sm-386">
         <name>__TI_int05</name>
         <value>0xffea</value>
         <object_component_ref idref="oc-2f"/>
      </symbol>
      <symbol id="sm-387">
         <name>RBX430_init</name>
         <value>0x920c</value>
         <object_component_ref idref="oc-cf"/>
      </symbol>
      <symbol id="sm-388">
         <name>i2c_fSCL</name>
         <value>0x368</value>
         <object_component_ref idref="oc-54"/>
      </symbol>
      <symbol id="sm-389">
         <name>ERROR2</name>
         <value>0x98b2</value>
         <object_component_ref idref="oc-c8"/>
      </symbol>
      <symbol id="sm-39a">
         <name>_c_int00_noexit</name>
         <value>0xa2ba</value>
         <object_component_ref idref="oc-38"/>
      </symbol>
      <symbol id="sm-39b">
         <name>_c_int00</name>
         <value>0xa2ba</value>
         <object_component_ref idref="oc-38"/>
      </symbol>
      <symbol id="sm-39c">
         <name>_stack</name>
         <value>0x5b0</value>
         <object_component_ref idref="oc-5b"/>
      </symbol>
      <symbol id="sm-39d">
         <name>__TI_dtors_ptr</name>
         <value>0x362</value>
         <object_component_ref idref="oc-59"/>
      </symbol>
      <symbol id="sm-39e">
         <name>__TI_cleanup_ptr</name>
         <value>0x360</value>
         <object_component_ref idref="oc-59"/>
      </symbol>
      <symbol id="sm-39f">
         <name>_reset_vector</name>
         <value>0xfffe</value>
         <object_component_ref idref="oc-5c"/>
      </symbol>
      <symbol id="sm-3c0">
         <name>__remi</name>
         <value>0xa262</value>
         <object_component_ref idref="oc-6c"/>
      </symbol>
      <symbol id="sm-3c1">
         <name>__divi</name>
         <value>0xa262</value>
         <object_component_ref idref="oc-6c"/>
      </symbol>
      <symbol id="sm-3cb">
         <name>__remu</name>
         <value>0xa52a</value>
         <object_component_ref idref="oc-70"/>
      </symbol>
      <symbol id="sm-3cc">
         <name>__divu</name>
         <value>0xa52a</value>
         <object_component_ref idref="oc-70"/>
      </symbol>
      <symbol id="sm-3d5">
         <name>func_epilog_1</name>
         <value>0xa5ac</value>
         <object_component_ref idref="oc-cc"/>
      </symbol>
      <symbol id="sm-3d6">
         <name>func_epilog_2</name>
         <value>0xa5aa</value>
         <object_component_ref idref="oc-cc"/>
      </symbol>
      <symbol id="sm-3d7">
         <name>func_epilog_3</name>
         <value>0xa5a8</value>
         <object_component_ref idref="oc-cc"/>
      </symbol>
      <symbol id="sm-3d8">
         <name>func_epilog_4</name>
         <value>0xa5a6</value>
         <object_component_ref idref="oc-cc"/>
      </symbol>
      <symbol id="sm-3d9">
         <name>func_epilog_5</name>
         <value>0xa5a4</value>
         <object_component_ref idref="oc-cc"/>
      </symbol>
      <symbol id="sm-3da">
         <name>func_epilog_6</name>
         <value>0xa5a2</value>
         <object_component_ref idref="oc-cc"/>
      </symbol>
      <symbol id="sm-3db">
         <name>func_epilog_7</name>
         <value>0xa5a0</value>
         <object_component_ref idref="oc-cc"/>
      </symbol>
      <symbol id="sm-3e6">
         <name>C$$EXIT</name>
         <value>0xa604</value>
         <object_component_ref idref="oc-c3"/>
      </symbol>
      <symbol id="sm-3e7">
         <name>abort</name>
         <value>0xa604</value>
         <object_component_ref idref="oc-c3"/>
      </symbol>
      <symbol id="sm-3e8">
         <name>__TI_exit</name>
         <value>0x1</value>
      </symbol>
      <symbol id="sm-3f0">
         <name>I_LSL</name>
         <value>0xa28e</value>
         <object_component_ref idref="oc-7b"/>
      </symbol>
      <symbol id="sm-3f1">
         <name>I_LSL_3</name>
         <value>0xa2b2</value>
         <object_component_ref idref="oc-7b"/>
      </symbol>
      <symbol id="sm-3f2">
         <name>I_LSL_2</name>
         <value>0xa2b4</value>
         <object_component_ref idref="oc-7b"/>
      </symbol>
      <symbol id="sm-3f3">
         <name>I_LSL_1</name>
         <value>0xa2b6</value>
         <object_component_ref idref="oc-7b"/>
      </symbol>
      <symbol id="sm-3f4">
         <name>I_LSL_7</name>
         <value>0xa2aa</value>
         <object_component_ref idref="oc-7b"/>
      </symbol>
      <symbol id="sm-3f5">
         <name>I_LSL_6</name>
         <value>0xa2ac</value>
         <object_component_ref idref="oc-7b"/>
      </symbol>
      <symbol id="sm-3f6">
         <name>I_LSL_5</name>
         <value>0xa2ae</value>
         <object_component_ref idref="oc-7b"/>
      </symbol>
      <symbol id="sm-3f7">
         <name>I_LSL_4</name>
         <value>0xa2b0</value>
         <object_component_ref idref="oc-7b"/>
      </symbol>
      <symbol id="sm-3f8">
         <name>I_LSL_9</name>
         <value>0xa2a6</value>
         <object_component_ref idref="oc-7b"/>
      </symbol>
      <symbol id="sm-3f9">
         <name>I_LSL_8</name>
         <value>0xa2a8</value>
         <object_component_ref idref="oc-7b"/>
      </symbol>
      <symbol id="sm-3fa">
         <name>I_LSL_12</name>
         <value>0xa2a0</value>
         <object_component_ref idref="oc-7b"/>
      </symbol>
      <symbol id="sm-3fb">
         <name>I_LSL_13</name>
         <value>0xa29e</value>
         <object_component_ref idref="oc-7b"/>
      </symbol>
      <symbol id="sm-3fc">
         <name>I_LSL_10</name>
         <value>0xa2a4</value>
         <object_component_ref idref="oc-7b"/>
      </symbol>
      <symbol id="sm-3fd">
         <name>I_LSL_11</name>
         <value>0xa2a2</value>
         <object_component_ref idref="oc-7b"/>
      </symbol>
      <symbol id="sm-3fe">
         <name>I_LSL_14</name>
         <value>0xa29c</value>
         <object_component_ref idref="oc-7b"/>
      </symbol>
      <symbol id="sm-3ff">
         <name>I_LSL_15</name>
         <value>0xa29a</value>
         <object_component_ref idref="oc-7b"/>
      </symbol>
      <symbol id="sm-407">
         <name>I_LSR</name>
         <value>0x9af0</value>
         <object_component_ref idref="oc-7f"/>
      </symbol>
      <symbol id="sm-408">
         <name>I_LSR_12</name>
         <value>0x9b0a</value>
         <object_component_ref idref="oc-7f"/>
      </symbol>
      <symbol id="sm-409">
         <name>I_LSR_13</name>
         <value>0x9b06</value>
         <object_component_ref idref="oc-7f"/>
      </symbol>
      <symbol id="sm-40a">
         <name>I_LSR_10</name>
         <value>0x9b12</value>
         <object_component_ref idref="oc-7f"/>
      </symbol>
      <symbol id="sm-40b">
         <name>I_LSR_11</name>
         <value>0x9b0e</value>
         <object_component_ref idref="oc-7f"/>
      </symbol>
      <symbol id="sm-40c">
         <name>I_LSR_14</name>
         <value>0x9b02</value>
         <object_component_ref idref="oc-7f"/>
      </symbol>
      <symbol id="sm-40d">
         <name>I_LSR_15</name>
         <value>0x9afe</value>
         <object_component_ref idref="oc-7f"/>
      </symbol>
      <symbol id="sm-40e">
         <name>I_LSR_3</name>
         <value>0x9b2e</value>
         <object_component_ref idref="oc-7f"/>
      </symbol>
      <symbol id="sm-40f">
         <name>I_LSR_2</name>
         <value>0x9b32</value>
         <object_component_ref idref="oc-7f"/>
      </symbol>
      <symbol id="sm-410">
         <name>I_LSR_1</name>
         <value>0x9b36</value>
         <object_component_ref idref="oc-7f"/>
      </symbol>
      <symbol id="sm-411">
         <name>I_LSR_7</name>
         <value>0x9b1e</value>
         <object_component_ref idref="oc-7f"/>
      </symbol>
      <symbol id="sm-412">
         <name>I_LSR_6</name>
         <value>0x9b22</value>
         <object_component_ref idref="oc-7f"/>
      </symbol>
      <symbol id="sm-413">
         <name>I_LSR_5</name>
         <value>0x9b26</value>
         <object_component_ref idref="oc-7f"/>
      </symbol>
      <symbol id="sm-414">
         <name>I_LSR_4</name>
         <value>0x9b2a</value>
         <object_component_ref idref="oc-7f"/>
      </symbol>
      <symbol id="sm-415">
         <name>I_LSR_9</name>
         <value>0x9b16</value>
         <object_component_ref idref="oc-7f"/>
      </symbol>
      <symbol id="sm-416">
         <name>I_LSR_8</name>
         <value>0x9b1a</value>
         <object_component_ref idref="oc-7f"/>
      </symbol>
      <symbol id="sm-420">
         <name>L_LSR</name>
         <value>0xa57c</value>
         <object_component_ref idref="oc-114"/>
      </symbol>
      <symbol id="sm-42c">
         <name>memcpy</name>
         <value>0xa58e</value>
         <object_component_ref idref="oc-cb"/>
      </symbol>
      <symbol id="sm-45d">
         <name>_sys_memory</name>
         <value>0x36c</value>
         <object_component_ref idref="oc-8d"/>
      </symbol>
      <symbol id="sm-45e">
         <name>free</name>
         <value>0x973c</value>
         <object_component_ref idref="oc-e4"/>
      </symbol>
      <symbol id="sm-45f">
         <name>malloc</name>
         <value>0x94e8</value>
         <object_component_ref idref="oc-119"/>
      </symbol>
      <symbol id="sm-460">
         <name>minit</name>
         <value>0x9faa</value>
         <object_component_ref idref="oc-11e"/>
      </symbol>
      <symbol id="sm-46a">
         <name>__mpyi</name>
         <value>0xa568</value>
         <object_component_ref idref="oc-91"/>
      </symbol>
      <symbol id="sm-474">
         <name>_system_pre_init</name>
         <value>0xa600</value>
         <object_component_ref idref="oc-c0"/>
      </symbol>
      <symbol id="sm-485">
         <name>rand</name>
         <value>0x9fe2</value>
         <object_component_ref idref="oc-fe"/>
      </symbol>
      <symbol id="sm-486">
         <name>srand</name>
         <value>0xa512</value>
         <object_component_ref idref="oc-ce"/>
      </symbol>
      <symbol id="sm-491">
         <name>strlen</name>
         <value>0xa5cc</value>
         <object_component_ref idref="oc-117"/>
      </symbol>
      <symbol id="sm-49d">
         <name>_nop</name>
         <value>0xa608</value>
         <object_component_ref idref="oc-bf"/>
      </symbol>
      <symbol id="sm-49e">
         <name>_lock</name>
         <value>0x35c</value>
         <object_component_ref idref="oc-a3"/>
      </symbol>
      <symbol id="sm-49f">
         <name>_unlock</name>
         <value>0x35e</value>
         <object_component_ref idref="oc-a3"/>
      </symbol>
      <symbol id="sm-4a7">
         <name>__TI_args_main</name>
         <value>0x1</value>
      </symbol>
      <symbol id="sm-4b7">
         <name>_auto_init</name>
         <value>0x9bd0</value>
         <object_component_ref idref="oc-c1"/>
      </symbol>
      <symbol id="sm-4b8">
         <name>__TI_auto_init</name>
         <value>0x1</value>
      </symbol>
      <symbol id="sm-4c2">
         <name>__mpyl</name>
         <value>0xa2e0</value>
         <object_component_ref idref="oc-b0"/>
      </symbol>
   </symbol_table>
   <title>Link successful</title>
</link_info>
