******************************************************************************
                  MSP430 Linker PC v4.2.1                      
******************************************************************************
>> Linked Mon Apr 27 23:32:12 2015

OUTPUT FILE NAME:   <Snake.out>
ENTRY POINT SYMBOL: "_c_int00"  address: 0000a2ba


MEMORY CONFIGURATION

         name            origin    length      used     unused   attr    fill
----------------------  --------  ---------  --------  --------  ----  --------
  SFR                   00000000   00000010  00000000  00000010  RWIX
  PERIPHERALS_8BIT      00000010   000000f0  00000000  000000f0  RWIX
  PERIPHERALS_16BIT     00000100   00000100  00000000  00000100  RWIX
  RAM                   00000200   00000400  000002ba  00000146  RWIX
  INFOD                 00001000   00000040  00000000  00000040  RWIX
  INFOC                 00001040   00000040  00000000  00000040  RWIX
  INFOB                 00001080   00000040  00000000  00000040  RWIX
  INFOA                 000010c0   00000040  00000000  00000040  RWIX
  FLASH                 00008000   00007fde  000044d8  00003b06  RWIX
  INT00                 0000ffe0   00000002  00000000  00000002  RWIX
  INT01                 0000ffe2   00000002  00000000  00000002  RWIX
  INT02                 0000ffe4   00000002  00000002  00000000  RWIX
  INT03                 0000ffe6   00000002  00000002  00000000  RWIX
  INT04                 0000ffe8   00000002  00000000  00000002  RWIX
  INT05                 0000ffea   00000002  00000002  00000000  RWIX
  INT06                 0000ffec   00000002  00000002  00000000  RWIX
  INT07                 0000ffee   00000002  00000002  00000000  RWIX
  INT08                 0000fff0   00000002  00000002  00000000  RWIX
  INT09                 0000fff2   00000002  00000002  00000000  RWIX
  INT10                 0000fff4   00000002  00000002  00000000  RWIX
  INT11                 0000fff6   00000002  00000000  00000002  RWIX
  INT12                 0000fff8   00000002  00000002  00000000  RWIX
  INT13                 0000fffa   00000002  00000002  00000000  RWIX
  INT14                 0000fffc   00000002  00000002  00000000  RWIX
  RESET                 0000fffe   00000002  00000002  00000000  RWIX


SECTION ALLOCATION MAP

 output                                  attributes/
section   page    origin      length       input sections
--------  ----  ----------  ----------   ----------------
.pinit     0    00008000    00000000     UNINITIALIZED

.bss       0    00000200    0000016a     UNINITIALIZED
                  00000200    0000011c     snake.obj (.bss)
                  0000031c    00000032     snake_events.obj (.bss)
                  0000034e    00000008     rts430.lib : memory.obj (.bss)
                  00000356    00000006     RBX430_lcd.obj (.bss)
                  0000035c    00000004     rts430.lib : _lock.obj (.bss)
                  00000360    00000004                : boot.obj (.bss)
                  00000364    00000004                : rand.obj (.bss)
                  00000368    00000002     RBX430-1.obj (.bss)

.data      0    00000200    00000000     UNINITIALIZED

.sysmem    0    0000036c    00000100     UNINITIALIZED
                  0000036c    00000004     rts430.lib : memory.obj (.sysmem)
                  00000370    000000fc     --HOLE--

.stack     0    000005b0    00000050     UNINITIALIZED
                  000005b0    00000002     rts430.lib : boot.obj (.stack)
                  000005b2    0000004e     --HOLE--

.text      0    00008000    0000260a     
                  00008000    00000246     RBX430_lcd.obj (.text:lcd_point)
                  00008246    00000244     RBX430_lcd.obj (.text:my_printfi)
                  0000848a    00000188     snake_events.obj (.text:fill_food)
                  00008612    00000186     RBX430_lcd.obj (.text:lcd_init)
                  00008798    0000015a     RBX430_lcd.obj (.text:lcd_circle)
                  000088f2    0000015a     snake_events.obj (.text:replace_food)
                  00008a4c    00000132     RBX430_lcd.obj (.text:lcd_putchar)
                  00008b7e    00000126     snake_events.obj (.text:END_GAME_event)
                  00008ca4    00000116     snake.obj (.text:main)
                  00008dba    00000104     snake_events.obj (.text:food_col)
                  00008ebe    000000de     snake_events.obj (.text:START_LEVEL_event)
                  00008f9c    000000d4     snake_interrupts.obj (.text:WDT_ISR)
                  00009070    000000d4     RBX430_lcd.obj (.text:lcd_wordImage)
                  00009144    000000c8     snake_events.obj (.text:new_food_check)
                  0000920c    000000be     RBX430-1.obj (.text:RBX430_init)
                  000092ca    000000bc     RBX430-1.obj (.text:ADC_read)
                  00009386    000000ba     snake_events.obj (.text:MOVE_SNAKE_event)
                  00009440    000000a8     RBX430_lcd.obj (.text:lcd_star)
                  000094e8    000000a8     rts430.lib : memory.obj (.text:malloc)
                  00009590    00000094     RBX430_lcd.obj (.text:lcd_diamond)
                  00009624    00000090     snake_events.obj (.text:LCD_UPDATE_event)
                  000096b4    00000088     RBX430_lcd.obj (.text:lcd_rectangle)
                  0000973c    00000080     rts430.lib : memory.obj (.text:free)
                  000097bc    0000007e     RBX430_lcd.obj (.text:lcd_triangle)
                  0000983a    00000078     snake_events.obj (.text:NEW_GAME_event)
                  000098b2    00000076     RBX430-1.obj (.text:ERROR2)
                  00009928    0000006e     snake_events.obj (.text:NEXT_LEVEL_event)
                  00009996    0000005e     RBX430_lcd.obj (.text:lcd_WD)
                  000099f4    0000005c     snake_events.obj (.text:fill_rocks)
                  00009a50    00000052     snake_events.obj (.text:SWITCH_1_event)
                  00009aa2    0000004e     snake_events.obj (.text:newFood)
                  00009af0    0000004c     rts430.lib : lsr16.obj (.text)
                  00009b3c    0000004a     snake_events.obj (.text:delete_tail)
                  00009b86    0000004a     RBX430_lcd.obj (.text:lcd_WD2)
                  00009bd0    00000048     rts430.lib : autoinit.obj (.text:_auto_init)
                  00009c18    00000046     RBX430_lcd.obj (.text:DelayMs)
                  00009c5e    00000046     snake_events.obj (.text:rock_col)
                  00009ca4    00000044     snake_events.obj (.text:SWITCH_2_event)
                  00009ce8    00000044     snake_events.obj (.text:SWITCH_3_event)
                  00009d2c    00000044     snake_events.obj (.text:new_snake)
                  00009d70    00000042     snake_events.obj (.text:SWITCH_4_event)
                  00009db2    00000042     snake_events.obj (.text:move_left)
                  00009df4    00000042     snake_events.obj (.text:move_right)
                  00009e36    00000042     snake_events.obj (.text:self_col)
                  00009e78    00000040     snake_events.obj (.text:move_down)
                  00009eb8    00000040     snake_events.obj (.text:move_up)
                  00009ef8    00000040     snakelib.obj (.text:outTone)
                  00009f38    0000003a     snake_events.obj (.text:add_head)
                  00009f72    00000038     RBX430_lcd.obj (.text:ReadDataWord)
                  00009faa    00000038     rts430.lib : memory.obj (.text:minit)
                  00009fe2    00000038                : rand.obj (.text:rand)
                  0000a01a    00000034     RBX430_lcd.obj (.text:WriteDataWord)
                  0000a04e    00000034     RBX430_lcd.obj (.text:lcd_set_x_y)
                  0000a082    00000032     snake_events.obj (.text:draw_circle_food)
                  0000a0b4    00000032     snake_events.obj (.text:draw_diamond_food)
                  0000a0e6    00000032     snake_events.obj (.text:draw_square_food)
                  0000a118    00000032     snake_events.obj (.text:draw_star_food)
                  0000a14a    00000032     snake_events.obj (.text:draw_triangle_food)
                  0000a17c    00000030     snakelib.obj (.text:doDitty)
                  0000a1ac    00000030     RBX430_lcd.obj (.text:lcd_cursor)
                  0000a1dc    0000002e     RBX430_lcd.obj (.text:lcd_set)
                  0000a20a    0000002c     RBX430_lcd.obj (.text:lcd_volume)
                  0000a236    0000002c     snake.obj (.text:port1_init)
                  0000a262    0000002c     rts430.lib : div16s.obj (.text)
                  0000a28e    0000002c                : lsl16.obj (.text)
                  0000a2ba    00000026                : boot.obj (.text:_c_int00_noexit)
                  0000a2e0    00000026                : mult32.obj (.text)
                  0000a306    00000024     RBX430_lcd.obj (.text:lcd_printf)
                  0000a32a    00000022     snake_interrupts.obj (.text:Port_1_ISR)
                  0000a34c    00000022     snake.obj (.text:watchdogtimer_init)
                  0000a36e    00000020     RBX430_lcd.obj (.text:ReadData)
                  0000a38e    00000020     RBX430_lcd.obj (.text:lcd_square)
                  0000a3ae    0000001e     snake_interrupts.obj (.text:NMI_ISR)
                  0000a3cc    0000001e     snake_interrupts.obj (.text:Port_2_ISR)
                  0000a3ea    0000001e     snake_interrupts.obj (.text:TIMERA0_ISR)
                  0000a408    0000001e     snake_interrupts.obj (.text:TIMERA1_ISR)
                  0000a426    0000001e     snake_interrupts.obj (.text:TIMERB0_ISR)
                  0000a444    0000001e     snake_interrupts.obj (.text:TIMERB1_ISR)
                  0000a462    0000001e     snake_interrupts.obj (.text:USCIAB0RX_ISR)
                  0000a480    0000001e     snake_interrupts.obj (.text:USCIAB0TX_ISR)
                  0000a49e    0000001e     RBX430_lcd.obj (.text:WriteCmd)
                  0000a4bc    0000001e     RBX430_lcd.obj (.text:WriteData)
                  0000a4da    0000001e     RBX430_lcd.obj (.text:lcd_mode)
                  0000a4f8    0000001a     snakelib.obj (.text:timerB_init)
                  0000a512    00000018     rts430.lib : rand.obj (.text:srand)
                  0000a52a    00000016                : div16u.obj (.text)
                  0000a540    00000014     snakelib.obj (.text:beep)
                  0000a554    00000014     RBX430_lcd.obj (.text:lcd_backlight)
                  0000a568    00000014     rts430.lib : mult16.obj (.text)
                  0000a57c    00000012                : lsr32.obj (.text:l_lsr)
                  0000a58e    00000012                : memcpy.obj (.text:memcpy)
                  0000a5a0    00000010                : epilog.obj (.text)
                  0000a5b0    0000000e     snakelib.obj (.text:charge)
                  0000a5be    0000000e     snakelib.obj (.text:imperial_march)
                  0000a5cc    0000000e     rts430.lib : strlen.obj (.text:strlen)
                  0000a5da    0000000c     snakelib.obj (.text:rasberry)
                  0000a5e6    0000000a     RBX430_lcd.obj (.text:lcd_clear)
                  0000a5f0    00000008     RBX430-1.obj (.text:ADC10_ISR)
                  0000a5f8    00000008     snakelib.obj (.text:blink)
                  0000a600    00000004     rts430.lib : pre_init.obj (.text:_system_pre_init)
                  0000a604    00000004                : exit.obj (.text:abort)
                  0000a608    00000002                : _lock.obj (.text:_nop)

.const     0    0000a60a    00001eb2     
                  0000a60a    00000f28     snake_images.obj (.const:king_snake_image)
                  0000b532    00000682     snake_images.obj (.const:snake1_image)
                  0000bbb4    0000049e     snake_images.obj (.const:snake_text_image)
                  0000c052    000001e0     RBX430_lcd.obj (.const:cs)
                  0000c232    00000118     snakelib.obj (.const:imperial_march_notes)
                  0000c34a    000000a2     RBX430_lcd.obj (.const:.string:dv3)
                  0000c3ec    0000005c     snake_events.obj (.const:.string)
                  0000c448    0000002c     RBX430_lcd.obj (.const:dv$3)
                  0000c474    00000018     snakelib.obj (.const:Charge)
                  0000c48c    00000011     RBX430_lcd.obj (.const:.string:lHexChar$1)
                  0000c49d    00000001     --HOLE-- [fill = 0]
                  0000c49e    00000011     RBX430_lcd.obj (.const:.string:uHexChar$2)
                  0000c4af    00000001     --HOLE-- [fill = 0]
                  0000c4b0    00000006     RBX430_lcd.obj (.const:px_off)
                  0000c4b6    00000006     RBX430_lcd.obj (.const:px_on)

.cinit     0    0000c4bc    0000001c     
                  0000c4bc    0000000c     snake_events.obj (.cinit)
                  0000c4c8    00000008     rts430.lib : rand.obj (.cinit)
                  0000c4d0    00000006                : memory.obj (.cinit)
                  0000c4d6    00000002     --HOLE-- [fill = 0]

PORT1      0    0000ffe4    00000002     
                  0000ffe4    00000002     snake_interrupts.obj (.int02)

PORT2      0    0000ffe6    00000002     
                  0000ffe6    00000002     snake_interrupts.obj (.int03)

ADC10      0    0000ffea    00000002     
                  0000ffea    00000002     RBX430-1.obj (.int05)

USCIAB0TX 
*          0    0000ffec    00000002     
                  0000ffec    00000002     snake_interrupts.obj (.int06)

USCIAB0RX 
*          0    0000ffee    00000002     
                  0000ffee    00000002     snake_interrupts.obj (.int07)

TIMERA1    0    0000fff0    00000002     
                  0000fff0    00000002     snake_interrupts.obj (.int08)

TIMERA0    0    0000fff2    00000002     
                  0000fff2    00000002     snake_interrupts.obj (.int09)

WDT        0    0000fff4    00000002     
                  0000fff4    00000002     snake_interrupts.obj (.int10)

TIMERB1    0    0000fff8    00000002     
                  0000fff8    00000002     snake_interrupts.obj (.int12)

TIMERB0    0    0000fffa    00000002     
                  0000fffa    00000002     snake_interrupts.obj (.int13)

NMI        0    0000fffc    00000002     
                  0000fffc    00000002     snake_interrupts.obj (.int14)

.reset     0    0000fffe    00000002     
                  0000fffe    00000002     rts430.lib : boot.obj (.reset)


GLOBAL SYMBOLS: SORTED ALPHABETICALLY BY Name 

address    name
--------   ----
00000200   .bss
00000200   .data
00008000   .text
0000004a   ADC10AE0
0000004b   ADC10AE1
000001b0   ADC10CTL0
000001b2   ADC10CTL1
00000048   ADC10DTC0
00000049   ADC10DTC1
000001b4   ADC10MEM
000001bc   ADC10SA
0000a5f0   ADC10_ISR
000092ca   ADC_read
00000057   BCSCTL1
00000058   BCSCTL2
00000053   BCSCTL3
0000a604   C$$EXIT
000010fb   CALBC1_12MHZ
000010f9   CALBC1_16MHZ
000010ff   CALBC1_1MHZ
000010fd   CALBC1_8MHZ
000010fa   CALDCO_12MHZ
000010f8   CALDCO_16MHZ
000010fe   CALDCO_1MHZ
000010fc   CALDCO_8MHZ
0000c474   Charge
00000056   DCOCTL
00008b7e   END_GAME_event
000098b2   ERROR2
00000128   FCTL1
0000012a   FCTL2
0000012c   FCTL3
00000000   IE1
00000001   IE2
00000002   IFG1
00000003   IFG2
0000a28e   I_LSL
0000a2b6   I_LSL_1
0000a2a4   I_LSL_10
0000a2a2   I_LSL_11
0000a2a0   I_LSL_12
0000a29e   I_LSL_13
0000a29c   I_LSL_14
0000a29a   I_LSL_15
0000a2b4   I_LSL_2
0000a2b2   I_LSL_3
0000a2b0   I_LSL_4
0000a2ae   I_LSL_5
0000a2ac   I_LSL_6
0000a2aa   I_LSL_7
0000a2a8   I_LSL_8
0000a2a6   I_LSL_9
00009af0   I_LSR
00009b36   I_LSR_1
00009b12   I_LSR_10
00009b0e   I_LSR_11
00009b0a   I_LSR_12
00009b06   I_LSR_13
00009b02   I_LSR_14
00009afe   I_LSR_15
00009b32   I_LSR_2
00009b2e   I_LSR_3
00009b2a   I_LSR_4
00009b26   I_LSR_5
00009b22   I_LSR_6
00009b1e   I_LSR_7
00009b1a   I_LSR_8
00009b16   I_LSR_9
00009624   LCD_UPDATE_event
0000a57c   L_LSR
00009386   MOVE_SNAKE_event
0000983a   NEW_GAME_event
00009928   NEXT_LEVEL_event
0000a3ae   NMI_ISR
000000c0   OA0CTL0
000000c1   OA0CTL1
000000c2   OA1CTL0
000000c3   OA1CTL1
00000022   P1DIR
00000025   P1IE
00000024   P1IES
00000023   P1IFG
00000020   P1IN
00000021   P1OUT
00000027   P1REN
00000026   P1SEL
0000002a   P2DIR
0000002d   P2IE
0000002c   P2IES
0000002b   P2IFG
00000028   P2IN
00000029   P2OUT
0000002f   P2REN
0000002e   P2SEL
0000001a   P3DIR
00000018   P3IN
00000019   P3OUT
00000010   P3REN
0000001b   P3SEL
0000001e   P4DIR
0000001c   P4IN
0000001d   P4OUT
00000011   P4REN
0000001f   P4SEL
0000a32a   Port_1_ISR
0000a3cc   Port_2_ISR
0000920c   RBX430_init
00008ebe   START_LEVEL_event
00009a50   SWITCH_1_event
00009ca4   SWITCH_2_event
00009ce8   SWITCH_3_event
00009d70   SWITCH_4_event
00000172   TACCR0
00000174   TACCR1
00000176   TACCR2
00000162   TACCTL0
00000164   TACCTL1
00000166   TACCTL2
00000160   TACTL
0000012e   TAIV
00000170   TAR
0000020c   TB0_tone_on
00000192   TBCCR0
00000194   TBCCR1
00000196   TBCCR2
00000182   TBCCTL0
00000184   TBCCTL1
00000186   TBCCTL2
00000180   TBCTL
0000011e   TBIV
00000190   TBR
0000a3ea   TIMERA0_ISR
0000a408   TIMERA1_ISR
0000a426   TIMERB0_ISR
0000a444   TIMERB1_ISR
0000005d   UCA0ABCTL
00000062   UCA0BR0
00000063   UCA0BR1
00000060   UCA0CTL0
00000061   UCA0CTL1
0000005f   UCA0IRRCTL
0000005e   UCA0IRTCTL
00000064   UCA0MCTL
00000066   UCA0RXBUF
00000065   UCA0STAT
00000067   UCA0TXBUF
0000006a   UCB0BR0
0000006b   UCB0BR1
00000068   UCB0CTL0
00000069   UCB0CTL1
0000006c   UCB0I2CIE
00000118   UCB0I2COA
0000011a   UCB0I2CSA
0000006e   UCB0RXBUF
0000006d   UCB0STAT
0000006f   UCB0TXBUF
0000a462   USCIAB0RX_ISR
0000a480   USCIAB0TX_ISR
00000120   WDTCTL
00008f9c   WDT_ISR
00000200   WDT_cps_cnt
00000204   WDT_debounce_cnt
00000206   WDT_delay
00000202   WDT_move_cnt
00000600   __STACK_END
00000050   __STACK_SIZE
00000100   __SYSMEM_SIZE
00000001   __TI_args_main
00000001   __TI_auto_init
00000360   __TI_cleanup_ptr
00000362   __TI_dtors_ptr
00000001   __TI_exit
0000ffe4   __TI_int02
0000ffe6   __TI_int03
0000ffea   __TI_int05
0000ffec   __TI_int06
0000ffee   __TI_int07
0000fff0   __TI_int08
0000fff2   __TI_int09
0000fff4   __TI_int10
0000fff8   __TI_int12
0000fffa   __TI_int13
0000fffc   __TI_int14
ffffffff   __binit__
00000200   __bss__
ffffffff   __c_args__
0000c4bc   __cinit__
00000200   __data__
0000a262   __divi
0000a52a   __divu
00000200   __edata__
0000036a   __end__
0000a60a   __etext__
0000a568   __mpyi
0000a2e0   __mpyl
ffffffff   __pinit__
0000a262   __remi
0000a52a   __remu
00008000   __text__
00009bd0   _auto_init
0000a2ba   _c_int00
0000a2ba   _c_int00_noexit
0000035c   _lock
0000a608   _nop
0000fffe   _reset_vector
000005b0   _stack
0000036c   _sys_memory
0000a600   _system_pre_init
0000035e   _unlock
0000a604   abort
0000020a   backlight_cnt
0000a540   beep
ffffffff   binit
0000a5f8   blink
0000a5b0   charge
0000c4bc   cinit
0000c052   cs
00000344   cur_score
0000033e   cur_time
00000218   direction
0000a17c   doDitty
0000a082   draw_circle_food
0000a0b4   draw_diamond_food
0000a0e6   draw_square_food
0000a118   draw_star_food
0000a14a   draw_triangle_food
0000c34a   dv3
00000200   edata
0000036a   end
0000a60a   etext
0000848a   fill_food
000099f4   fill_rocks
00000326   food
00008dba   food_col
0000033a   food_eaten
00000320   food_hit
0000973c   free
0000a5ac   func_epilog_1
0000a5aa   func_epilog_2
0000a5a8   func_epilog_3
0000a5a6   func_epilog_4
0000a5a4   func_epilog_5
0000a5a2   func_epilog_6
0000a5a0   func_epilog_7
00000212   game_mode
0000021a   head
00000368   i2c_fSCL
0000a5be   imperial_march
0000c232   imperial_march_notes
0000a60a   king_snake_image
00009996   lcd_WD
00009b86   lcd_WD2
0000a554   lcd_backlight
00008798   lcd_circle
0000a5e6   lcd_clear
0000a1ac   lcd_cursor
00009590   lcd_diamond
00008612   lcd_init
0000a4da   lcd_mode
00008000   lcd_point
0000a306   lcd_printf
00008a4c   lcd_putchar
000096b4   lcd_rectangle
0000a1dc   lcd_set
0000a04e   lcd_set_x_y
0000a38e   lcd_square
00009440   lcd_star
000097bc   lcd_triangle
0000a20a   lcd_volume
00009070   lcd_wordImage
00000216   level
00008ca4   main
000094e8   malloc
0000a58e   memcpy
00009faa   minit
00000210   move_cnt
00009aa2   newFood
00009144   new_food_check
00009ef8   outTone
ffffffff   pinit
0000a236   port1_init
0000c4b0   px_off
0000c4b6   px_on
00009fe2   rand
0000a5da   rasberry
000088f2   replace_food
0000031c   rock
00009c5e   rock_col
00000324   rock_hit
00000214   score
00009e36   self_col
00000322   self_hit
0000021c   snake
0000b532   snake1_image
0000033c   snake_size
0000bbb4   snake_text_image
0000a512   srand
0000a5cc   strlen
0000020e   sys_event
0000021b   tail
0000a4f8   timerB_init
00000340   timer_up
0000a34c   watchdogtimer_init
00000342   winner


GLOBAL SYMBOLS: SORTED BY Symbol Address 

address    name
--------   ----
00000000   IE1
00000001   IE2
00000001   __TI_args_main
00000001   __TI_auto_init
00000001   __TI_exit
00000002   IFG1
00000003   IFG2
00000010   P3REN
00000011   P4REN
00000018   P3IN
00000019   P3OUT
0000001a   P3DIR
0000001b   P3SEL
0000001c   P4IN
0000001d   P4OUT
0000001e   P4DIR
0000001f   P4SEL
00000020   P1IN
00000021   P1OUT
00000022   P1DIR
00000023   P1IFG
00000024   P1IES
00000025   P1IE
00000026   P1SEL
00000027   P1REN
00000028   P2IN
00000029   P2OUT
0000002a   P2DIR
0000002b   P2IFG
0000002c   P2IES
0000002d   P2IE
0000002e   P2SEL
0000002f   P2REN
00000048   ADC10DTC0
00000049   ADC10DTC1
0000004a   ADC10AE0
0000004b   ADC10AE1
00000050   __STACK_SIZE
00000053   BCSCTL3
00000056   DCOCTL
00000057   BCSCTL1
00000058   BCSCTL2
0000005d   UCA0ABCTL
0000005e   UCA0IRTCTL
0000005f   UCA0IRRCTL
00000060   UCA0CTL0
00000061   UCA0CTL1
00000062   UCA0BR0
00000063   UCA0BR1
00000064   UCA0MCTL
00000065   UCA0STAT
00000066   UCA0RXBUF
00000067   UCA0TXBUF
00000068   UCB0CTL0
00000069   UCB0CTL1
0000006a   UCB0BR0
0000006b   UCB0BR1
0000006c   UCB0I2CIE
0000006d   UCB0STAT
0000006e   UCB0RXBUF
0000006f   UCB0TXBUF
000000c0   OA0CTL0
000000c1   OA0CTL1
000000c2   OA1CTL0
000000c3   OA1CTL1
00000100   __SYSMEM_SIZE
00000118   UCB0I2COA
0000011a   UCB0I2CSA
0000011e   TBIV
00000120   WDTCTL
00000128   FCTL1
0000012a   FCTL2
0000012c   FCTL3
0000012e   TAIV
00000160   TACTL
00000162   TACCTL0
00000164   TACCTL1
00000166   TACCTL2
00000170   TAR
00000172   TACCR0
00000174   TACCR1
00000176   TACCR2
00000180   TBCTL
00000182   TBCCTL0
00000184   TBCCTL1
00000186   TBCCTL2
00000190   TBR
00000192   TBCCR0
00000194   TBCCR1
00000196   TBCCR2
000001b0   ADC10CTL0
000001b2   ADC10CTL1
000001b4   ADC10MEM
000001bc   ADC10SA
00000200   .bss
00000200   .data
00000200   WDT_cps_cnt
00000200   __bss__
00000200   __data__
00000200   __edata__
00000200   edata
00000202   WDT_move_cnt
00000204   WDT_debounce_cnt
00000206   WDT_delay
0000020a   backlight_cnt
0000020c   TB0_tone_on
0000020e   sys_event
00000210   move_cnt
00000212   game_mode
00000214   score
00000216   level
00000218   direction
0000021a   head
0000021b   tail
0000021c   snake
0000031c   rock
00000320   food_hit
00000322   self_hit
00000324   rock_hit
00000326   food
0000033a   food_eaten
0000033c   snake_size
0000033e   cur_time
00000340   timer_up
00000342   winner
00000344   cur_score
0000035c   _lock
0000035e   _unlock
00000360   __TI_cleanup_ptr
00000362   __TI_dtors_ptr
00000368   i2c_fSCL
0000036a   __end__
0000036a   end
0000036c   _sys_memory
000005b0   _stack
00000600   __STACK_END
000010f8   CALDCO_16MHZ
000010f9   CALBC1_16MHZ
000010fa   CALDCO_12MHZ
000010fb   CALBC1_12MHZ
000010fc   CALDCO_8MHZ
000010fd   CALBC1_8MHZ
000010fe   CALDCO_1MHZ
000010ff   CALBC1_1MHZ
00008000   .text
00008000   __text__
00008000   lcd_point
0000848a   fill_food
00008612   lcd_init
00008798   lcd_circle
000088f2   replace_food
00008a4c   lcd_putchar
00008b7e   END_GAME_event
00008ca4   main
00008dba   food_col
00008ebe   START_LEVEL_event
00008f9c   WDT_ISR
00009070   lcd_wordImage
00009144   new_food_check
0000920c   RBX430_init
000092ca   ADC_read
00009386   MOVE_SNAKE_event
00009440   lcd_star
000094e8   malloc
00009590   lcd_diamond
00009624   LCD_UPDATE_event
000096b4   lcd_rectangle
0000973c   free
000097bc   lcd_triangle
0000983a   NEW_GAME_event
000098b2   ERROR2
00009928   NEXT_LEVEL_event
00009996   lcd_WD
000099f4   fill_rocks
00009a50   SWITCH_1_event
00009aa2   newFood
00009af0   I_LSR
00009afe   I_LSR_15
00009b02   I_LSR_14
00009b06   I_LSR_13
00009b0a   I_LSR_12
00009b0e   I_LSR_11
00009b12   I_LSR_10
00009b16   I_LSR_9
00009b1a   I_LSR_8
00009b1e   I_LSR_7
00009b22   I_LSR_6
00009b26   I_LSR_5
00009b2a   I_LSR_4
00009b2e   I_LSR_3
00009b32   I_LSR_2
00009b36   I_LSR_1
00009b86   lcd_WD2
00009bd0   _auto_init
00009c5e   rock_col
00009ca4   SWITCH_2_event
00009ce8   SWITCH_3_event
00009d70   SWITCH_4_event
00009e36   self_col
00009ef8   outTone
00009faa   minit
00009fe2   rand
0000a04e   lcd_set_x_y
0000a082   draw_circle_food
0000a0b4   draw_diamond_food
0000a0e6   draw_square_food
0000a118   draw_star_food
0000a14a   draw_triangle_food
0000a17c   doDitty
0000a1ac   lcd_cursor
0000a1dc   lcd_set
0000a20a   lcd_volume
0000a236   port1_init
0000a262   __divi
0000a262   __remi
0000a28e   I_LSL
0000a29a   I_LSL_15
0000a29c   I_LSL_14
0000a29e   I_LSL_13
0000a2a0   I_LSL_12
0000a2a2   I_LSL_11
0000a2a4   I_LSL_10
0000a2a6   I_LSL_9
0000a2a8   I_LSL_8
0000a2aa   I_LSL_7
0000a2ac   I_LSL_6
0000a2ae   I_LSL_5
0000a2b0   I_LSL_4
0000a2b2   I_LSL_3
0000a2b4   I_LSL_2
0000a2b6   I_LSL_1
0000a2ba   _c_int00
0000a2ba   _c_int00_noexit
0000a2e0   __mpyl
0000a306   lcd_printf
0000a32a   Port_1_ISR
0000a34c   watchdogtimer_init
0000a38e   lcd_square
0000a3ae   NMI_ISR
0000a3cc   Port_2_ISR
0000a3ea   TIMERA0_ISR
0000a408   TIMERA1_ISR
0000a426   TIMERB0_ISR
0000a444   TIMERB1_ISR
0000a462   USCIAB0RX_ISR
0000a480   USCIAB0TX_ISR
0000a4da   lcd_mode
0000a4f8   timerB_init
0000a512   srand
0000a52a   __divu
0000a52a   __remu
0000a540   beep
0000a554   lcd_backlight
0000a568   __mpyi
0000a57c   L_LSR
0000a58e   memcpy
0000a5a0   func_epilog_7
0000a5a2   func_epilog_6
0000a5a4   func_epilog_5
0000a5a6   func_epilog_4
0000a5a8   func_epilog_3
0000a5aa   func_epilog_2
0000a5ac   func_epilog_1
0000a5b0   charge
0000a5be   imperial_march
0000a5cc   strlen
0000a5da   rasberry
0000a5e6   lcd_clear
0000a5f0   ADC10_ISR
0000a5f8   blink
0000a600   _system_pre_init
0000a604   C$$EXIT
0000a604   abort
0000a608   _nop
0000a60a   __etext__
0000a60a   etext
0000a60a   king_snake_image
0000b532   snake1_image
0000bbb4   snake_text_image
0000c052   cs
0000c232   imperial_march_notes
0000c34a   dv3
0000c474   Charge
0000c4b0   px_off
0000c4b6   px_on
0000c4bc   __cinit__
0000c4bc   cinit
0000ffe4   __TI_int02
0000ffe6   __TI_int03
0000ffea   __TI_int05
0000ffec   __TI_int06
0000ffee   __TI_int07
0000fff0   __TI_int08
0000fff2   __TI_int09
0000fff4   __TI_int10
0000fff8   __TI_int12
0000fffa   __TI_int13
0000fffc   __TI_int14
0000fffe   _reset_vector
ffffffff   __binit__
ffffffff   __c_args__
ffffffff   __pinit__
ffffffff   binit
ffffffff   pinit

[304 symbols]
